******************************************************************************
                  TI ARM Linker PC v18.1.4                     
******************************************************************************
>> Linked Sun Dec  2 05:18:22 2018

OUTPUT FILE NAME:   <Lab5.out>
ENTRY POINT SYMBOL: "_c_int00_noargs"  address: 00014421


MEMORY CONFIGURATION

         name            origin    length      used     unused   attr    fill
----------------------  --------  ---------  --------  --------  ----  --------
  MAIN                  00000000   00040000  00014ba4  0002b45c  R  X
  INFO                  00200000   00004000  00000000  00004000  R  X
  SRAM_CODE             01000000   00010000  000098d9  00006727  RW X
  SRAM_DATA             20000000   00010000  000098d9  00006727  RW  


SEGMENT ALLOCATION MAP

run origin  load origin   length   init length attrs members
----------  ----------- ---------- ----------- ----- -------
00000000    00000000    00014ba8   00014ba8    r-x
  00000000    00000000    000000e4   000000e4    r-- .intvecs
  000000e4    000000e4    0001487a   0001487a    r-x .text
  00014960    00014960    000001d6   000001d6    r-- .const
  00014b38    00014b38    00000070   00000070    r-- .cinit
20000000    20000000    000096d9   00000000    rw-
  20000000    20000000    0000927c   00000000    rw- .bss
  2000927c    2000927c    0000045d   00000000    rw- .data
2000fe00    2000fe00    00000200   00000000    rw-
  2000fe00    2000fe00    00000200   00000000    rw- .stack


SECTION ALLOCATION MAP

 output                                  attributes/
section   page    origin      length       input sections
--------  ----  ----------  ----------   ----------------
.intvecs   0    00000000    000000e4     
                  00000000    000000e4     startup_msp432p401r_ccs.obj (.intvecs:retain)

.text      0    000000e4    0001487a     
                  000000e4    0000d5e0     bmi160.obj (.text)
                  0000d6c4    00001810     bme280.obj (.text)
                  0000eed4    00000c28     bmi160_support.obj (.text)
                  0000fafc    00000a5e     rtsv7M4_T_le_v4SPD16_eabi.lib : _printfi.c.obj (.text:__TI_printfi)
                  0001055a    00000002                                   : div0.asm.obj (.text)
                  0001055c    000007c4     G8RTOS_Scheduler.obj (.text)
                  00010d20    00000360     i2c_driver.obj (.text)
                  00011080    00000350     board.obj (.text)
                  000113d0    00000334     system_msp432p401r.obj (.text)
                  00011704    000002f8     BackChannelUart.obj (.text)
                  000119fc    000002f8     RGBLeds.obj (.text)
                  00011cf4    000002e0     bme280_support.obj (.text)
                  00011fd4    00000270     rtsv7M4_T_le_v4SPD16_eabi.lib : _printfi.c.obj (.text:_pconv_a)
                  00012244    00000234     tmp007.obj (.text)
                  00012478    000001d0     rtsv7M4_T_le_v4SPD16_eabi.lib : _printfi.c.obj (.text:_pconv_g)
                  00012648    000001b6                                   : fd_add_t2.asm.obj (.text)
                  000127fe    000001a0     msp432p4xx_driverlib.lib : pcm.o (.text:__PCM_setPowerStateAdvanced)
                  0001299e    00000002     --HOLE-- [fill = 0]
                  000129a0    00000178     Joystick.obj (.text)
                  00012b18    0000013c     rtsv7M4_T_le_v4SPD16_eabi.lib : _printfi.c.obj (.text:_pconv_e)
                  00012c54    00000136                                   : fd_div_t2.asm.obj (.text)
                  00012d8a    00000002     --HOLE-- [fill = 0]
                  00012d8c    00000124                                   : _printfi.c.obj (.text:fcvt)
                  00012eb0    00000110                                   : s_scalbn.c.obj (.text:scalbn)
                  00012fc0    00000104     msp432p4xx_driverlib.lib : cs.o (.text:CS_getDCOFrequency)
                  000130c4    000000fe     opt3001.obj (.text)
                  000131c2    000000fc     rtsv7M4_T_le_v4SPD16_eabi.lib : fd_mul_t2.asm.obj (.text)
                  000132be    00000002     --HOLE-- [fill = 0]
                  000132c0    000000e0     msp432p4xx_driverlib.lib : cs.o (.text:CS_initClockSignal)
                  000133a0    000000dc                              : pcm.o (.text:__PCM_setPowerModeAdvanced)
                  0001347c    000000b1     rtsv7M4_T_le_v4SPD16_eabi.lib : _printfi.c.obj (.text:_ltostr)
                  0001352d    00000003     --HOLE-- [fill = 0]
                  00013530    000000b0     msp432p4xx_driverlib.lib : pcm.o (.text:__PCM_setCoreVoltageLevelAdvanced)
                  000135e0    000000a0     G8RTOS_Semaphores.obj (.text)
                  00013680    0000009c     msp432p4xx_driverlib.lib : cs.o (.text:CS_startHFXTWithTimeout)
                  0001371c    0000009c                              : cs.o (.text:_CSComputeCLKFrequency)
                  000137b8    0000009c     rtsv7M4_T_le_v4SPD16_eabi.lib : memcpy_t2.asm.obj (.text)
                  00013854    00000096                                   : ull_div_t2.asm.obj (.text)
                  000138ea    00000002     --HOLE-- [fill = 0]
                  000138ec    00000094     msp432p4xx_driverlib.lib : uart.o (.text:UART_initModule)
                  00013980    00000086     rtsv7M4_T_le_v4SPD16_eabi.lib : fd_cmp_t2.asm.obj (.text:__aeabi_cdcmple)
                  00013a06    00000086                                   : fd_cmp_t2.asm.obj (.text:__aeabi_cdrcmple)
                  00013a8c    00000084     ClockSys.obj (.text)
                  00013b10    0000007c     msp432p4xx_driverlib.lib : pcm.o (.text:PCM_gotoLPM3)
                  00013b8c    0000007a     rtsv7M4_T_le_v4SPD16_eabi.lib : memset_t2.asm.obj (.text)
                  00013c06    00000002     --HOLE-- [fill = 0]
                  00013c08    00000070     msp432p4xx_driverlib.lib : cs.o (.text:_CSGetHFXTFrequency)
                  00013c78    0000006e     rtsv7M4_T_le_v4SPD16_eabi.lib : _printfi.c.obj (.text:_mcpy)
                  00013ce6    0000006e                                   : ll_div_t2.asm.obj (.text)
                  00013d54    00000068                                   : copy_decompress_lzss.c.obj (.text:decompress:lzss:__TI_decompress_lzss)
                  00013dbc    00000064     msp432p4xx_driverlib.lib : interrupt.o (.text:Interrupt_disableInterrupt)
                  00013e20    00000064                              : interrupt.o (.text:Interrupt_enableInterrupt)
                  00013e84    00000064     rtsv7M4_T_le_v4SPD16_eabi.lib : s_frexp.c.obj (.text:frexp)
                  00013ee8    00000056                                   : _printfi.c.obj (.text:_pconv_f)
                  00013f3e    00000054                                   : ltoa.c.obj (.text:ltoa)
                  00013f92    00000052                                   : _printfi.c.obj (.text:_ecpy)
                  00013fe4    00000050     msp432p4xx_driverlib.lib : pcm.o (.text:PCM_shutdownDevice)
                  00014034    00000050                              : sysctl.o (.text:SysCtl_getTLVInfo)
                  00014084    00000050     main.obj (.text)
                  000140d4    0000004c     G8RTOS_SchedulerASM.obj (.text)
                  00014120    0000004c     msp432p4xx_driverlib.lib : gpio.o (.text:GPIO_setAsPeripheralModuleFunctionOutputPin)
                  0001416c    0000004c                              : cs.o (.text:_CSGetDOCFrequency)
                  000141b8    0000004c     rtsv7M4_T_le_v4SPD16_eabi.lib : atoi.c.obj (.text:atoi)
                  00014204    0000004c                                   : snprintf.c.obj (.text:snprintf)
                  00014250    00000048     msp432p4xx_driverlib.lib : gpio.o (.text:GPIO_setAsPeripheralModuleFunctionInputPin)
                  00014298    00000048                              : cs.o (.text:_CSGetDividerValue)
                  000142e0    00000048     rtsv7M4_T_le_v4SPD16_eabi.lib : fd_toi_t2.asm.obj (.text)
                  00014328    00000044                                   : autoinit.c.obj (.text:__TI_auto_init_nobinit_nopinit:__TI_auto_init_nobinit_nopinit)
                  0001436c    0000003e     msp432p4xx_driverlib.lib : i2c.o (.text:I2C_initMaster)
                  000143aa    0000003e     rtsv7M4_T_le_v4SPD16_eabi.lib : _printfi.c.obj (.text:_fcpy)
                  000143e8    00000038     msp432p4xx_driverlib.lib : i2c.o (.text:I2C_masterSendMultiByteStart)
                  00014420    00000038     rtsv7M4_T_le_v4SPD16_eabi.lib : boot_cortex_m.c.obj (.text:_c_int00_noargs:_c_int00_noargs)
                  00014458    00000034     BSP.obj (.text)
                  0001448c    00000030     msp432p4xx_driverlib.lib : i2c.o (.text:I2C_masterSendMultiByteStop)
                  000144bc    00000030     rtsv7M4_T_le_v4SPD16_eabi.lib : snprintf.c.obj (.text:_outs)
                  000144ec    0000002e                                   : i_tofd_t2.asm.obj (.text)
                  0001451a    0000002c     msp432p4xx_driverlib.lib : pcm.o (.text:PCM_getCoreVoltageLevel)
                  00014546    0000002a                              : pcm.o (.text:PCM_getPowerMode)
                  00014570    00000028                              : flash.o (.text:FlashCtl_setWaitState)
                  00014598    00000028                              : pcm.o (.text:PCM_gotoLPM0)
                  000145c0    00000026     demo_sysctl.obj (.text)
                  000145e6    00000002     --HOLE-- [fill = 0]
                  000145e8    00000024     msp432p4xx_driverlib.lib : cs.o (.text:CS_clearInterruptFlag)
                  0001460c    00000024                              : cs.o (.text:CS_setDCOCenteredFrequency)
                  00014630    00000024                              : i2c.o (.text:I2C_masterSendMultiByteNext)
                  00014654    00000024                              : interrupt.o (.text:Interrupt_setPriority)
                  00014678    00000024                              : rtc_c.o (.text:RTC_C_holdClock)
                  0001469c    00000024                              : uart.o (.text:UART_transmitData)
                  000146c0    0000001c     rtsv7M4_T_le_v4SPD16_eabi.lib : memccpy.c.obj (.text:memccpy)
                  000146dc    00000018     msp432p4xx_driverlib.lib : cs.o (.text:CS_getMCLK)
                  000146f4    00000018                              : cs.o (.text:CS_getSMCLK)
                  0001470c    00000018                              : wdt_a.o (.text:WDT_A_clearTimer)
                  00014724    00000018                              : wdt_a.o (.text:WDT_A_holdTimer)
                  0001473c    00000018     rtsv7M4_T_le_v4SPD16_eabi.lib : snprintf.c.obj (.text:_outc)
                  00014754    00000018                                   : ll_mul_t2.asm.obj (.text)
                  0001476c    00000016                                   : strchr.c.obj (.text:strchr)
                  00014782    00000002     --HOLE-- [fill = 0]
                  00014784    00000014     msp432p4xx_driverlib.lib : cs.o (.text:CS_setExternalClockSourceFrequency)
                  00014798    00000014                              : i2c.o (.text:I2C_isBusBusy)
                  000147ac    00000014                              : systick.o (.text:SysTick_enableInterrupt)
                  000147c0    00000014                              : systick.o (.text:SysTick_enableModule)
                  000147d4    00000014     rtsv7M4_T_le_v4SPD16_eabi.lib : s_copysign.c.obj (.text:copysign)
                  000147e8    00000014                                   : strlen.c.obj (.text:strlen)
                  000147fc    00000012                                   : wcslen.c.obj (.text:wcslen)
                  0001480e    00000010     msp432p4xx_driverlib.lib : i2c.o (.text:I2C_masterReceiveStart)
                  0001481e    00000010                              : interrupt.o (.text:Interrupt_enableMaster)
                  0001482e    00000010                              : pcm.o (.text:PCM_gotoLPM4)
                  0001483e    00000002     --HOLE-- [fill = 0]
                  00014840    00000010                              : sysctl.o (.text:SysCtl_disableNMISource)
                  00014850    00000010                              : sysctl.o (.text:SysCtl_enableNMISource)
                  00014860    0000000e     G8RTOS_CriticalSection.obj (.text)
                  0001486e    0000000e     msp432p4xx_driverlib.lib : i2c.o (.text:I2C_clearInterruptFlag)
                  0001487c    0000000e                              : i2c.o (.text:I2C_disableInterrupt)
                  0001488a    0000000e     rtsv7M4_T_le_v4SPD16_eabi.lib : copy_decompress_none.c.obj (.text:decompress:none:__TI_decompress_none)
                  00014898    0000000e     startup_msp432p401r_ccs.obj (.text)
                  000148a6    0000000c     msp432p4xx_driverlib.lib : cpu.o (.text:CPU_cpsie)
                  000148b2    0000000c                              : i2c.o (.text:I2C_disableModule)
                  000148be    0000000c                              : i2c.o (.text:I2C_enableModule)
                  000148ca    00000002     --HOLE-- [fill = 0]
                  000148cc    0000000c                              : pcm.o (.text:PCM_getPowerState)
                  000148d8    0000000c                              : sysctl.o (.text:SysCtl_getNMISourceStatus)
                  000148e4    0000000c                              : systick.o (.text:SysTick_setPeriod)
                  000148f0    0000000c                              : uart.o (.text:UART_enableModule)
                  000148fc    0000000c     rtsv7M4_T_le_v4SPD16_eabi.lib : copy_zero_init.c.obj (.text:decompress:ZI:__TI_zero_init)
                  00014908    00000008     msp432p4xx_driverlib.lib : i2c.o (.text:I2C_enableInterrupt)
                  00014910    00000008                              : pcm.o (.text:PCM_setCoreVoltageLevel)
                  00014918    00000008                              : pcm.o (.text:PCM_setPowerMode)
                  00014920    00000008                              : pcm.o (.text:PCM_setPowerState)
                  00014928    00000008     rtsv7M4_T_le_v4SPD16_eabi.lib : errno.c.obj (.text:__aeabi_errno_addr)
                  00014930    00000006     msp432p4xx_driverlib.lib : cs.o (.text:CS_startHFXT)
                  00014936    00000006                              : i2c.o (.text:I2C_getEnabledInterruptStatus)
                  0001493c    00000006                              : i2c.o (.text:I2C_getInterruptStatus)
                  00014942    00000006                              : i2c.o (.text:I2C_masterReceiveMultiByteNext)
                  00014948    00000006     demo_sysctl.obj (.text:SysCtlDelay)
                  0001494e    00000004     msp432p4xx_driverlib.lib : cpu.o (.text:CPU_wfi)
                  00014952    00000004                              : i2c.o (.text:I2C_setSlaveAddress)
                  00014956    00000004     rtsv7M4_T_le_v4SPD16_eabi.lib : pre_init.c.obj (.text:_system_pre_init)
                  0001495a    00000004                                   : exit.c.obj (.text:abort:abort)

.const     0    00014960    000001d6     
                  00014960    00000101     rtsv7M4_T_le_v4SPD16_eabi.lib : ctype.c.obj (.const:.string:_ctypes_)
                  00014a61    00000003     bmi160.obj (.const:.string:INVALID_OFFSET)
                  00014a64    00000050     msp432p4xx_driverlib.lib : interrupt.o (.const:g_pulRegs)
                  00014ab4    00000040                              : interrupt.o (.const)
                  00014af4    00000024     BackChannelUart.obj (.const:backChannelUart115200Config)
                  00014b18    0000000c     bmi160.obj (.const:yas532_version_ac_coef)
                  00014b24    00000008     bmi160.obj (.const:v_calib_data$2)
                  00014b2c    00000005     bme280_support.obj (.const:.string:$P$T0$1)
                  00014b31    00000005     bmi160.obj (.const:.string:v_correct_u8$1)

.cinit     0    00014b38    00000070     
                  00014b38    00000046     (.cinit..data.load) [load image, compression = lzss]
                  00014b7e    00000002     --HOLE-- [fill = 0]
                  00014b80    0000000c     (__TI_handler_table)
                  00014b8c    00000004     --HOLE-- [fill = 0]
                  00014b90    00000008     (.cinit..bss.load) [load image, compression = zero_init]
                  00014b98    00000010     (__TI_cinit_table)

.init_array 
*          0    00000000    00000000     UNINITIALIZED

.binit     0    00000000    00000000     

.bss       0    20000000    0000927c     UNINITIALIZED
                  20000000    00008000     G8RTOS_Scheduler.obj (.bss:threadStacks)
                  20008000    00000580     G8RTOS_Scheduler.obj (.bss:threadControlBlocks)
                  20008580    0000036c     (.common:accel_fifo)
                  200088ec    0000036c     (.common:gyro_fifo)
                  20008c58    0000036c     (.common:mag_fifo)
                  20008fc4    00000100     BackChannelUart.obj (.bss:backChannelStringBuff)
                  200090c4    00000090     G8RTOS_Scheduler.obj (.bss:Pthread)
                  20009154    00000070     bmi160.obj (.bss:yas532_data)
                  200091c4    0000003c     (.common:bme280)
                  20009200    00000014     (.common:s_bmi160)
                  20009214    00000010     bmi160.obj (.bss:mag_trim)
                  20009224    00000008     G8RTOS_Scheduler.obj (.bss)
                  2000922c    00000006     (.common:accelxyz)
                  20009232    00000006     (.common:gyroxyz)
                  20009238    00000004     bme280.obj (.bss)
                  2000923c    00000004     bmi160.obj (.bss)
                  20009240    00000004     tmp007.obj (.bss:buf)
                  20009244    00000004     (.common:ButtonFunction)
                  20009248    00000004     (.common:CC3100_WIFI_Semaphore)
                  2000924c    00000004     (.common:Client_Player_Semaphore)
                  20009250    00000004     (.common:CurrentlyRunningThread)
                  20009254    00000004     (.common:GameState_Semaphore)
                  20009258    00000004     (.common:I2C_Semaphore)
                  2000925c    00000004     (.common:LCD_Semaphore)
                  20009260    00000004     (.common:SystemTime)
                  20009264    00000004     (.common:g_ui32ByteCount)
                  20009268    00000004     (.common:hfxtFreq)
                  2000926c    00000004     (.common:lfxtFreq)
                  20009270    00000004     (.common:pData)
                  20009274    00000003     bmi160.obj (.bss:akm_asa_data)
                  20009277    00000001     (.common:IntIsMasked)
                  20009278    00000002     tmp007.obj (.bss)
                  2000927a    00000001     (.common:ui8DummyRead)
                  2000927b    00000001     (.common:ui8Status)

.data      0    2000927c    0000045d     UNINITIALIZED
                  2000927c    00000400     bmi160.obj (.data:v_fifo_data_u8)
                  2000967c    00000030     msp432p4xx_driverlib.lib : gpio.o (.data:GPIO_PORT_TO_BASE)
                  200096ac    00000014     i2c_driver.obj (.data:i2cConfig)
                  200096c0    00000008     bmi160.obj (.data)
                  200096c8    00000004     G8RTOS_Scheduler.obj (.data)
                  200096cc    00000004     board.obj (.data)
                  200096d0    00000004     rtsv7M4_T_le_v4SPD16_eabi.lib : errno.c.obj (.data)
                  200096d4    00000004     system_msp432p401r.obj (.data)
                  200096d8    00000001     i2c_driver.obj (.data)

.stack     0    2000fe00    00000200     UNINITIALIZED
                  2000fe00    00000004     rtsv7M4_T_le_v4SPD16_eabi.lib : boot_cortex_m.c.obj (.stack)
                  2000fe04    000001fc     --HOLE--

MODULE SUMMARY

       Module                        code    ro data   rw data
       ------                        ----    -------   -------
    .\
       system_msp432p401r.obj        820     0         8      
       startup_msp432p401r_ccs.obj   14      228       0      
       main.obj                      80      0         0      
       Game.obj                      0       0         40     
    +--+-----------------------------+-------+---------+---------+
       Total:                        914     228       48     
                                                              
    .\BoardSupportPackage\src\
       bmi160.obj                    54752   28        7590   
       bme280.obj                    6160    0         8      
       bmi160_support.obj            3112    0         64     
       BackChannelUart.obj           760     36        512    
       i2c_driver.obj                864     0         62     
       bme280_support.obj            736     5         120    
       RGBLeds.obj                   760     0         0      
       tmp007.obj                    564     0         12     
       Joystick.obj                  376     0         8      
       opt3001.obj                   254     0         0      
       ClockSys.obj                  132     0         0      
       BSP.obj                       52      0         0      
       demo_sysctl.obj               44      0         0      
    +--+-----------------------------+-------+---------+---------+
       Total:                        68566   69        8376   
                                                              
    .\G8RTOS_Empty_Lab3\
       G8RTOS_Scheduler.obj          1988    0         68680  
       G8RTOS_Semaphores.obj         160     0         0      
       G8RTOS_SchedulerASM.obj       76      0         0      
       G8RTOS_CriticalSection.obj    14      0         0      
    +--+-----------------------------+-------+---------+---------+
       Total:                        2238    0         68680  
                                                              
    .\Libraries\CC3100SupportPackage\board\
       board.obj                     848     0         10     
    +--+-----------------------------+-------+---------+---------+
       Total:                        848     0         10     
                                                              
    ../BoardSupportPackage/DriverLib/msp432p4xx_driverlib.lib
       cs.o                          1202    0         16     
       pcm.o                         1194    0         0      
       interrupt.o                   252     144       0      
       i2c.o                         320     0         0      
       gpio.o                        148     0         96     
       uart.o                        196     0         0      
       sysctl.o                      124     0         0      
       systick.o                     52      0         0      
       wdt_a.o                       48      0         0      
       flash.o                       40      0         0      
       rtc_c.o                       36      0         0      
       cpu.o                         16      0         0      
    +--+-----------------------------+-------+---------+---------+
       Total:                        3628    144       112    
                                                              
    C:\ti\ccsv8\tools\compiler\ti-cgt-arm_18.1.4.LTS\lib\rtsv7M4_T_le_v4SPD16_eabi.lib
       _printfi.c.obj                4867    0         0      
       fd_add_t2.asm.obj             438     0         0      
       fd_div_t2.asm.obj             310     0         0      
       s_scalbn.c.obj                272     0         0      
       fd_cmp_t2.asm.obj             268     0         0      
       ctype.c.obj                   0       257       0      
       fd_mul_t2.asm.obj             252     0         0      
       memcpy_t2.asm.obj             156     0         0      
       ull_div_t2.asm.obj            150     0         0      
       snprintf.c.obj                148     0         0      
       memset_t2.asm.obj             122     0         0      
       ll_div_t2.asm.obj             110     0         0      
       copy_decompress_lzss.c.obj    104     0         0      
       s_frexp.c.obj                 100     0         0      
       ltoa.c.obj                    84      0         0      
       atoi.c.obj                    76      0         0      
       fd_toi_t2.asm.obj             72      0         0      
       autoinit.c.obj                68      0         0      
       boot_cortex_m.c.obj           56      0         0      
       i_tofd_t2.asm.obj             46      0         0      
       memccpy.c.obj                 28      0         0      
       ll_mul_t2.asm.obj             24      0         0      
       strchr.c.obj                  22      0         0      
       s_copysign.c.obj              20      0         0      
       strlen.c.obj                  20      0         0      
       wcslen.c.obj                  18      0         0      
       errno.c.obj                   8       0         8      
       copy_decompress_none.c.obj    14      0         0      
       copy_zero_init.c.obj          12      0         0      
       exit.c.obj                    4       0         0      
       pre_init.c.obj                4       0         0      
       div0.asm.obj                  2       0         0      
    +--+-----------------------------+-------+---------+---------+
       Total:                        7875    257       8      
                                                              
       Stack:                        0       0         1024   
       Linker Generated:             0       106       0      
    +--+-----------------------------+-------+---------+---------+
       Grand Total:                  84069   804       78258  


LINKER GENERATED COPY TABLES

__TI_cinit_table @ 00014b98 records: 2, size/record: 8, table size: 16
	.data: load addr=00014b38, load size=00000046 bytes, run addr=2000927c, run size=0000045d bytes, compression=lzss
	.bss: load addr=00014b90, load size=00000008 bytes, run addr=20000000, run size=0000927c bytes, compression=zero_init


LINKER GENERATED HANDLER TABLE

__TI_handler_table @ 00014b80 records: 3, size/record: 4, table size: 12
	index: 0, handler: __TI_decompress_lzss
	index: 1, handler: __TI_decompress_none
	index: 2, handler: __TI_zero_init


GLOBAL SYMBOLS: SORTED ALPHABETICALLY BY Name 

address   name                                                  
-------   ----                                                  
000148a5  ADC14_IRQHandler                                      
000148a5  AES256_IRQHandler                                     
00011e95  BME280_I2C_bus_read                                   
00011e69  BME280_I2C_bus_write                                  
00011ec1  BME280_SPI_bus_read                                   
00011f27  BME280_SPI_bus_write                                  
00011f97  BME280_delay_msek                                     
00014459  BSP_InitBoard                                         
000117a9  BackChannelEventTrigger                               
00011723  BackChannelInit                                       
000117c1  BackChannelOpt3001PrintRaw                            
0001173f  BackChannelPrint                                      
0001178b  BackChannelPrintIntVariable                           
00011803  BackupChannelBmi160PrintAccel                         
0001182f  BackupChannelBmi160PrintGyro                          
0001185b  BackupChannelBmi160PrintMag                           
000117dd  BackupChannelTmp007PrintRaw                           
000148a5  BusFault_Handler                                      
20009244  ButtonFunction                                        
0001495b  C$$EXIT                                               
000110d7  CC3100_InterruptDisable                               
000110ad  CC3100_InterruptEnable                                
20009248  CC3100_WIFI_Semaphore                                 
00011095  CC3100_disable                                        
000110a1  CC3100_enable                                         
000148a5  COMP_E0_IRQHandler                                    
000148a5  COMP_E1_IRQHandler                                    
000148a7  CPU_cpsie                                             
0001494f  CPU_wfi                                               
000148a5  CS_IRQHandler                                         
000145e9  CS_clearInterruptFlag                                 
00012fc1  CS_getDCOFrequency                                    
000146dd  CS_getMCLK                                            
000146f5  CS_getSMCLK                                           
000132c1  CS_initClockSignal                                    
0001460d  CS_setDCOCenteredFrequency                            
00014785  CS_setExternalClockSourceFrequency                    
00014931  CS_startHFXT                                          
00013681  CS_startHFXTWithTimeout                               
2000924c  Client_Player_Semaphore                               
00013afb  ClockSys_GetSysFreq                                   
00013a8d  ClockSys_SetMaxFreq                                   
20009250  CurrentlyRunningThread                                
000148a5  DMA_ERR_IRQHandler                                    
000148a5  DMA_INT0_IRQHandler                                   
000148a5  DMA_INT1_IRQHandler                                   
000148a5  DMA_INT2_IRQHandler                                   
000148a5  DMA_INT3_IRQHandler                                   
000148a5  DebugMon_Handler                                      
000148a5  Default_Handler                                       
00011333  Delay                                                 
000145c1  DelayMs                                               
00012a81  Disable_Joystick_Interrupt                            
00011381  EUSCIA0_IRQHandler                                    
00011381  EUSCIA0_IRQHandler                                    
000148a5  EUSCIA1_IRQHandler                                    
000148a5  EUSCIA2_IRQHandler                                    
000148a5  EUSCIA3_IRQHandler                                    
000148a5  EUSCIB0_IRQHandler                                    
00010fb9  EUSCIB1_IRQHandler                                    
00010fb9  EUSCIB1_IRQHandler                                    
000148a5  EUSCIB2_IRQHandler                                    
000148a5  EUSCIB3_IRQHandler                                    
00014869  EndCriticalSection                                    
000148a5  FLCTL_IRQHandler                                      
000148a5  FPU_IRQHandler                                        
00014571  FlashCtl_setWaitState                                 
00010c1d  G8RTOS_AddAPeriodicEvent                              
000109f5  G8RTOS_AddPeriodicEvent                               
000107e9  G8RTOS_AddThread                                      
00010ad3  G8RTOS_GetThreadId                                    
00010725  G8RTOS_Init                                           
000135ed  G8RTOS_InitSemaphore                                  
00010c8d  G8RTOS_KillAllOtherThreads                            
00010bb5  G8RTOS_KillSelf                                       
00010ae9  G8RTOS_KillThread                                     
00010751  G8RTOS_Launch                                         
000105f9  G8RTOS_Scheduler                                      
00013635  G8RTOS_SignalSemaphore                                
000140d9  G8RTOS_Start                                          
00013607  G8RTOS_WaitSemaphore                                  
00014251  GPIO_setAsPeripheralModuleFunctionInputPin            
00014121  GPIO_setAsPeripheralModuleFunctionOutputPin           
20009254  GameState_Semaphore                                   
00012a97  GetJoystickCoordinates                                
0001127f  GetLEDStatus                                          
000148a5  HardFault_Handler                                     
20009258  I2C_Semaphore                                         
0001486f  I2C_clearInterruptFlag                                
0001487d  I2C_disableInterrupt                                  
000148b3  I2C_disableModule                                     
00014909  I2C_enableInterrupt                                   
000148bf  I2C_enableModule                                      
00014937  I2C_getEnabledInterruptStatus                         
0001493d  I2C_getInterruptStatus                                
0001436d  I2C_initMaster                                        
00014799  I2C_isBusBusy                                         
00014943  I2C_masterReceiveMultiByteNext                        
0001480f  I2C_masterReceiveStart                                
00014631  I2C_masterSendMultiByteNext                           
000143e9  I2C_masterSendMultiByteStart                          
0001448d  I2C_masterSendMultiByteStop                           
00011e37  I2C_routine                                           
00014953  I2C_setSlaveAddress                                   
20009277  IntIsMasked                                           
00013dbd  Interrupt_disableInterrupt                            
00013e21  Interrupt_enableInterrupt                             
0001481f  Interrupt_enableMaster                                
00014655  Interrupt_setPriority                                 
000129cd  Joystick_Init_Without_Interrupt                       
00012a2b  Joystick_Push_Button_Init_With_Interrupt              
2000925c  LCD_Semaphore                                         
000119fd  LP3943_LedModeSet                                     
000110f5  MaskIntHdlr                                           
000148a5  MemManage_Handler                                     
000148a5  NMI_Handler                                           
000148a5  PCM_IRQHandler                                        
0001451b  PCM_getCoreVoltageLevel                               
00014547  PCM_getPowerMode                                      
000148cd  PCM_getPowerState                                     
00014599  PCM_gotoLPM0                                          
00013b11  PCM_gotoLPM3                                          
0001482f  PCM_gotoLPM4                                          
00014911  PCM_setCoreVoltageLevel                               
00014919  PCM_setPowerMode                                      
00014921  PCM_setPowerState                                     
00013fe5  PCM_shutdownDevice                                    
00011331  PORT1_IRQHandler                                      
00011331  PORT1_IRQHandler                                      
0001135b  PORT2_IRQHandler                                      
0001135b  PORT2_IRQHandler                                      
000148a5  PORT3_IRQHandler                                      
000148a5  PORT4_IRQHandler                                      
000148a5  PORT5_IRQHandler                                      
000148a5  PORT6_IRQHandler                                      
000148a5  PSS_IRQHandler                                        
000140f9  PendSV_Handler                                        
000140f9  PendSV_Handler                                        
000148a5  RTC_C_IRQHandler                                      
00014679  RTC_C_holdClock                                       
00014899  Reset_Handler                                         
00011e53  SPI_routine                                           
000148a5  SVC_Handler                                           
000112ed  SelAntenna                                            
000135e1  StartContextSwitch                                    
00014861  StartCriticalSection                                  
00014949  SysCtlDelay                                           
00014841  SysCtl_disableNMISource                               
00014851  SysCtl_enableNMISource                                
000148d9  SysCtl_getNMISourceStatus                             
00014035  SysCtl_getTLVInfo                                     
0001067b  SysTick_Handler                                       
0001067b  SysTick_Handler                                       
000147ad  SysTick_enableInterrupt                               
000147c1  SysTick_enableModule                                  
000148e5  SysTick_setPeriod                                     
200096d4  SystemCoreClock                                       
000113d1  SystemCoreClockUpdate                                 
00011649  SystemInit                                            
20009260  SystemTime                                            
000148a5  T32_INT1_IRQHandler                                   
000148a5  T32_INT2_IRQHandler                                   
000148a5  T32_INTC_IRQHandler                                   
000148a5  TA0_0_IRQHandler                                      
000148a5  TA0_N_IRQHandler                                      
000148a5  TA1_0_IRQHandler                                      
000148a5  TA1_N_IRQHandler                                      
000148a5  TA2_0_IRQHandler                                      
000148a5  TA2_N_IRQHandler                                      
000148a5  TA3_0_IRQHandler                                      
000148a5  TA3_N_IRQHandler                                      
000148f1  UART_enableModule                                     
000138ed  UART_initModule                                       
0001469d  UART_transmitData                                     
000110fd  UnMaskIntHdlr                                         
000148a5  UsageFault_Handler                                    
200096c0  V_bmm150_maual_auto_condition_u8                      
200096c4  V_fifo_time_U32                                       
4000480c  WDTCTL_SYM                                            
000148a5  WDT_A_IRQHandler                                      
0001470d  WDT_A_clearTimer                                      
00014725  WDT_A_holdTimer                                       
20010000  __STACK_END                                           
00000200  __STACK_SIZE                                          
00014b98  __TI_CINIT_Base                                       
00014ba8  __TI_CINIT_Limit                                      
00014b80  __TI_Handler_Table_Base                               
00014b8c  __TI_Handler_Table_Limit                              
00014329  __TI_auto_init_nobinit_nopinit                        
00013d55  __TI_decompress_lzss                                  
0001488b  __TI_decompress_none                                  
ffffffff  __TI_pprof_out_hndl                                   
0000fafd  __TI_printfi                                          
ffffffff  __TI_prof_data_size                                   
ffffffff  __TI_prof_data_start                                  
00000000  __TI_static_base__                                    
000148fd  __TI_zero_init                                        
00013981  __aeabi_cdcmpeq                                       
00013981  __aeabi_cdcmple                                       
00013a07  __aeabi_cdrcmple                                      
000142e1  __aeabi_d2iz                                          
00012653  __aeabi_dadd                                          
00012c55  __aeabi_ddiv                                          
000131c3  __aeabi_dmul                                          
00012649  __aeabi_dsub                                          
00014929  __aeabi_errno_addr                                    
000144ed  __aeabi_i2d                                           
0001055b  __aeabi_idiv0                                         
0001055b  __aeabi_ldiv0                                         
00013ce7  __aeabi_ldivmod                                       
00014755  __aeabi_lmul                                          
00013b8d  __aeabi_memclr                                        
00013b8d  __aeabi_memclr4                                       
00013b8d  __aeabi_memclr8                                       
000137b9  __aeabi_memcpy                                        
000137b9  __aeabi_memcpy4                                       
000137b9  __aeabi_memcpy8                                       
00013b8f  __aeabi_memset                                        
00013b8f  __aeabi_memset4                                       
00013b8f  __aeabi_memset8                                       
00013855  __aeabi_uldivmod                                      
ffffffff  __binit__                                             
ffffffff  __c_args__                                            
UNDEFED   __mpu_init                                            
2000fe00  __stack                                               
00014421  _c_int00_noargs                                       
00014960  _ctypes_                                              
UNDEFED   _system_post_cinit                                    
00014957  _system_pre_init                                      
0001495b  abort                                                 
20008580  accel_fifo                                            
2000922c  accelxyz                                              
000141b9  atoi                                                  
ffffffff  binit                                                 
200091c4  bme280                                                
0000da03  bme280_compensate_humidity_int32                      
0000dab9  bme280_compensate_humidity_int32_sixteen_bit_output   
0000d87d  bme280_compensate_pressure_int32                      
0000ec41  bme280_compensate_pressure_int64                      
0000ee43  bme280_compensate_pressure_int64_twentyfour_bit_output
0000d77b  bme280_compensate_temperature_int32                   
0000d7f3  bme280_compensate_temperature_int32_sixteen_bit_output
0000ee5d  bme280_compute_wait_time                              
00011cf5  bme280_data_readout_template                          
0000dbd3  bme280_get_calib_param                                
0000e693  bme280_get_filter                                     
0000e9f7  bme280_get_forced_uncomp_pressure_temperature_humidity
0000e0ef  bme280_get_oversamp_humidity                          
0000df37  bme280_get_oversamp_pressure                          
0000dd75  bme280_get_oversamp_temperature                       
0000e2dd  bme280_get_power_mode                                 
0000e4e5  bme280_get_spi3                                       
0000e847  bme280_get_standby_durn                               
0000d6c5  bme280_init                                           
00011de1  bme280_initialize_sensor                              
0000db73  bme280_read_pressure_temperature_humidity             
0000ebfb  bme280_read_register                                  
0000d9ad  bme280_read_uncomp_humidity                           
0000d81d  bme280_read_uncomp_pressure                           
0000dae1  bme280_read_uncomp_pressure_temperature_humidity      
0000d71b  bme280_read_uncomp_temperature                        
0000e6e3  bme280_set_filter                                     
0000e149  bme280_set_oversamp_humidity                          
0000df93  bme280_set_oversamp_pressure                          
0000ddd1  bme280_set_oversamp_temperature                       
0000e32b  bme280_set_power_mode                                 
0000e4a5  bme280_set_soft_rst                                   
0000e533  bme280_set_spi3                                       
0000e897  bme280_set_standby_durn                               
0000ebb5  bme280_write_register                                 
00007511  bmi160_accel_foc_trigger_xyz                          
0000ac11  bmi160_bmm150_mag_compensate_X                        
0000acbb  bmi160_bmm150_mag_compensate_Y                        
0000ad65  bmi160_bmm150_mag_compensate_Z                        
0000abb5  bmi160_bmm150_mag_compensate_xyz                      
0000ae05  bmi160_bmm150_mag_interface_init                      
0000b2a7  bmi160_bmm150_mag_set_power_mode                      
0000b0b1  bmi160_bmm150_mag_wakeup                              
0000c00d  bmi160_bst_akm_compensate_X                           
0000c03f  bmi160_bst_akm_compensate_Y                           
0000c071  bmi160_bst_akm_compensate_Z                           
0000c0a3  bmi160_bst_akm_compensate_xyz                         
0000bc05  bmi160_bst_akm_mag_interface_init                     
0000c0f1  bmi160_bst_akm_set_powermode                          
0000caa1  bmi160_bst_yamaha_yas532_calib_values                 
0000c47b  bmi160_bst_yamaha_yas532_mag_interface_init           
0000d4e1  bmi160_bst_yas532_acquisition_command_register        
0000c911  bmi160_bst_yas532_magnetic_measure_set_offset         
0000d069  bmi160_bst_yas532_measurement_xyz_data                
0000cef5  bmi160_bst_yas532_normal_measurement_data             
0000c7b1  bmi160_bst_yas532_set_initial_values                  
0000d5a5  bmi160_bst_yas532_set_offset                          
0000ce59  bmi160_bst_yas532_xy1y2_to_linear                     
000095c1  bmi160_clear_step_counter                             
0000ef11  bmi160_config_running_mode                            
0000fac1  bmi160_delay_ms                                       
00001805  bmi160_fifo_data                                      
000017a5  bmi160_fifo_length                                    
0000191d  bmi160_get_accel_bw                                   
00000e21  bmi160_get_accel_data_rdy                             
000021f7  bmi160_get_accel_fifo_filter_data                     
000086ab  bmi160_get_accel_offset_compensation_xaxis            
00008791  bmi160_get_accel_offset_compensation_yaxis            
0000887b  bmi160_get_accel_offset_compensation_zaxis            
00008edb  bmi160_get_accel_offset_enable                        
0000183f  bmi160_get_accel_output_data_rate                     
00000481  bmi160_get_accel_power_mode_stat                      
00001ad9  bmi160_get_accel_range                                
0000829d  bmi160_get_accel_selftest_amp                         
000080e7  bmi160_get_accel_selftest_axis                        
000081bf  bmi160_get_accel_selftest_sign                        
000019ff  bmi160_get_accel_under_sampling_parameter             
00000d85  bmi160_get_data_rdy_mag                               
000002b5  bmi160_get_drop_cmd_err                               
00000219  bmi160_get_err_code                                   
00000351  bmi160_get_error_status                               
000001cd  bmi160_get_fatal_err                                  
000028a5  bmi160_get_fifo_accel_enable                          
0000212f  bmi160_get_fifo_down_accel                            
00001f87  bmi160_get_fifo_down_gyro                             
00002985  bmi160_get_fifo_gyro_enable                           
000026f1  bmi160_get_fifo_header_enable                         
000027cb  bmi160_get_fifo_mag_enable                            
0000235f  bmi160_get_fifo_stop_on_full                          
000025ff  bmi160_get_fifo_tag_intr1_enable                      
00002511  bmi160_get_fifo_tag_intr2_enable                      
00002437  bmi160_get_fifo_time_enable                           
000022d1  bmi160_get_fifo_wm                                    
000070db  bmi160_get_foc_accel_x                                
00007001  bmi160_get_foc_accel_y                                
00006f3b  bmi160_get_foc_accel_z                                
0000775b  bmi160_get_foc_gyro_enable                            
00000ce5  bmi160_get_foc_rdy                                    
00001ce5  bmi160_get_gyro_bw                                    
00000dd3  bmi160_get_gyro_data_rdy                              
00002055  bmi160_get_gyro_fifo_filter_data                      
00008961  bmi160_get_gyro_offset_compensation_xaxis             
00008b31  bmi160_get_gyro_offset_compensation_yaxis             
00008d09  bmi160_get_gyro_offset_compensation_zaxis             
00008fab  bmi160_get_gyro_offset_enable                         
00001bc9  bmi160_get_gyro_output_data_rate                      
00000433  bmi160_get_gyro_power_mode_stat                       
00001dbf  bmi160_get_gyro_range                                 
00000c49  bmi160_get_gyro_selftest                              
00008377  bmi160_get_gyro_selftest_start                        
00007f33  bmi160_get_gyro_sleep_state                           
00007d7b  bmi160_get_gyro_sleep_trigger                         
0000800d  bmi160_get_gyro_wakeup_intr                           
00007e53  bmi160_get_gyro_wakeup_trigger                        
00002a5f  bmi160_get_i2c_device_addr                            
00000267  bmi160_get_i2c_fail_err                               
00007bc7  bmi160_get_i2c_wdt_enable                             
00007ae7  bmi160_get_i2c_wdt_select                             
00007ca1  bmi160_get_if_mode                                    
000041f3  bmi160_get_input_enable                               
000046ed  bmi160_get_intr_any_motion                            
00005dbf  bmi160_get_intr_any_motion_durn                       
00005f53  bmi160_get_intr_any_motion_thres                      
00005519  bmi160_get_intr_data_rdy                              
00004a31  bmi160_get_intr_double_tap                            
00003ae5  bmi160_get_intr_edge_ctrl                             
00002f23  bmi160_get_intr_enable_0                              
00003393  bmi160_get_intr_enable_1                              
000037fb  bmi160_get_intr_enable_2                              
000051fd  bmi160_get_intr_fifo_full                             
00005389  bmi160_get_intr_fifo_wm                               
00004ee1  bmi160_get_intr_flat                                  
00006d83  bmi160_get_intr_flat_hold                             
00006e63  bmi160_get_intr_flat_hyst                             
00006cab  bmi160_get_intr_flat_theta                            
00004561  bmi160_get_intr_high_g                                
00005cb3  bmi160_get_intr_high_g_durn                           
00005beb  bmi160_get_intr_high_g_hyst                           
00005d39  bmi160_get_intr_high_g_thres                          
00003c6d  bmi160_get_intr_level                                 
0000437f  bmi160_get_intr_low_g                                 
00005937  bmi160_get_intr_low_g_durn                            
00005a43  bmi160_get_intr_low_g_hyst                            
00005b11  bmi160_get_intr_low_g_mode                            
000059bd  bmi160_get_intr_low_g_thres                           
0000577f  bmi160_get_intr_low_high_source                       
0000585d  bmi160_get_intr_motion_source                         
000048a5  bmi160_get_intr_nomotion                              
00004d4f  bmi160_get_intr_orient                                
00006bd1  bmi160_get_intr_orient_axes_enable                    
00006879  bmi160_get_intr_orient_blocking                       
00006953  bmi160_get_intr_orient_hyst                           
0000679b  bmi160_get_intr_orient_mode                           
00006a1b  bmi160_get_intr_orient_theta                          
00006af3  bmi160_get_intr_orient_ud_enable                      
00003dff  bmi160_get_intr_output_type                           
0000506d  bmi160_get_intr_pmu_trig                              
000062f1  bmi160_get_intr_significant_motion_proof              
0000613d  bmi160_get_intr_significant_motion_select             
00006217  bmi160_get_intr_significant_motion_skip               
00004bc3  bmi160_get_intr_single_tap                            
00005e8b  bmi160_get_intr_slow_no_motion_durn                   
0000605f  bmi160_get_intr_slow_no_motion_select                 
00005fd9  bmi160_get_intr_slow_no_motion_thres                  
000063cb  bmi160_get_intr_tap_durn                              
000065fb  bmi160_get_intr_tap_quiet                             
00006521  bmi160_get_intr_tap_shock                             
000056a5  bmi160_get_intr_tap_source                            
000066d5  bmi160_get_intr_tap_thres                             
0000411b  bmi160_get_latch_intr                                 
00002b27  bmi160_get_mag_burst                                  
00000303  bmi160_get_mag_dada_rdy_err                           
00002cb9  bmi160_get_mag_manual_enable                          
00000c97  bmi160_get_mag_manual_operation_stat                  
00002bed  bmi160_get_mag_offset                                 
00001e97  bmi160_get_mag_output_data_rate                       
000003e1  bmi160_get_mag_power_mode_stat                        
00002d91  bmi160_get_mag_read_addr                              
00002e17  bmi160_get_mag_write_addr                             
00002e9d  bmi160_get_mag_write_data                             
000085e3  bmi160_get_nvm_counter                                
00007935  bmi160_get_nvm_prog_enable                            
00000d33  bmi160_get_nvm_rdy                                    
00003f8b  bmi160_get_output_enable                              
00009701  bmi160_get_paging_enable                              
0000d6ab  bmi160_get_ptr                                        
000097db  bmi160_get_pullup_configuration                       
00000bed  bmi160_get_sensor_time                                
00008517  bmi160_get_spare0_trim                                
00007a0f  bmi160_get_spi3                                       
00008451  bmi160_get_spi_enable                                 
00000f09  bmi160_get_stat0_any_motion_intr                      
00000fa5  bmi160_get_stat0_double_tap_intr                      
00001095  bmi160_get_stat0_flat_intr                            
00001041  bmi160_get_stat0_orient_intr                          
00000f57  bmi160_get_stat0_pmu_trigger_intr                     
00000ebb  bmi160_get_stat0_significant_intr                     
00000ff3  bmi160_get_stat0_single_tap_intr                      
00000e6f  bmi160_get_stat0_step_intr                            
0000117f  bmi160_get_stat1_data_rdy_intr                        
000011cd  bmi160_get_stat1_fifo_full_intr                       
0000121b  bmi160_get_stat1_fifo_wm_intr                         
000010e3  bmi160_get_stat1_high_g_intr                          
00001131  bmi160_get_stat1_low_g_intr                           
00001269  bmi160_get_stat1_nomotion_intr                        
000012b7  bmi160_get_stat2_any_motion_first_x                   
00001303  bmi160_get_stat2_any_motion_first_y                   
00001351  bmi160_get_stat2_any_motion_first_z                   
000013a5  bmi160_get_stat2_any_motion_sign                      
000013f3  bmi160_get_stat2_tap_first_x                          
00001441  bmi160_get_stat2_tap_first_y                          
0000148f  bmi160_get_stat2_tap_first_z                          
000014dd  bmi160_get_stat2_tap_sign                             
00001703  bmi160_get_stat3_flat                                 
0000152b  bmi160_get_stat3_high_g_first_x                       
00001577  bmi160_get_stat3_high_g_first_y                       
000015c5  bmi160_get_stat3_high_g_first_z                       
00001613  bmi160_get_stat3_high_g_sign                          
00001661  bmi160_get_stat3_orient_xy                            
000016b5  bmi160_get_stat3_orient_z                             
000090c7  bmi160_get_step_config                                
00009299  bmi160_get_step_counter_enable                        
00003a15  bmi160_get_step_detector_enable                       
00009627  bmi160_get_target_page                                
00001751  bmi160_get_temp                                       
0000fa27  bmi160_i2c_burst_read                                 
0000f9fb  bmi160_i2c_bus_read                                   
0000fa59  bmi160_i2c_bus_write                                  
000000e5  bmi160_init                                           
0000eed5  bmi160_initialize_sensor                              
0000f949  bmi160_interrupt_configuration                        
000093f1  bmi160_map_significant_motion_intr                    
000094d9  bmi160_map_step_detector_intr                         
00000a7d  bmi160_read_accel_x                                   
00000b79  bmi160_read_accel_xyz                                 
00000ad1  bmi160_read_accel_y                                   
00000b25  bmi160_read_accel_z                                   
0000b761  bmi160_read_bmm150_mag_trim                           
0000bf25  bmi160_read_bst_akm_sensitivity_data                  
000098b9  bmi160_read_fifo_header_data                          
0000a289  bmi160_read_fifo_headerless_mode                      
00000909  bmi160_read_gyro_x                                    
00000a05  bmi160_read_gyro_xyz                                  
0000095d  bmi160_read_gyro_y                                    
000009b1  bmi160_read_gyro_z                                    
000006d9  bmi160_read_mag_r                                     
000004cf  bmi160_read_mag_x                                     
00000743  bmi160_read_mag_xyz                                   
0000084d  bmi160_read_mag_xyzr                                  
0000057d  bmi160_read_mag_y                                     
0000062b  bmi160_read_mag_z                                     
00000189  bmi160_read_reg                                       
00009073  bmi160_read_step_count                                
0000196b  bmi160_set_accel_bw                                   
00002245  bmi160_set_accel_fifo_filter_data                     
000071b9  bmi160_set_accel_foc_trigger                          
000086f7  bmi160_set_accel_offset_compensation_xaxis            
000087dd  bmi160_set_accel_offset_compensation_yaxis            
000088c7  bmi160_set_accel_offset_compensation_zaxis            
00008f29  bmi160_set_accel_offset_enable                        
0000188b  bmi160_set_accel_output_data_rate                     
00001b25  bmi160_set_accel_range                                
000082eb  bmi160_set_accel_selftest_amp                         
00008133  bmi160_set_accel_selftest_axis                        
00008211  bmi160_set_accel_selftest_sign                        
00001a4d  bmi160_set_accel_under_sampling_parameter             
0000b181  bmi160_set_bmm150_mag_and_secondary_if_power_mode     
0000b405  bmi160_set_bmm150_mag_presetmode                      
0000c315  bmi160_set_bst_akm_and_secondary_if_powermode         
000095ed  bmi160_set_command_register                           
000028f3  bmi160_set_fifo_accel_enable                          
0000217d  bmi160_set_fifo_down_accel                            
00001fd3  bmi160_set_fifo_down_gyro                             
000029d3  bmi160_set_fifo_gyro_enable                           
0000273f  bmi160_set_fifo_header_enable                         
00002819  bmi160_set_fifo_mag_enable                            
000023ab  bmi160_set_fifo_stop_on_full                          
00002651  bmi160_set_fifo_tag_intr1_enable                      
0000255f  bmi160_set_fifo_tag_intr2_enable                      
00002485  bmi160_set_fifo_time_enable                           
00002325  bmi160_set_fifo_wm                                    
00007129  bmi160_set_foc_accel_x                                
0000704f  bmi160_set_foc_accel_y                                
00006f87  bmi160_set_foc_accel_z                                
000077a9  bmi160_set_foc_gyro_enable                            
00001d33  bmi160_set_gyro_bw                                    
000020a3  bmi160_set_gyro_fifo_filter_data                      
00008a15  bmi160_set_gyro_offset_compensation_xaxis             
00008bed  bmi160_set_gyro_offset_compensation_yaxis             
00008dbf  bmi160_set_gyro_offset_compensation_zaxis             
00008ff9  bmi160_set_gyro_offset_enable                         
00001c15  bmi160_set_gyro_output_data_rate                      
00001e0b  bmi160_set_gyro_range                                 
000083c5  bmi160_set_gyro_selftest_start                        
00007f81  bmi160_set_gyro_sleep_state                           
00007dc7  bmi160_set_gyro_sleep_trigger                         
0000805b  bmi160_set_gyro_wakeup_intr                           
00007ea1  bmi160_set_gyro_wakeup_trigger                        
00002aad  bmi160_set_i2c_device_addr                            
00007c15  bmi160_set_i2c_wdt_enable                             
00007b35  bmi160_set_i2c_wdt_select                             
00007cef  bmi160_set_if_mode                                    
0000428d  bmi160_set_input_enable                               
00004787  bmi160_set_intr_any_motion                            
00005e0b  bmi160_set_intr_any_motion_durn                       
00005f9f  bmi160_set_intr_any_motion_thres                      
000055b3  bmi160_set_intr_data_rdy                              
00004acb  bmi160_set_intr_double_tap                            
00003b7b  bmi160_set_intr_edge_ctrl                             
000030b9  bmi160_set_intr_enable_0                              
00003521  bmi160_set_intr_enable_1                              
000038c3  bmi160_set_intr_enable_2                              
00005297  bmi160_set_intr_fifo_full                             
00005423  bmi160_set_intr_fifo_wm                               
00004f7b  bmi160_set_intr_flat                                  
00006dd1  bmi160_set_intr_flat_hold                             
00006eaf  bmi160_set_intr_flat_hyst                             
00006cf7  bmi160_set_intr_flat_theta                            
000045fb  bmi160_set_intr_high_g                                
00005cff  bmi160_set_intr_high_g_durn                           
00005c39  bmi160_set_intr_high_g_hyst                           
00005d85  bmi160_set_intr_high_g_thres                          
00003d07  bmi160_set_intr_level                                 
00004413  bmi160_set_intr_low_g                                 
00005983  bmi160_set_intr_low_g_durn                            
00005a8f  bmi160_set_intr_low_g_hyst                            
00005b5f  bmi160_set_intr_low_g_mode                            
00005a09  bmi160_set_intr_low_g_thres                           
000057d1  bmi160_set_intr_low_high_source                       
000058ab  bmi160_set_intr_motion_source                         
0000493f  bmi160_set_intr_nomotion                              
00004de9  bmi160_set_intr_orient                                
00006c1f  bmi160_set_intr_orient_axes_enable                    
000068c7  bmi160_set_intr_orient_blocking                       
000069a1  bmi160_set_intr_orient_hyst                           
000067ed  bmi160_set_intr_orient_mode                           
00006a67  bmi160_set_intr_orient_theta                          
00006b45  bmi160_set_intr_orient_ud_enable                      
00003e99  bmi160_set_intr_output_type                           
00005103  bmi160_set_intr_pmu_trig                              
0000633f  bmi160_set_intr_significant_motion_proof              
0000618b  bmi160_set_intr_significant_motion_select             
00006265  bmi160_set_intr_significant_motion_skip               
00004c5d  bmi160_set_intr_single_tap                            
00005ed9  bmi160_set_intr_slow_no_motion_durn                   
000060ab  bmi160_set_intr_slow_no_motion_select                 
00006025  bmi160_set_intr_slow_no_motion_thres                  
00006417  bmi160_set_intr_tap_durn                              
00006649  bmi160_set_intr_tap_quiet                             
0000656f  bmi160_set_intr_tap_shock                             
000056f3  bmi160_set_intr_tap_source                            
00006721  bmi160_set_intr_tap_thres                             
00004167  bmi160_set_latch_intr                                 
00002b73  bmi160_set_mag_burst                                  
00002d07  bmi160_set_mag_manual_enable                          
00002c3b  bmi160_set_mag_offset                                 
00001ee3  bmi160_set_mag_output_data_rate                       
00002ddd  bmi160_set_mag_read_addr                              
00002e63  bmi160_set_mag_write_addr                             
00002ee9  bmi160_set_mag_write_data                             
00008631  bmi160_set_nvm_counter                                
00007983  bmi160_set_nvm_prog_enable                            
00004025  bmi160_set_output_enable                              
0000974f  bmi160_set_paging_enable                              
00009829  bmi160_set_pullup_configuration                       
00008569  bmi160_set_spare0_trim                                
00007a5b  bmi160_set_spi3                                       
0000849d  bmi160_set_spi_enable                                 
00009185  bmi160_set_step_config                                
000092e7  bmi160_set_step_counter_enable                        
00003a6b  bmi160_set_step_detector_enable                       
00009373  bmi160_set_step_mode                                  
00009675  bmi160_set_target_page                                
0000fa85  bmi160_spi_bus_read                                   
0000faa3  bmi160_spi_bus_write                                  
00000145  bmi160_write_reg                                      
200096d8  burstMode                                             
00011111  clear_rts                                             
000147d5  copysign                                              
000147d5  copysignl                                             
200096d0  errno                                                 
00013e85  frexp                                                 
00013e85  frexpl                                                
20009264  g_ui32ByteCount                                       
200088ec  gyro_fifo                                             
20009232  gyroxyz                                               
200096ac  i2cConfig                                             
0000f9c3  i2c_routine                                           
000112b9  initAntSelGPIO                                        
0001111d  initClk                                               
00010d5f  initI2C                                               
00011191  initLEDs                                              
00011c7b  init_RGBLEDS                                          
00000000  interruptVectors                                      
00012eb1  ldexp                                                 
00012eb1  ldexpl                                                
00013f3f  ltoa                                                  
20008c58  mag_fifo                                              
00014085  main                                                  
000146c1  memccpy                                               
000137b9  memcpy                                                
00013b95  memset                                                
20009270  pData                                                 
200096cc  pIraEventHandler                                      
00010ee1  readBurstI2C                                          
00010e13  readI2C                                               
00011081  registerInterruptHandler                              
20009200  s_bmi160                                              
00012eb1  scalbn                                                
00012eb1  scalbnl                                               
000130d1  sensorOpt3001Enable                                   
000130c5  sensorOpt3001Init                                     
000130fd  sensorOpt3001Read                                     
00013161  sensorOpt3001Test                                     
0001224f  sensorTmp007Enable                                    
000122b9  sensorTmp007EnableInterruptConversion                 
00012245  sensorTmp007Init                                      
00012303  sensorTmp007Read                                      
000123c1  sensorTmp007Test                                      
00011105  set_rts                                               
00010aa9  sleep                                                 
00014205  snprintf                                              
0000f9e5  spi_routine                                           
00011187  stopWDT                                               
0001476d  strchr                                                
000147e9  strlen                                                
0001124b  toggleLed                                             
00011217  turnLedOff                                            
000111e3  turnLedOn                                             
2000927a  ui8DummyRead                                          
2000927b  ui8Status                                             
2000927c  v_fifo_data_u8                                        
000147fd  wcslen                                                
00010d7d  writeI2C                                              


GLOBAL SYMBOLS: SORTED BY Symbol Address 

address   name                                                  
-------   ----                                                  
00000000  __TI_static_base__                                    
00000000  interruptVectors                                      
000000e5  bmi160_init                                           
00000145  bmi160_write_reg                                      
00000189  bmi160_read_reg                                       
000001cd  bmi160_get_fatal_err                                  
00000200  __STACK_SIZE                                          
00000219  bmi160_get_err_code                                   
00000267  bmi160_get_i2c_fail_err                               
000002b5  bmi160_get_drop_cmd_err                               
00000303  bmi160_get_mag_dada_rdy_err                           
00000351  bmi160_get_error_status                               
000003e1  bmi160_get_mag_power_mode_stat                        
00000433  bmi160_get_gyro_power_mode_stat                       
00000481  bmi160_get_accel_power_mode_stat                      
000004cf  bmi160_read_mag_x                                     
0000057d  bmi160_read_mag_y                                     
0000062b  bmi160_read_mag_z                                     
000006d9  bmi160_read_mag_r                                     
00000743  bmi160_read_mag_xyz                                   
0000084d  bmi160_read_mag_xyzr                                  
00000909  bmi160_read_gyro_x                                    
0000095d  bmi160_read_gyro_y                                    
000009b1  bmi160_read_gyro_z                                    
00000a05  bmi160_read_gyro_xyz                                  
00000a7d  bmi160_read_accel_x                                   
00000ad1  bmi160_read_accel_y                                   
00000b25  bmi160_read_accel_z                                   
00000b79  bmi160_read_accel_xyz                                 
00000bed  bmi160_get_sensor_time                                
00000c49  bmi160_get_gyro_selftest                              
00000c97  bmi160_get_mag_manual_operation_stat                  
00000ce5  bmi160_get_foc_rdy                                    
00000d33  bmi160_get_nvm_rdy                                    
00000d85  bmi160_get_data_rdy_mag                               
00000dd3  bmi160_get_gyro_data_rdy                              
00000e21  bmi160_get_accel_data_rdy                             
00000e6f  bmi160_get_stat0_step_intr                            
00000ebb  bmi160_get_stat0_significant_intr                     
00000f09  bmi160_get_stat0_any_motion_intr                      
00000f57  bmi160_get_stat0_pmu_trigger_intr                     
00000fa5  bmi160_get_stat0_double_tap_intr                      
00000ff3  bmi160_get_stat0_single_tap_intr                      
00001041  bmi160_get_stat0_orient_intr                          
00001095  bmi160_get_stat0_flat_intr                            
000010e3  bmi160_get_stat1_high_g_intr                          
00001131  bmi160_get_stat1_low_g_intr                           
0000117f  bmi160_get_stat1_data_rdy_intr                        
000011cd  bmi160_get_stat1_fifo_full_intr                       
0000121b  bmi160_get_stat1_fifo_wm_intr                         
00001269  bmi160_get_stat1_nomotion_intr                        
000012b7  bmi160_get_stat2_any_motion_first_x                   
00001303  bmi160_get_stat2_any_motion_first_y                   
00001351  bmi160_get_stat2_any_motion_first_z                   
000013a5  bmi160_get_stat2_any_motion_sign                      
000013f3  bmi160_get_stat2_tap_first_x                          
00001441  bmi160_get_stat2_tap_first_y                          
0000148f  bmi160_get_stat2_tap_first_z                          
000014dd  bmi160_get_stat2_tap_sign                             
0000152b  bmi160_get_stat3_high_g_first_x                       
00001577  bmi160_get_stat3_high_g_first_y                       
000015c5  bmi160_get_stat3_high_g_first_z                       
00001613  bmi160_get_stat3_high_g_sign                          
00001661  bmi160_get_stat3_orient_xy                            
000016b5  bmi160_get_stat3_orient_z                             
00001703  bmi160_get_stat3_flat                                 
00001751  bmi160_get_temp                                       
000017a5  bmi160_fifo_length                                    
00001805  bmi160_fifo_data                                      
0000183f  bmi160_get_accel_output_data_rate                     
0000188b  bmi160_set_accel_output_data_rate                     
0000191d  bmi160_get_accel_bw                                   
0000196b  bmi160_set_accel_bw                                   
000019ff  bmi160_get_accel_under_sampling_parameter             
00001a4d  bmi160_set_accel_under_sampling_parameter             
00001ad9  bmi160_get_accel_range                                
00001b25  bmi160_set_accel_range                                
00001bc9  bmi160_get_gyro_output_data_rate                      
00001c15  bmi160_set_gyro_output_data_rate                      
00001ce5  bmi160_get_gyro_bw                                    
00001d33  bmi160_set_gyro_bw                                    
00001dbf  bmi160_get_gyro_range                                 
00001e0b  bmi160_set_gyro_range                                 
00001e97  bmi160_get_mag_output_data_rate                       
00001ee3  bmi160_set_mag_output_data_rate                       
00001f87  bmi160_get_fifo_down_gyro                             
00001fd3  bmi160_set_fifo_down_gyro                             
00002055  bmi160_get_gyro_fifo_filter_data                      
000020a3  bmi160_set_gyro_fifo_filter_data                      
0000212f  bmi160_get_fifo_down_accel                            
0000217d  bmi160_set_fifo_down_accel                            
000021f7  bmi160_get_accel_fifo_filter_data                     
00002245  bmi160_set_accel_fifo_filter_data                     
000022d1  bmi160_get_fifo_wm                                    
00002325  bmi160_set_fifo_wm                                    
0000235f  bmi160_get_fifo_stop_on_full                          
000023ab  bmi160_set_fifo_stop_on_full                          
00002437  bmi160_get_fifo_time_enable                           
00002485  bmi160_set_fifo_time_enable                           
00002511  bmi160_get_fifo_tag_intr2_enable                      
0000255f  bmi160_set_fifo_tag_intr2_enable                      
000025ff  bmi160_get_fifo_tag_intr1_enable                      
00002651  bmi160_set_fifo_tag_intr1_enable                      
000026f1  bmi160_get_fifo_header_enable                         
0000273f  bmi160_set_fifo_header_enable                         
000027cb  bmi160_get_fifo_mag_enable                            
00002819  bmi160_set_fifo_mag_enable                            
000028a5  bmi160_get_fifo_accel_enable                          
000028f3  bmi160_set_fifo_accel_enable                          
00002985  bmi160_get_fifo_gyro_enable                           
000029d3  bmi160_set_fifo_gyro_enable                           
00002a5f  bmi160_get_i2c_device_addr                            
00002aad  bmi160_set_i2c_device_addr                            
00002b27  bmi160_get_mag_burst                                  
00002b73  bmi160_set_mag_burst                                  
00002bed  bmi160_get_mag_offset                                 
00002c3b  bmi160_set_mag_offset                                 
00002cb9  bmi160_get_mag_manual_enable                          
00002d07  bmi160_set_mag_manual_enable                          
00002d91  bmi160_get_mag_read_addr                              
00002ddd  bmi160_set_mag_read_addr                              
00002e17  bmi160_get_mag_write_addr                             
00002e63  bmi160_set_mag_write_addr                             
00002e9d  bmi160_get_mag_write_data                             
00002ee9  bmi160_set_mag_write_data                             
00002f23  bmi160_get_intr_enable_0                              
000030b9  bmi160_set_intr_enable_0                              
00003393  bmi160_get_intr_enable_1                              
00003521  bmi160_set_intr_enable_1                              
000037fb  bmi160_get_intr_enable_2                              
000038c3  bmi160_set_intr_enable_2                              
00003a15  bmi160_get_step_detector_enable                       
00003a6b  bmi160_set_step_detector_enable                       
00003ae5  bmi160_get_intr_edge_ctrl                             
00003b7b  bmi160_set_intr_edge_ctrl                             
00003c6d  bmi160_get_intr_level                                 
00003d07  bmi160_set_intr_level                                 
00003dff  bmi160_get_intr_output_type                           
00003e99  bmi160_set_intr_output_type                           
00003f8b  bmi160_get_output_enable                              
00004025  bmi160_set_output_enable                              
0000411b  bmi160_get_latch_intr                                 
00004167  bmi160_set_latch_intr                                 
000041f3  bmi160_get_input_enable                               
[...]
0000e9f7  bme280_get_forced_uncomp_pressure_temperature_humidity
0000ebb5  bme280_write_register                                 
0000ebfb  bme280_read_register                                  
0000ec41  bme280_compensate_pressure_int64                      
0000ee43  bme280_compensate_pressure_int64_twentyfour_bit_output
0000ee5d  bme280_compute_wait_time                              
0000eed5  bmi160_initialize_sensor                              
0000ef11  bmi160_config_running_mode                            
0000f949  bmi160_interrupt_configuration                        
0000f9c3  i2c_routine                                           
0000f9e5  spi_routine                                           
0000f9fb  bmi160_i2c_bus_read                                   
0000fa27  bmi160_i2c_burst_read                                 
0000fa59  bmi160_i2c_bus_write                                  
0000fa85  bmi160_spi_bus_read                                   
0000faa3  bmi160_spi_bus_write                                  
0000fac1  bmi160_delay_ms                                       
0000fafd  __TI_printfi                                          
0001055b  __aeabi_idiv0                                         
0001055b  __aeabi_ldiv0                                         
000105f9  G8RTOS_Scheduler                                      
0001067b  SysTick_Handler                                       
0001067b  SysTick_Handler                                       
00010725  G8RTOS_Init                                           
00010751  G8RTOS_Launch                                         
000107e9  G8RTOS_AddThread                                      
000109f5  G8RTOS_AddPeriodicEvent                               
00010aa9  sleep                                                 
00010ad3  G8RTOS_GetThreadId                                    
00010ae9  G8RTOS_KillThread                                     
00010bb5  G8RTOS_KillSelf                                       
00010c1d  G8RTOS_AddAPeriodicEvent                              
00010c8d  G8RTOS_KillAllOtherThreads                            
00010d5f  initI2C                                               
00010d7d  writeI2C                                              
00010e13  readI2C                                               
00010ee1  readBurstI2C                                          
00010fb9  EUSCIB1_IRQHandler                                    
00010fb9  EUSCIB1_IRQHandler                                    
00011081  registerInterruptHandler                              
00011095  CC3100_disable                                        
000110a1  CC3100_enable                                         
000110ad  CC3100_InterruptEnable                                
000110d7  CC3100_InterruptDisable                               
000110f5  MaskIntHdlr                                           
000110fd  UnMaskIntHdlr                                         
00011105  set_rts                                               
00011111  clear_rts                                             
0001111d  initClk                                               
00011187  stopWDT                                               
00011191  initLEDs                                              
000111e3  turnLedOn                                             
00011217  turnLedOff                                            
0001124b  toggleLed                                             
0001127f  GetLEDStatus                                          
000112b9  initAntSelGPIO                                        
000112ed  SelAntenna                                            
00011331  PORT1_IRQHandler                                      
00011331  PORT1_IRQHandler                                      
00011333  Delay                                                 
0001135b  PORT2_IRQHandler                                      
0001135b  PORT2_IRQHandler                                      
00011381  EUSCIA0_IRQHandler                                    
00011381  EUSCIA0_IRQHandler                                    
000113d1  SystemCoreClockUpdate                                 
00011649  SystemInit                                            
00011723  BackChannelInit                                       
0001173f  BackChannelPrint                                      
0001178b  BackChannelPrintIntVariable                           
000117a9  BackChannelEventTrigger                               
000117c1  BackChannelOpt3001PrintRaw                            
000117dd  BackupChannelTmp007PrintRaw                           
00011803  BackupChannelBmi160PrintAccel                         
0001182f  BackupChannelBmi160PrintGyro                          
0001185b  BackupChannelBmi160PrintMag                           
000119fd  LP3943_LedModeSet                                     
00011c7b  init_RGBLEDS                                          
00011cf5  bme280_data_readout_template                          
00011de1  bme280_initialize_sensor                              
00011e37  I2C_routine                                           
00011e53  SPI_routine                                           
00011e69  BME280_I2C_bus_write                                  
00011e95  BME280_I2C_bus_read                                   
00011ec1  BME280_SPI_bus_read                                   
00011f27  BME280_SPI_bus_write                                  
00011f97  BME280_delay_msek                                     
00012245  sensorTmp007Init                                      
0001224f  sensorTmp007Enable                                    
000122b9  sensorTmp007EnableInterruptConversion                 
00012303  sensorTmp007Read                                      
000123c1  sensorTmp007Test                                      
00012649  __aeabi_dsub                                          
00012653  __aeabi_dadd                                          
000129cd  Joystick_Init_Without_Interrupt                       
00012a2b  Joystick_Push_Button_Init_With_Interrupt              
00012a81  Disable_Joystick_Interrupt                            
00012a97  GetJoystickCoordinates                                
00012c55  __aeabi_ddiv                                          
00012eb1  ldexp                                                 
00012eb1  ldexpl                                                
00012eb1  scalbn                                                
00012eb1  scalbnl                                               
00012fc1  CS_getDCOFrequency                                    
000130c5  sensorOpt3001Init                                     
000130d1  sensorOpt3001Enable                                   
000130fd  sensorOpt3001Read                                     
00013161  sensorOpt3001Test                                     
000131c3  __aeabi_dmul                                          
000132c1  CS_initClockSignal                                    
000135e1  StartContextSwitch                                    
000135ed  G8RTOS_InitSemaphore                                  
00013607  G8RTOS_WaitSemaphore                                  
00013635  G8RTOS_SignalSemaphore                                
00013681  CS_startHFXTWithTimeout                               
000137b9  __aeabi_memcpy                                        
000137b9  __aeabi_memcpy4                                       
000137b9  __aeabi_memcpy8                                       
000137b9  memcpy                                                
00013855  __aeabi_uldivmod                                      
000138ed  UART_initModule                                       
00013981  __aeabi_cdcmpeq                                       
00013981  __aeabi_cdcmple                                       
00013a07  __aeabi_cdrcmple                                      
00013a8d  ClockSys_SetMaxFreq                                   
00013afb  ClockSys_GetSysFreq                                   
00013b11  PCM_gotoLPM3                                          
00013b8d  __aeabi_memclr                                        
00013b8d  __aeabi_memclr4                                       
00013b8d  __aeabi_memclr8                                       
00013b8f  __aeabi_memset                                        
00013b8f  __aeabi_memset4                                       
00013b8f  __aeabi_memset8                                       
00013b95  memset                                                
00013ce7  __aeabi_ldivmod                                       
00013d55  __TI_decompress_lzss                                  
00013dbd  Interrupt_disableInterrupt                            
00013e21  Interrupt_enableInterrupt                             
00013e85  frexp                                                 
00013e85  frexpl                                                
00013f3f  ltoa                                                  
00013fe5  PCM_shutdownDevice                                    
00014035  SysCtl_getTLVInfo                                     
00014085  main                                                  
000140d9  G8RTOS_Start                                          
000140f9  PendSV_Handler                                        
000140f9  PendSV_Handler                                        
00014121  GPIO_setAsPeripheralModuleFunctionOutputPin           
000141b9  atoi                                                  
00014205  snprintf                                              
00014251  GPIO_setAsPeripheralModuleFunctionInputPin            
000142e1  __aeabi_d2iz                                          
00014329  __TI_auto_init_nobinit_nopinit                        
0001436d  I2C_initMaster                                        
000143e9  I2C_masterSendMultiByteStart                          
00014421  _c_int00_noargs                                       
00014459  BSP_InitBoard                                         
0001448d  I2C_masterSendMultiByteStop                           
000144ed  __aeabi_i2d                                           
0001451b  PCM_getCoreVoltageLevel                               
00014547  PCM_getPowerMode                                      
00014571  FlashCtl_setWaitState                                 
00014599  PCM_gotoLPM0                                          
000145c1  DelayMs                                               
000145e9  CS_clearInterruptFlag                                 
0001460d  CS_setDCOCenteredFrequency                            
00014631  I2C_masterSendMultiByteNext                           
00014655  Interrupt_setPriority                                 
00014679  RTC_C_holdClock                                       
0001469d  UART_transmitData                                     
000146c1  memccpy                                               
000146dd  CS_getMCLK                                            
000146f5  CS_getSMCLK                                           
0001470d  WDT_A_clearTimer                                      
00014725  WDT_A_holdTimer                                       
00014755  __aeabi_lmul                                          
0001476d  strchr                                                
00014785  CS_setExternalClockSourceFrequency                    
00014799  I2C_isBusBusy                                         
000147ad  SysTick_enableInterrupt                               
000147c1  SysTick_enableModule                                  
000147d5  copysign                                              
000147d5  copysignl                                             
000147e9  strlen                                                
000147fd  wcslen                                                
0001480f  I2C_masterReceiveStart                                
0001481f  Interrupt_enableMaster                                
0001482f  PCM_gotoLPM4                                          
00014841  SysCtl_disableNMISource                               
00014851  SysCtl_enableNMISource                                
00014861  StartCriticalSection                                  
00014869  EndCriticalSection                                    
0001486f  I2C_clearInterruptFlag                                
0001487d  I2C_disableInterrupt                                  
0001488b  __TI_decompress_none                                  
00014899  Reset_Handler                                         
000148a5  ADC14_IRQHandler                                      
000148a5  AES256_IRQHandler                                     
000148a5  BusFault_Handler                                      
000148a5  COMP_E0_IRQHandler                                    
000148a5  COMP_E1_IRQHandler                                    
000148a5  CS_IRQHandler                                         
000148a5  DMA_ERR_IRQHandler                                    
000148a5  DMA_INT0_IRQHandler                                   
000148a5  DMA_INT1_IRQHandler                                   
000148a5  DMA_INT2_IRQHandler                                   
000148a5  DMA_INT3_IRQHandler                                   
000148a5  DebugMon_Handler                                      
000148a5  Default_Handler                                       
000148a5  EUSCIA1_IRQHandler                                    
000148a5  EUSCIA2_IRQHandler                                    
000148a5  EUSCIA3_IRQHandler                                    
000148a5  EUSCIB0_IRQHandler                                    
000148a5  EUSCIB2_IRQHandler                                    
000148a5  EUSCIB3_IRQHandler                                    
000148a5  FLCTL_IRQHandler                                      
000148a5  FPU_IRQHandler                                        
000148a5  HardFault_Handler                                     
000148a5  MemManage_Handler                                     
000148a5  NMI_Handler                                           
000148a5  PCM_IRQHandler                                        
000148a5  PORT3_IRQHandler                                      
000148a5  PORT4_IRQHandler                                      
000148a5  PORT5_IRQHandler                                      
000148a5  PORT6_IRQHandler                                      
000148a5  PSS_IRQHandler                                        
000148a5  RTC_C_IRQHandler                                      
000148a5  SVC_Handler                                           
000148a5  T32_INT1_IRQHandler                                   
000148a5  T32_INT2_IRQHandler                                   
000148a5  T32_INTC_IRQHandler                                   
000148a5  TA0_0_IRQHandler                                      
000148a5  TA0_N_IRQHandler                                      
000148a5  TA1_0_IRQHandler                                      
000148a5  TA1_N_IRQHandler                                      
000148a5  TA2_0_IRQHandler                                      
000148a5  TA2_N_IRQHandler                                      
000148a5  TA3_0_IRQHandler                                      
000148a5  TA3_N_IRQHandler                                      
000148a5  UsageFault_Handler                                    
000148a5  WDT_A_IRQHandler                                      
000148a7  CPU_cpsie                                             
000148b3  I2C_disableModule                                     
000148bf  I2C_enableModule                                      
000148cd  PCM_getPowerState                                     
000148d9  SysCtl_getNMISourceStatus                             
000148e5  SysTick_setPeriod                                     
000148f1  UART_enableModule                                     
000148fd  __TI_zero_init                                        
00014909  I2C_enableInterrupt                                   
00014911  PCM_setCoreVoltageLevel                               
00014919  PCM_setPowerMode                                      
00014921  PCM_setPowerState                                     
00014929  __aeabi_errno_addr                                    
00014931  CS_startHFXT                                          
00014937  I2C_getEnabledInterruptStatus                         
0001493d  I2C_getInterruptStatus                                
00014943  I2C_masterReceiveMultiByteNext                        
00014949  SysCtlDelay                                           
0001494f  CPU_wfi                                               
00014953  I2C_setSlaveAddress                                   
00014957  _system_pre_init                                      
0001495b  C$$EXIT                                               
0001495b  abort                                                 
00014960  _ctypes_                                              
00014b80  __TI_Handler_Table_Base                               
00014b8c  __TI_Handler_Table_Limit                              
00014b98  __TI_CINIT_Base                                       
00014ba8  __TI_CINIT_Limit                                      
20008580  accel_fifo                                            
200088ec  gyro_fifo                                             
20008c58  mag_fifo                                              
200091c4  bme280                                                
20009200  s_bmi160                                              
2000922c  accelxyz                                              
20009232  gyroxyz                                               
20009244  ButtonFunction                                        
20009248  CC3100_WIFI_Semaphore                                 
2000924c  Client_Player_Semaphore                               
20009250  CurrentlyRunningThread                                
20009254  GameState_Semaphore                                   
20009258  I2C_Semaphore                                         
2000925c  LCD_Semaphore                                         
20009260  SystemTime                                            
20009264  g_ui32ByteCount                                       
20009270  pData                                                 
20009277  IntIsMasked                                           
2000927a  ui8DummyRead                                          
2000927b  ui8Status                                             
2000927c  v_fifo_data_u8                                        
200096ac  i2cConfig                                             
200096c0  V_bmm150_maual_auto_condition_u8                      
200096c4  V_fifo_time_U32                                       
200096cc  pIraEventHandler                                      
200096d0  errno                                                 
200096d4  SystemCoreClock                                       
200096d8  burstMode                                             
2000fe00  __stack                                               
20010000  __STACK_END                                           
4000480c  WDTCTL_SYM                                            
ffffffff  __TI_pprof_out_hndl                                   
ffffffff  __TI_prof_data_size                                   
ffffffff  __TI_prof_data_start                                  
ffffffff  __binit__                                             
ffffffff  __c_args__                                            
ffffffff  binit                                                 
UNDEFED   __mpu_init                                            
UNDEFED   _system_post_cinit                                    

[669 symbols]
