******************************************************************************
                  TI ARM Linker PC v18.1.4                     
******************************************************************************
>> Linked Tue Nov 27 19:07:21 2018

OUTPUT FILE NAME:   <Lab5.out>
ENTRY POINT SYMBOL: "_c_int00_noargs"  address: 000142b5


MEMORY CONFIGURATION

         name            origin    length      used     unused   attr    fill
----------------------  --------  ---------  --------  --------  ----  --------
  MAIN                  00000000   00040000  00014a4c  0002b5b4  R  X
  INFO                  00200000   00004000  00000000  00004000  R  X
  SRAM_CODE             01000000   00010000  000098c5  0000673b  RW X
  SRAM_DATA             20000000   00010000  000098c5  0000673b  RW  


SEGMENT ALLOCATION MAP

run origin  load origin   length   init length attrs members
----------  ----------- ---------- ----------- ----- -------
00000000    00000000    00014a50   00014a50    r-x
  00000000    00000000    000000e4   000000e4    r-- .intvecs
  000000e4    000000e4    00014722   00014722    r-x .text
  00014808    00014808    000001d6   000001d6    r-- .const
  000149e0    000149e0    00000070   00000070    r-- .cinit
20000000    20000000    000096c5   00000000    rw-
  20000000    20000000    00009268   00000000    rw- .bss
  20009268    20009268    0000045d   00000000    rw- .data
2000fe00    2000fe00    00000200   00000000    rw-
  2000fe00    2000fe00    00000200   00000000    rw- .stack


SECTION ALLOCATION MAP

 output                                  attributes/
section   page    origin      length       input sections
--------  ----  ----------  ----------   ----------------
.intvecs   0    00000000    000000e4     
                  00000000    000000e4     startup_msp432p401r_ccs.obj (.intvecs:retain)

.text      0    000000e4    00014722     
                  000000e4    0000d5e0     bmi160.obj (.text)
                  0000d6c4    00001810     bme280.obj (.text)
                  0000eed4    00000c28     bmi160_support.obj (.text)
                  0000fafc    00000a5e     rtsv7M4_T_le_v4SPD16_eabi.lib : _printfi.c.obj (.text:__TI_printfi)
                  0001055a    00000002                                   : div0.asm.obj (.text)
                  0001055c    00000748     G8RTOS_Scheduler.obj (.text)
                  00010ca4    00000360     i2c_driver.obj (.text)
                  00011004    00000350     board.obj (.text)
                  00011354    00000334     system_msp432p401r.obj (.text)
                  00011688    000002f8     BackChannelUart.obj (.text)
                  00011980    000002f8     RGBLeds.obj (.text)
                  00011c78    000002e0     bme280_support.obj (.text)
                  00011f58    00000270     rtsv7M4_T_le_v4SPD16_eabi.lib : _printfi.c.obj (.text:_pconv_a)
                  000121c8    00000234     tmp007.obj (.text)
                  000123fc    000001d0     rtsv7M4_T_le_v4SPD16_eabi.lib : _printfi.c.obj (.text:_pconv_g)
                  000125cc    000001b6                                   : fd_add_t2.asm.obj (.text)
                  00012782    000001a0     msp432p4xx_driverlib.lib : pcm.o (.text:__PCM_setPowerStateAdvanced)
                  00012922    00000002     --HOLE-- [fill = 0]
                  00012924    00000178     Joystick.obj (.text)
                  00012a9c    0000013c     rtsv7M4_T_le_v4SPD16_eabi.lib : _printfi.c.obj (.text:_pconv_e)
                  00012bd8    00000136                                   : fd_div_t2.asm.obj (.text)
                  00012d0e    00000002     --HOLE-- [fill = 0]
                  00012d10    00000124                                   : _printfi.c.obj (.text:fcvt)
                  00012e34    00000110                                   : s_scalbn.c.obj (.text:scalbn)
                  00012f44    00000104     msp432p4xx_driverlib.lib : cs.o (.text:CS_getDCOFrequency)
                  00013048    000000fe     opt3001.obj (.text)
                  00013146    000000fc     rtsv7M4_T_le_v4SPD16_eabi.lib : fd_mul_t2.asm.obj (.text)
                  00013242    00000002     --HOLE-- [fill = 0]
                  00013244    000000e0     msp432p4xx_driverlib.lib : cs.o (.text:CS_initClockSignal)
                  00013324    000000dc                              : pcm.o (.text:__PCM_setPowerModeAdvanced)
                  00013400    000000b1     rtsv7M4_T_le_v4SPD16_eabi.lib : _printfi.c.obj (.text:_ltostr)
                  000134b1    00000003     --HOLE-- [fill = 0]
                  000134b4    000000b0     msp432p4xx_driverlib.lib : pcm.o (.text:__PCM_setCoreVoltageLevelAdvanced)
                  00013564    0000009c                              : cs.o (.text:CS_startHFXTWithTimeout)
                  00013600    0000009c                              : cs.o (.text:_CSComputeCLKFrequency)
                  0001369c    0000009c     rtsv7M4_T_le_v4SPD16_eabi.lib : memcpy_t2.asm.obj (.text)
                  00013738    00000096                                   : ull_div_t2.asm.obj (.text)
                  000137ce    00000002     --HOLE-- [fill = 0]
                  000137d0    00000094     msp432p4xx_driverlib.lib : uart.o (.text:UART_initModule)
                  00013864    00000086     rtsv7M4_T_le_v4SPD16_eabi.lib : fd_cmp_t2.asm.obj (.text:__aeabi_cdcmple)
                  000138ea    00000086                                   : fd_cmp_t2.asm.obj (.text:__aeabi_cdrcmple)
                  00013970    00000084     ClockSys.obj (.text)
                  000139f4    0000007c     msp432p4xx_driverlib.lib : pcm.o (.text:PCM_gotoLPM3)
                  00013a70    0000007a     rtsv7M4_T_le_v4SPD16_eabi.lib : memset_t2.asm.obj (.text)
                  00013aea    00000002     --HOLE-- [fill = 0]
                  00013aec    00000070     msp432p4xx_driverlib.lib : cs.o (.text:_CSGetHFXTFrequency)
                  00013b5c    0000006e     rtsv7M4_T_le_v4SPD16_eabi.lib : _printfi.c.obj (.text:_mcpy)
                  00013bca    0000006e                                   : ll_div_t2.asm.obj (.text)
                  00013c38    00000068                                   : copy_decompress_lzss.c.obj (.text:decompress:lzss:__TI_decompress_lzss)
                  00013ca0    00000064     msp432p4xx_driverlib.lib : interrupt.o (.text:Interrupt_disableInterrupt)
                  00013d04    00000064                              : interrupt.o (.text:Interrupt_enableInterrupt)
                  00013d68    00000064     rtsv7M4_T_le_v4SPD16_eabi.lib : s_frexp.c.obj (.text:frexp)
                  00013dcc    00000056                                   : _printfi.c.obj (.text:_pconv_f)
                  00013e22    00000054                                   : ltoa.c.obj (.text:ltoa)
                  00013e76    00000052                                   : _printfi.c.obj (.text:_ecpy)
                  00013ec8    00000050     msp432p4xx_driverlib.lib : pcm.o (.text:PCM_shutdownDevice)
                  00013f18    00000050                              : sysctl.o (.text:SysCtl_getTLVInfo)
                  00013f68    0000004c     G8RTOS_SchedulerASM.obj (.text)
                  00013fb4    0000004c     msp432p4xx_driverlib.lib : gpio.o (.text:GPIO_setAsPeripheralModuleFunctionOutputPin)
                  00014000    0000004c                              : cs.o (.text:_CSGetDOCFrequency)
                  0001404c    0000004c     rtsv7M4_T_le_v4SPD16_eabi.lib : atoi.c.obj (.text:atoi)
                  00014098    0000004c                                   : snprintf.c.obj (.text:snprintf)
                  000140e4    00000048     msp432p4xx_driverlib.lib : gpio.o (.text:GPIO_setAsPeripheralModuleFunctionInputPin)
                  0001412c    00000048                              : cs.o (.text:_CSGetDividerValue)
                  00014174    00000048     rtsv7M4_T_le_v4SPD16_eabi.lib : fd_toi_t2.asm.obj (.text)
                  000141bc    00000044                                   : autoinit.c.obj (.text:__TI_auto_init_nobinit_nopinit:__TI_auto_init_nobinit_nopinit)
                  00014200    0000003e     msp432p4xx_driverlib.lib : i2c.o (.text:I2C_initMaster)
                  0001423e    0000003e     rtsv7M4_T_le_v4SPD16_eabi.lib : _printfi.c.obj (.text:_fcpy)
                  0001427c    00000038     msp432p4xx_driverlib.lib : i2c.o (.text:I2C_masterSendMultiByteStart)
                  000142b4    00000038     rtsv7M4_T_le_v4SPD16_eabi.lib : boot_cortex_m.c.obj (.text:_c_int00_noargs:_c_int00_noargs)
                  000142ec    00000034     BSP.obj (.text)
                  00014320    00000030     msp432p4xx_driverlib.lib : i2c.o (.text:I2C_masterSendMultiByteStop)
                  00014350    00000030     rtsv7M4_T_le_v4SPD16_eabi.lib : snprintf.c.obj (.text:_outs)
                  00014380    0000002e                                   : i_tofd_t2.asm.obj (.text)
                  000143ae    0000002c     msp432p4xx_driverlib.lib : pcm.o (.text:PCM_getCoreVoltageLevel)
                  000143da    0000002a                              : pcm.o (.text:PCM_getPowerMode)
                  00014404    00000028                              : flash.o (.text:FlashCtl_setWaitState)
                  0001442c    00000028                              : pcm.o (.text:PCM_gotoLPM0)
                  00014454    00000026     demo_sysctl.obj (.text)
                  0001447a    00000002     --HOLE-- [fill = 0]
                  0001447c    00000024     msp432p4xx_driverlib.lib : cs.o (.text:CS_clearInterruptFlag)
                  000144a0    00000024                              : cs.o (.text:CS_setDCOCenteredFrequency)
                  000144c4    00000024                              : i2c.o (.text:I2C_masterSendMultiByteNext)
                  000144e8    00000024                              : interrupt.o (.text:Interrupt_setPriority)
                  0001450c    00000024                              : rtc_c.o (.text:RTC_C_holdClock)
                  00014530    00000024                              : uart.o (.text:UART_transmitData)
                  00014554    0000001c     rtsv7M4_T_le_v4SPD16_eabi.lib : memccpy.c.obj (.text:memccpy)
                  00014570    00000018     msp432p4xx_driverlib.lib : cs.o (.text:CS_getMCLK)
                  00014588    00000018                              : cs.o (.text:CS_getSMCLK)
                  000145a0    00000018                              : wdt_a.o (.text:WDT_A_clearTimer)
                  000145b8    00000018                              : wdt_a.o (.text:WDT_A_holdTimer)
                  000145d0    00000018     rtsv7M4_T_le_v4SPD16_eabi.lib : snprintf.c.obj (.text:_outc)
                  000145e8    00000018                                   : ll_mul_t2.asm.obj (.text)
                  00014600    00000016                                   : strchr.c.obj (.text:strchr)
                  00014616    00000002     --HOLE-- [fill = 0]
                  00014618    00000014     msp432p4xx_driverlib.lib : cs.o (.text:CS_setExternalClockSourceFrequency)
                  0001462c    00000014                              : i2c.o (.text:I2C_isBusBusy)
                  00014640    00000014                              : systick.o (.text:SysTick_enableInterrupt)
                  00014654    00000014                              : systick.o (.text:SysTick_enableModule)
                  00014668    00000014     rtsv7M4_T_le_v4SPD16_eabi.lib : s_copysign.c.obj (.text:copysign)
                  0001467c    00000014     main.obj (.text)
                  00014690    00000014     rtsv7M4_T_le_v4SPD16_eabi.lib : strlen.c.obj (.text:strlen)
                  000146a4    00000012                                   : wcslen.c.obj (.text:wcslen)
                  000146b6    00000010     msp432p4xx_driverlib.lib : i2c.o (.text:I2C_masterReceiveStart)
                  000146c6    00000010                              : interrupt.o (.text:Interrupt_enableMaster)
                  000146d6    00000010                              : pcm.o (.text:PCM_gotoLPM4)
                  000146e6    00000002     --HOLE-- [fill = 0]
                  000146e8    00000010                              : sysctl.o (.text:SysCtl_disableNMISource)
                  000146f8    00000010                              : sysctl.o (.text:SysCtl_enableNMISource)
                  00014708    0000000e     G8RTOS_CriticalSection.obj (.text)
                  00014716    0000000e     msp432p4xx_driverlib.lib : i2c.o (.text:I2C_clearInterruptFlag)
                  00014724    0000000e                              : i2c.o (.text:I2C_disableInterrupt)
                  00014732    0000000e     rtsv7M4_T_le_v4SPD16_eabi.lib : copy_decompress_none.c.obj (.text:decompress:none:__TI_decompress_none)
                  00014740    0000000e     startup_msp432p401r_ccs.obj (.text)
                  0001474e    0000000c     msp432p4xx_driverlib.lib : cpu.o (.text:CPU_cpsie)
                  0001475a    0000000c                              : i2c.o (.text:I2C_disableModule)
                  00014766    0000000c                              : i2c.o (.text:I2C_enableModule)
                  00014772    00000002     --HOLE-- [fill = 0]
                  00014774    0000000c                              : pcm.o (.text:PCM_getPowerState)
                  00014780    0000000c                              : sysctl.o (.text:SysCtl_getNMISourceStatus)
                  0001478c    0000000c                              : systick.o (.text:SysTick_setPeriod)
                  00014798    0000000c                              : uart.o (.text:UART_enableModule)
                  000147a4    0000000c     rtsv7M4_T_le_v4SPD16_eabi.lib : copy_zero_init.c.obj (.text:decompress:ZI:__TI_zero_init)
                  000147b0    00000008     msp432p4xx_driverlib.lib : i2c.o (.text:I2C_enableInterrupt)
                  000147b8    00000008                              : pcm.o (.text:PCM_setCoreVoltageLevel)
                  000147c0    00000008                              : pcm.o (.text:PCM_setPowerMode)
                  000147c8    00000008                              : pcm.o (.text:PCM_setPowerState)
                  000147d0    00000008     rtsv7M4_T_le_v4SPD16_eabi.lib : errno.c.obj (.text:__aeabi_errno_addr)
                  000147d8    00000006     msp432p4xx_driverlib.lib : cs.o (.text:CS_startHFXT)
                  000147de    00000006                              : i2c.o (.text:I2C_getEnabledInterruptStatus)
                  000147e4    00000006                              : i2c.o (.text:I2C_getInterruptStatus)
                  000147ea    00000006                              : i2c.o (.text:I2C_masterReceiveMultiByteNext)
                  000147f0    00000006     demo_sysctl.obj (.text:SysCtlDelay)
                  000147f6    00000004     msp432p4xx_driverlib.lib : cpu.o (.text:CPU_wfi)
                  000147fa    00000004                              : i2c.o (.text:I2C_setSlaveAddress)
                  000147fe    00000004     rtsv7M4_T_le_v4SPD16_eabi.lib : pre_init.c.obj (.text:_system_pre_init)
                  00014802    00000004                                   : exit.c.obj (.text:abort:abort)

.const     0    00014808    000001d6     
                  00014808    00000101     rtsv7M4_T_le_v4SPD16_eabi.lib : ctype.c.obj (.const:.string:_ctypes_)
                  00014909    00000003     bmi160.obj (.const:.string:INVALID_OFFSET)
                  0001490c    00000050     msp432p4xx_driverlib.lib : interrupt.o (.const:g_pulRegs)
                  0001495c    00000040                              : interrupt.o (.const)
                  0001499c    00000024     BackChannelUart.obj (.const:backChannelUart115200Config)
                  000149c0    0000000c     bmi160.obj (.const:yas532_version_ac_coef)
                  000149cc    00000008     bmi160.obj (.const:v_calib_data$2)
                  000149d4    00000005     bme280_support.obj (.const:.string:$P$T0$1)
                  000149d9    00000005     bmi160.obj (.const:.string:v_correct_u8$1)

.cinit     0    000149e0    00000070     
                  000149e0    00000046     (.cinit..data.load) [load image, compression = lzss]
                  00014a26    00000002     --HOLE-- [fill = 0]
                  00014a28    0000000c     (__TI_handler_table)
                  00014a34    00000004     --HOLE-- [fill = 0]
                  00014a38    00000008     (.cinit..bss.load) [load image, compression = zero_init]
                  00014a40    00000010     (__TI_cinit_table)

.init_array 
*          0    00000000    00000000     UNINITIALIZED

.binit     0    00000000    00000000     

.bss       0    20000000    00009268     UNINITIALIZED
                  20000000    00008000     G8RTOS_Scheduler.obj (.bss:threadStacks)
                  20008000    00000580     G8RTOS_Scheduler.obj (.bss:threadControlBlocks)
                  20008580    0000036c     (.common:accel_fifo)
                  200088ec    0000036c     (.common:gyro_fifo)
                  20008c58    0000036c     (.common:mag_fifo)
                  20008fc4    00000100     BackChannelUart.obj (.bss:backChannelStringBuff)
                  200090c4    00000090     G8RTOS_Scheduler.obj (.bss:Pthread)
                  20009154    00000070     bmi160.obj (.bss:yas532_data)
                  200091c4    0000003c     (.common:bme280)
                  20009200    00000014     (.common:s_bmi160)
                  20009214    00000010     bmi160.obj (.bss:mag_trim)
                  20009224    00000008     G8RTOS_Scheduler.obj (.bss)
                  2000922c    00000006     (.common:accelxyz)
                  20009232    00000006     (.common:gyroxyz)
                  20009238    00000004     bme280.obj (.bss)
                  2000923c    00000004     bmi160.obj (.bss)
                  20009240    00000004     tmp007.obj (.bss:buf)
                  20009244    00000004     (.common:ButtonFunction)
                  20009248    00000004     (.common:CurrentlyRunningThread)
                  2000924c    00000004     (.common:SystemTime)
                  20009250    00000004     (.common:g_ui32ByteCount)
                  20009254    00000004     (.common:hfxtFreq)
                  20009258    00000004     (.common:lfxtFreq)
                  2000925c    00000004     (.common:pData)
                  20009260    00000003     bmi160.obj (.bss:akm_asa_data)
                  20009263    00000001     (.common:IntIsMasked)
                  20009264    00000002     tmp007.obj (.bss)
                  20009266    00000001     (.common:ui8DummyRead)
                  20009267    00000001     (.common:ui8Status)

.data      0    20009268    0000045d     UNINITIALIZED
                  20009268    00000400     bmi160.obj (.data:v_fifo_data_u8)
                  20009668    00000030     msp432p4xx_driverlib.lib : gpio.o (.data:GPIO_PORT_TO_BASE)
                  20009698    00000014     i2c_driver.obj (.data:i2cConfig)
                  200096ac    00000008     bmi160.obj (.data)
                  200096b4    00000004     G8RTOS_Scheduler.obj (.data)
                  200096b8    00000004     board.obj (.data)
                  200096bc    00000004     rtsv7M4_T_le_v4SPD16_eabi.lib : errno.c.obj (.data)
                  200096c0    00000004     system_msp432p401r.obj (.data)
                  200096c4    00000001     i2c_driver.obj (.data)

.stack     0    2000fe00    00000200     UNINITIALIZED
                  2000fe00    00000004     rtsv7M4_T_le_v4SPD16_eabi.lib : boot_cortex_m.c.obj (.stack)
                  2000fe04    000001fc     --HOLE--

MODULE SUMMARY

       Module                        code    ro data   rw data
       ------                        ----    -------   -------
    .\
       system_msp432p401r.obj        820     0         8      
       startup_msp432p401r_ccs.obj   14      228       0      
       main.obj                      20      0         0      
    +--+-----------------------------+-------+---------+---------+
       Total:                        854     228       8      
                                                              
    .\BoardSupportPackage\src\
       bmi160.obj                    54752   28        7590   
       bme280.obj                    6160    0         8      
       bmi160_support.obj            3112    0         64     
       BackChannelUart.obj           760     36        512    
       i2c_driver.obj                864     0         62     
       bme280_support.obj            736     5         120    
       RGBLeds.obj                   760     0         0      
       tmp007.obj                    564     0         12     
       Joystick.obj                  376     0         8      
       opt3001.obj                   254     0         0      
       ClockSys.obj                  132     0         0      
       BSP.obj                       52      0         0      
       demo_sysctl.obj               44      0         0      
    +--+-----------------------------+-------+---------+---------+
       Total:                        68566   69        8376   
                                                              
    .\G8RTOS_Empty_Lab3\
       G8RTOS_Scheduler.obj          1864    0         68680  
       G8RTOS_SchedulerASM.obj       76      0         0      
       G8RTOS_CriticalSection.obj    14      0         0      
    +--+-----------------------------+-------+---------+---------+
       Total:                        1954    0         68680  
                                                              
    .\Libraries\CC3100SupportPackage\board\
       board.obj                     848     0         10     
    +--+-----------------------------+-------+---------+---------+
       Total:                        848     0         10     
                                                              
    ../BoardSupportPackage/DriverLib/msp432p4xx_driverlib.lib
       cs.o                          1202    0         16     
       pcm.o                         1194    0         0      
       interrupt.o                   252     144       0      
       i2c.o                         320     0         0      
       gpio.o                        148     0         96     
       uart.o                        196     0         0      
       sysctl.o                      124     0         0      
       systick.o                     52      0         0      
       wdt_a.o                       48      0         0      
       flash.o                       40      0         0      
       rtc_c.o                       36      0         0      
       cpu.o                         16      0         0      
    +--+-----------------------------+-------+---------+---------+
       Total:                        3628    144       112    
                                                              
    C:\ti\ccsv8\tools\compiler\ti-cgt-arm_18.1.4.LTS\lib\rtsv7M4_T_le_v4SPD16_eabi.lib
       _printfi.c.obj                4867    0         0      
       fd_add_t2.asm.obj             438     0         0      
       fd_div_t2.asm.obj             310     0         0      
       s_scalbn.c.obj                272     0         0      
       fd_cmp_t2.asm.obj             268     0         0      
       ctype.c.obj                   0       257       0      
       fd_mul_t2.asm.obj             252     0         0      
       memcpy_t2.asm.obj             156     0         0      
       ull_div_t2.asm.obj            150     0         0      
       snprintf.c.obj                148     0         0      
       memset_t2.asm.obj             122     0         0      
       ll_div_t2.asm.obj             110     0         0      
       copy_decompress_lzss.c.obj    104     0         0      
       s_frexp.c.obj                 100     0         0      
       ltoa.c.obj                    84      0         0      
       atoi.c.obj                    76      0         0      
       fd_toi_t2.asm.obj             72      0         0      
       autoinit.c.obj                68      0         0      
       boot_cortex_m.c.obj           56      0         0      
       i_tofd_t2.asm.obj             46      0         0      
       memccpy.c.obj                 28      0         0      
       ll_mul_t2.asm.obj             24      0         0      
       strchr.c.obj                  22      0         0      
       s_copysign.c.obj              20      0         0      
       strlen.c.obj                  20      0         0      
       wcslen.c.obj                  18      0         0      
       errno.c.obj                   8       0         8      
       copy_decompress_none.c.obj    14      0         0      
       copy_zero_init.c.obj          12      0         0      
       exit.c.obj                    4       0         0      
       pre_init.c.obj                4       0         0      
       div0.asm.obj                  2       0         0      
    +--+-----------------------------+-------+---------+---------+
       Total:                        7875    257       8      
                                                              
       Stack:                        0       0         1024   
       Linker Generated:             0       106       0      
    +--+-----------------------------+-------+---------+---------+
       Grand Total:                  83725   804       78218  


LINKER GENERATED COPY TABLES

__TI_cinit_table @ 00014a40 records: 2, size/record: 8, table size: 16
	.data: load addr=000149e0, load size=00000046 bytes, run addr=20009268, run size=0000045d bytes, compression=lzss
	.bss: load addr=00014a38, load size=00000008 bytes, run addr=20000000, run size=00009268 bytes, compression=zero_init


LINKER GENERATED HANDLER TABLE

__TI_handler_table @ 00014a28 records: 3, size/record: 4, table size: 12
	index: 0, handler: __TI_decompress_lzss
	index: 1, handler: __TI_decompress_none
	index: 2, handler: __TI_zero_init


GLOBAL SYMBOLS: SORTED ALPHABETICALLY BY Name 

address   name                                                  
-------   ----                                                  
0001474d  ADC14_IRQHandler                                      
0001474d  AES256_IRQHandler                                     
00011e19  BME280_I2C_bus_read                                   
00011ded  BME280_I2C_bus_write                                  
00011e45  BME280_SPI_bus_read                                   
00011eab  BME280_SPI_bus_write                                  
00011f1b  BME280_delay_msek                                     
000142ed  BSP_InitBoard                                         
0001172d  BackChannelEventTrigger                               
000116a7  BackChannelInit                                       
00011745  BackChannelOpt3001PrintRaw                            
000116c3  BackChannelPrint                                      
0001170f  BackChannelPrintIntVariable                           
00011787  BackupChannelBmi160PrintAccel                         
000117b3  BackupChannelBmi160PrintGyro                          
000117df  BackupChannelBmi160PrintMag                           
00011761  BackupChannelTmp007PrintRaw                           
0001474d  BusFault_Handler                                      
20009244  ButtonFunction                                        
00014803  C$$EXIT                                               
0001105b  CC3100_InterruptDisable                               
00011031  CC3100_InterruptEnable                                
00011019  CC3100_disable                                        
00011025  CC3100_enable                                         
0001474d  COMP_E0_IRQHandler                                    
0001474d  COMP_E1_IRQHandler                                    
0001474f  CPU_cpsie                                             
000147f7  CPU_wfi                                               
0001474d  CS_IRQHandler                                         
0001447d  CS_clearInterruptFlag                                 
00012f45  CS_getDCOFrequency                                    
00014571  CS_getMCLK                                            
00014589  CS_getSMCLK                                           
00013245  CS_initClockSignal                                    
000144a1  CS_setDCOCenteredFrequency                            
00014619  CS_setExternalClockSourceFrequency                    
000147d9  CS_startHFXT                                          
00013565  CS_startHFXTWithTimeout                               
000139df  ClockSys_GetSysFreq                                   
00013971  ClockSys_SetMaxFreq                                   
20009248  CurrentlyRunningThread                                
0001474d  DMA_ERR_IRQHandler                                    
0001474d  DMA_INT0_IRQHandler                                   
0001474d  DMA_INT1_IRQHandler                                   
0001474d  DMA_INT2_IRQHandler                                   
0001474d  DMA_INT3_IRQHandler                                   
0001474d  DebugMon_Handler                                      
0001474d  Default_Handler                                       
000112b7  Delay                                                 
00014455  DelayMs                                               
00012a05  Disable_Joystick_Interrupt                            
00011305  EUSCIA0_IRQHandler                                    
00011305  EUSCIA0_IRQHandler                                    
0001474d  EUSCIA1_IRQHandler                                    
0001474d  EUSCIA2_IRQHandler                                    
0001474d  EUSCIA3_IRQHandler                                    
0001474d  EUSCIB0_IRQHandler                                    
00010f3d  EUSCIB1_IRQHandler                                    
00010f3d  EUSCIB1_IRQHandler                                    
0001474d  EUSCIB2_IRQHandler                                    
0001474d  EUSCIB3_IRQHandler                                    
00014711  EndCriticalSection                                    
0001474d  FLCTL_IRQHandler                                      
0001474d  FPU_IRQHandler                                        
00014405  FlashCtl_setWaitState                                 
00010c1d  G8RTOS_AddAPeriodicEvent                              
000109f5  G8RTOS_AddPeriodicEvent                               
000107e9  G8RTOS_AddThread                                      
00010ad3  G8RTOS_GetThreadId                                    
00010725  G8RTOS_Init                                           
00010bb5  G8RTOS_KillSelf                                       
00010ae9  G8RTOS_KillThread                                     
00010751  G8RTOS_Launch                                         
000105f9  G8RTOS_Scheduler                                      
00013f6d  G8RTOS_Start                                          
000140e5  GPIO_setAsPeripheralModuleFunctionInputPin            
00013fb5  GPIO_setAsPeripheralModuleFunctionOutputPin           
00012a1b  GetJoystickCoordinates                                
00011203  GetLEDStatus                                          
0001474d  HardFault_Handler                                     
00014717  I2C_clearInterruptFlag                                
00014725  I2C_disableInterrupt                                  
0001475b  I2C_disableModule                                     
000147b1  I2C_enableInterrupt                                   
00014767  I2C_enableModule                                      
000147df  I2C_getEnabledInterruptStatus                         
000147e5  I2C_getInterruptStatus                                
00014201  I2C_initMaster                                        
0001462d  I2C_isBusBusy                                         
000147eb  I2C_masterReceiveMultiByteNext                        
000146b7  I2C_masterReceiveStart                                
000144c5  I2C_masterSendMultiByteNext                           
0001427d  I2C_masterSendMultiByteStart                          
00014321  I2C_masterSendMultiByteStop                           
00011dbb  I2C_routine                                           
000147fb  I2C_setSlaveAddress                                   
20009263  IntIsMasked                                           
00013ca1  Interrupt_disableInterrupt                            
00013d05  Interrupt_enableInterrupt                             
000146c7  Interrupt_enableMaster                                
000144e9  Interrupt_setPriority                                 
00012951  Joystick_Init_Without_Interrupt                       
000129af  Joystick_Push_Button_Init_With_Interrupt              
00011981  LP3943_LedModeSet                                     
00011079  MaskIntHdlr                                           
0001474d  MemManage_Handler                                     
0001474d  NMI_Handler                                           
0001474d  PCM_IRQHandler                                        
000143af  PCM_getCoreVoltageLevel                               
000143db  PCM_getPowerMode                                      
00014775  PCM_getPowerState                                     
0001442d  PCM_gotoLPM0                                          
000139f5  PCM_gotoLPM3                                          
000146d7  PCM_gotoLPM4                                          
000147b9  PCM_setCoreVoltageLevel                               
000147c1  PCM_setPowerMode                                      
000147c9  PCM_setPowerState                                     
00013ec9  PCM_shutdownDevice                                    
000112b5  PORT1_IRQHandler                                      
000112b5  PORT1_IRQHandler                                      
000112df  PORT2_IRQHandler                                      
000112df  PORT2_IRQHandler                                      
0001474d  PORT3_IRQHandler                                      
0001474d  PORT4_IRQHandler                                      
0001474d  PORT5_IRQHandler                                      
0001474d  PORT6_IRQHandler                                      
0001474d  PSS_IRQHandler                                        
00013f8d  PendSV_Handler                                        
00013f8d  PendSV_Handler                                        
0001474d  RTC_C_IRQHandler                                      
0001450d  RTC_C_holdClock                                       
00014741  Reset_Handler                                         
00011dd7  SPI_routine                                           
0001474d  SVC_Handler                                           
00011271  SelAntenna                                            
00014709  StartCriticalSection                                  
000147f1  SysCtlDelay                                           
000146e9  SysCtl_disableNMISource                               
000146f9  SysCtl_enableNMISource                                
00014781  SysCtl_getNMISourceStatus                             
00013f19  SysCtl_getTLVInfo                                     
0001067b  SysTick_Handler                                       
0001067b  SysTick_Handler                                       
00014641  SysTick_enableInterrupt                               
00014655  SysTick_enableModule                                  
0001478d  SysTick_setPeriod                                     
200096c0  SystemCoreClock                                       
00011355  SystemCoreClockUpdate                                 
000115cd  SystemInit                                            
2000924c  SystemTime                                            
0001474d  T32_INT1_IRQHandler                                   
0001474d  T32_INT2_IRQHandler                                   
0001474d  T32_INTC_IRQHandler                                   
0001474d  TA0_0_IRQHandler                                      
0001474d  TA0_N_IRQHandler                                      
0001474d  TA1_0_IRQHandler                                      
0001474d  TA1_N_IRQHandler                                      
0001474d  TA2_0_IRQHandler                                      
0001474d  TA2_N_IRQHandler                                      
0001474d  TA3_0_IRQHandler                                      
0001474d  TA3_N_IRQHandler                                      
00014799  UART_enableModule                                     
000137d1  UART_initModule                                       
00014531  UART_transmitData                                     
00011081  UnMaskIntHdlr                                         
0001474d  UsageFault_Handler                                    
200096ac  V_bmm150_maual_auto_condition_u8                      
200096b0  V_fifo_time_U32                                       
4000480c  WDTCTL_SYM                                            
0001474d  WDT_A_IRQHandler                                      
000145a1  WDT_A_clearTimer                                      
000145b9  WDT_A_holdTimer                                       
20010000  __STACK_END                                           
00000200  __STACK_SIZE                                          
00014a40  __TI_CINIT_Base                                       
00014a50  __TI_CINIT_Limit                                      
00014a28  __TI_Handler_Table_Base                               
00014a34  __TI_Handler_Table_Limit                              
000141bd  __TI_auto_init_nobinit_nopinit                        
00013c39  __TI_decompress_lzss                                  
00014733  __TI_decompress_none                                  
ffffffff  __TI_pprof_out_hndl                                   
0000fafd  __TI_printfi                                          
ffffffff  __TI_prof_data_size                                   
ffffffff  __TI_prof_data_start                                  
00000000  __TI_static_base__                                    
000147a5  __TI_zero_init                                        
00013865  __aeabi_cdcmpeq                                       
00013865  __aeabi_cdcmple                                       
000138eb  __aeabi_cdrcmple                                      
00014175  __aeabi_d2iz                                          
000125d7  __aeabi_dadd                                          
00012bd9  __aeabi_ddiv                                          
00013147  __aeabi_dmul                                          
000125cd  __aeabi_dsub                                          
000147d1  __aeabi_errno_addr                                    
00014381  __aeabi_i2d                                           
0001055b  __aeabi_idiv0                                         
0001055b  __aeabi_ldiv0                                         
00013bcb  __aeabi_ldivmod                                       
000145e9  __aeabi_lmul                                          
00013a71  __aeabi_memclr                                        
00013a71  __aeabi_memclr4                                       
00013a71  __aeabi_memclr8                                       
0001369d  __aeabi_memcpy                                        
0001369d  __aeabi_memcpy4                                       
0001369d  __aeabi_memcpy8                                       
00013a73  __aeabi_memset                                        
00013a73  __aeabi_memset4                                       
00013a73  __aeabi_memset8                                       
00013739  __aeabi_uldivmod                                      
ffffffff  __binit__                                             
ffffffff  __c_args__                                            
UNDEFED   __mpu_init                                            
2000fe00  __stack                                               
000142b5  _c_int00_noargs                                       
00014808  _ctypes_                                              
UNDEFED   _system_post_cinit                                    
000147ff  _system_pre_init                                      
00014803  abort                                                 
20008580  accel_fifo                                            
2000922c  accelxyz                                              
0001404d  atoi                                                  
ffffffff  binit                                                 
200091c4  bme280                                                
0000da03  bme280_compensate_humidity_int32                      
0000dab9  bme280_compensate_humidity_int32_sixteen_bit_output   
0000d87d  bme280_compensate_pressure_int32                      
0000ec41  bme280_compensate_pressure_int64                      
0000ee43  bme280_compensate_pressure_int64_twentyfour_bit_output
0000d77b  bme280_compensate_temperature_int32                   
0000d7f3  bme280_compensate_temperature_int32_sixteen_bit_output
0000ee5d  bme280_compute_wait_time                              
00011c79  bme280_data_readout_template                          
0000dbd3  bme280_get_calib_param                                
0000e693  bme280_get_filter                                     
0000e9f7  bme280_get_forced_uncomp_pressure_temperature_humidity
0000e0ef  bme280_get_oversamp_humidity                          
0000df37  bme280_get_oversamp_pressure                          
0000dd75  bme280_get_oversamp_temperature                       
0000e2dd  bme280_get_power_mode                                 
0000e4e5  bme280_get_spi3                                       
0000e847  bme280_get_standby_durn                               
0000d6c5  bme280_init                                           
00011d65  bme280_initialize_sensor                              
0000db73  bme280_read_pressure_temperature_humidity             
0000ebfb  bme280_read_register                                  
0000d9ad  bme280_read_uncomp_humidity                           
0000d81d  bme280_read_uncomp_pressure                           
0000dae1  bme280_read_uncomp_pressure_temperature_humidity      
0000d71b  bme280_read_uncomp_temperature                        
0000e6e3  bme280_set_filter                                     
0000e149  bme280_set_oversamp_humidity                          
0000df93  bme280_set_oversamp_pressure                          
0000ddd1  bme280_set_oversamp_temperature                       
0000e32b  bme280_set_power_mode                                 
0000e4a5  bme280_set_soft_rst                                   
0000e533  bme280_set_spi3                                       
0000e897  bme280_set_standby_durn                               
0000ebb5  bme280_write_register                                 
00007511  bmi160_accel_foc_trigger_xyz                          
0000ac11  bmi160_bmm150_mag_compensate_X                        
0000acbb  bmi160_bmm150_mag_compensate_Y                        
0000ad65  bmi160_bmm150_mag_compensate_Z                        
0000abb5  bmi160_bmm150_mag_compensate_xyz                      
0000ae05  bmi160_bmm150_mag_interface_init                      
0000b2a7  bmi160_bmm150_mag_set_power_mode                      
0000b0b1  bmi160_bmm150_mag_wakeup                              
0000c00d  bmi160_bst_akm_compensate_X                           
0000c03f  bmi160_bst_akm_compensate_Y                           
0000c071  bmi160_bst_akm_compensate_Z                           
0000c0a3  bmi160_bst_akm_compensate_xyz                         
0000bc05  bmi160_bst_akm_mag_interface_init                     
0000c0f1  bmi160_bst_akm_set_powermode                          
0000caa1  bmi160_bst_yamaha_yas532_calib_values                 
0000c47b  bmi160_bst_yamaha_yas532_mag_interface_init           
0000d4e1  bmi160_bst_yas532_acquisition_command_register        
0000c911  bmi160_bst_yas532_magnetic_measure_set_offset         
0000d069  bmi160_bst_yas532_measurement_xyz_data                
0000cef5  bmi160_bst_yas532_normal_measurement_data             
0000c7b1  bmi160_bst_yas532_set_initial_values                  
0000d5a5  bmi160_bst_yas532_set_offset                          
0000ce59  bmi160_bst_yas532_xy1y2_to_linear                     
000095c1  bmi160_clear_step_counter                             
0000ef11  bmi160_config_running_mode                            
0000fac1  bmi160_delay_ms                                       
00001805  bmi160_fifo_data                                      
000017a5  bmi160_fifo_length                                    
0000191d  bmi160_get_accel_bw                                   
00000e21  bmi160_get_accel_data_rdy                             
000021f7  bmi160_get_accel_fifo_filter_data                     
000086ab  bmi160_get_accel_offset_compensation_xaxis            
00008791  bmi160_get_accel_offset_compensation_yaxis            
0000887b  bmi160_get_accel_offset_compensation_zaxis            
00008edb  bmi160_get_accel_offset_enable                        
0000183f  bmi160_get_accel_output_data_rate                     
00000481  bmi160_get_accel_power_mode_stat                      
00001ad9  bmi160_get_accel_range                                
0000829d  bmi160_get_accel_selftest_amp                         
000080e7  bmi160_get_accel_selftest_axis                        
000081bf  bmi160_get_accel_selftest_sign                        
000019ff  bmi160_get_accel_under_sampling_parameter             
00000d85  bmi160_get_data_rdy_mag                               
000002b5  bmi160_get_drop_cmd_err                               
00000219  bmi160_get_err_code                                   
00000351  bmi160_get_error_status                               
000001cd  bmi160_get_fatal_err                                  
000028a5  bmi160_get_fifo_accel_enable                          
0000212f  bmi160_get_fifo_down_accel                            
00001f87  bmi160_get_fifo_down_gyro                             
00002985  bmi160_get_fifo_gyro_enable                           
000026f1  bmi160_get_fifo_header_enable                         
000027cb  bmi160_get_fifo_mag_enable                            
0000235f  bmi160_get_fifo_stop_on_full                          
000025ff  bmi160_get_fifo_tag_intr1_enable                      
00002511  bmi160_get_fifo_tag_intr2_enable                      
00002437  bmi160_get_fifo_time_enable                           
000022d1  bmi160_get_fifo_wm                                    
000070db  bmi160_get_foc_accel_x                                
00007001  bmi160_get_foc_accel_y                                
00006f3b  bmi160_get_foc_accel_z                                
0000775b  bmi160_get_foc_gyro_enable                            
00000ce5  bmi160_get_foc_rdy                                    
00001ce5  bmi160_get_gyro_bw                                    
00000dd3  bmi160_get_gyro_data_rdy                              
00002055  bmi160_get_gyro_fifo_filter_data                      
00008961  bmi160_get_gyro_offset_compensation_xaxis             
00008b31  bmi160_get_gyro_offset_compensation_yaxis             
00008d09  bmi160_get_gyro_offset_compensation_zaxis             
00008fab  bmi160_get_gyro_offset_enable                         
00001bc9  bmi160_get_gyro_output_data_rate                      
00000433  bmi160_get_gyro_power_mode_stat                       
00001dbf  bmi160_get_gyro_range                                 
00000c49  bmi160_get_gyro_selftest                              
00008377  bmi160_get_gyro_selftest_start                        
00007f33  bmi160_get_gyro_sleep_state                           
00007d7b  bmi160_get_gyro_sleep_trigger                         
0000800d  bmi160_get_gyro_wakeup_intr                           
00007e53  bmi160_get_gyro_wakeup_trigger                        
00002a5f  bmi160_get_i2c_device_addr                            
00000267  bmi160_get_i2c_fail_err                               
00007bc7  bmi160_get_i2c_wdt_enable                             
00007ae7  bmi160_get_i2c_wdt_select                             
00007ca1  bmi160_get_if_mode                                    
000041f3  bmi160_get_input_enable                               
000046ed  bmi160_get_intr_any_motion                            
00005dbf  bmi160_get_intr_any_motion_durn                       
00005f53  bmi160_get_intr_any_motion_thres                      
00005519  bmi160_get_intr_data_rdy                              
00004a31  bmi160_get_intr_double_tap                            
00003ae5  bmi160_get_intr_edge_ctrl                             
00002f23  bmi160_get_intr_enable_0                              
00003393  bmi160_get_intr_enable_1                              
000037fb  bmi160_get_intr_enable_2                              
000051fd  bmi160_get_intr_fifo_full                             
00005389  bmi160_get_intr_fifo_wm                               
00004ee1  bmi160_get_intr_flat                                  
00006d83  bmi160_get_intr_flat_hold                             
00006e63  bmi160_get_intr_flat_hyst                             
00006cab  bmi160_get_intr_flat_theta                            
00004561  bmi160_get_intr_high_g                                
00005cb3  bmi160_get_intr_high_g_durn                           
00005beb  bmi160_get_intr_high_g_hyst                           
00005d39  bmi160_get_intr_high_g_thres                          
00003c6d  bmi160_get_intr_level                                 
0000437f  bmi160_get_intr_low_g                                 
00005937  bmi160_get_intr_low_g_durn                            
00005a43  bmi160_get_intr_low_g_hyst                            
00005b11  bmi160_get_intr_low_g_mode                            
000059bd  bmi160_get_intr_low_g_thres                           
0000577f  bmi160_get_intr_low_high_source                       
0000585d  bmi160_get_intr_motion_source                         
000048a5  bmi160_get_intr_nomotion                              
00004d4f  bmi160_get_intr_orient                                
00006bd1  bmi160_get_intr_orient_axes_enable                    
00006879  bmi160_get_intr_orient_blocking                       
00006953  bmi160_get_intr_orient_hyst                           
0000679b  bmi160_get_intr_orient_mode                           
00006a1b  bmi160_get_intr_orient_theta                          
00006af3  bmi160_get_intr_orient_ud_enable                      
00003dff  bmi160_get_intr_output_type                           
0000506d  bmi160_get_intr_pmu_trig                              
000062f1  bmi160_get_intr_significant_motion_proof              
0000613d  bmi160_get_intr_significant_motion_select             
00006217  bmi160_get_intr_significant_motion_skip               
00004bc3  bmi160_get_intr_single_tap                            
00005e8b  bmi160_get_intr_slow_no_motion_durn                   
0000605f  bmi160_get_intr_slow_no_motion_select                 
00005fd9  bmi160_get_intr_slow_no_motion_thres                  
000063cb  bmi160_get_intr_tap_durn                              
000065fb  bmi160_get_intr_tap_quiet                             
00006521  bmi160_get_intr_tap_shock                             
000056a5  bmi160_get_intr_tap_source                            
000066d5  bmi160_get_intr_tap_thres                             
0000411b  bmi160_get_latch_intr                                 
00002b27  bmi160_get_mag_burst                                  
00000303  bmi160_get_mag_dada_rdy_err                           
00002cb9  bmi160_get_mag_manual_enable                          
00000c97  bmi160_get_mag_manual_operation_stat                  
00002bed  bmi160_get_mag_offset                                 
00001e97  bmi160_get_mag_output_data_rate                       
000003e1  bmi160_get_mag_power_mode_stat                        
00002d91  bmi160_get_mag_read_addr                              
00002e17  bmi160_get_mag_write_addr                             
00002e9d  bmi160_get_mag_write_data                             
000085e3  bmi160_get_nvm_counter                                
00007935  bmi160_get_nvm_prog_enable                            
00000d33  bmi160_get_nvm_rdy                                    
00003f8b  bmi160_get_output_enable                              
00009701  bmi160_get_paging_enable                              
0000d6ab  bmi160_get_ptr                                        
000097db  bmi160_get_pullup_configuration                       
00000bed  bmi160_get_sensor_time                                
00008517  bmi160_get_spare0_trim                                
00007a0f  bmi160_get_spi3                                       
00008451  bmi160_get_spi_enable                                 
00000f09  bmi160_get_stat0_any_motion_intr                      
00000fa5  bmi160_get_stat0_double_tap_intr                      
00001095  bmi160_get_stat0_flat_intr                            
00001041  bmi160_get_stat0_orient_intr                          
00000f57  bmi160_get_stat0_pmu_trigger_intr                     
00000ebb  bmi160_get_stat0_significant_intr                     
00000ff3  bmi160_get_stat0_single_tap_intr                      
00000e6f  bmi160_get_stat0_step_intr                            
0000117f  bmi160_get_stat1_data_rdy_intr                        
000011cd  bmi160_get_stat1_fifo_full_intr                       
0000121b  bmi160_get_stat1_fifo_wm_intr                         
000010e3  bmi160_get_stat1_high_g_intr                          
00001131  bmi160_get_stat1_low_g_intr                           
00001269  bmi160_get_stat1_nomotion_intr                        
000012b7  bmi160_get_stat2_any_motion_first_x                   
00001303  bmi160_get_stat2_any_motion_first_y                   
00001351  bmi160_get_stat2_any_motion_first_z                   
000013a5  bmi160_get_stat2_any_motion_sign                      
000013f3  bmi160_get_stat2_tap_first_x                          
00001441  bmi160_get_stat2_tap_first_y                          
0000148f  bmi160_get_stat2_tap_first_z                          
000014dd  bmi160_get_stat2_tap_sign                             
00001703  bmi160_get_stat3_flat                                 
0000152b  bmi160_get_stat3_high_g_first_x                       
00001577  bmi160_get_stat3_high_g_first_y                       
000015c5  bmi160_get_stat3_high_g_first_z                       
00001613  bmi160_get_stat3_high_g_sign                          
00001661  bmi160_get_stat3_orient_xy                            
000016b5  bmi160_get_stat3_orient_z                             
000090c7  bmi160_get_step_config                                
00009299  bmi160_get_step_counter_enable                        
00003a15  bmi160_get_step_detector_enable                       
00009627  bmi160_get_target_page                                
00001751  bmi160_get_temp                                       
0000fa27  bmi160_i2c_burst_read                                 
0000f9fb  bmi160_i2c_bus_read                                   
0000fa59  bmi160_i2c_bus_write                                  
000000e5  bmi160_init                                           
0000eed5  bmi160_initialize_sensor                              
0000f949  bmi160_interrupt_configuration                        
000093f1  bmi160_map_significant_motion_intr                    
000094d9  bmi160_map_step_detector_intr                         
00000a7d  bmi160_read_accel_x                                   
00000b79  bmi160_read_accel_xyz                                 
00000ad1  bmi160_read_accel_y                                   
00000b25  bmi160_read_accel_z                                   
0000b761  bmi160_read_bmm150_mag_trim                           
0000bf25  bmi160_read_bst_akm_sensitivity_data                  
000098b9  bmi160_read_fifo_header_data                          
0000a289  bmi160_read_fifo_headerless_mode                      
00000909  bmi160_read_gyro_x                                    
00000a05  bmi160_read_gyro_xyz                                  
0000095d  bmi160_read_gyro_y                                    
000009b1  bmi160_read_gyro_z                                    
000006d9  bmi160_read_mag_r                                     
000004cf  bmi160_read_mag_x                                     
00000743  bmi160_read_mag_xyz                                   
0000084d  bmi160_read_mag_xyzr                                  
0000057d  bmi160_read_mag_y                                     
0000062b  bmi160_read_mag_z                                     
00000189  bmi160_read_reg                                       
00009073  bmi160_read_step_count                                
0000196b  bmi160_set_accel_bw                                   
00002245  bmi160_set_accel_fifo_filter_data                     
000071b9  bmi160_set_accel_foc_trigger                          
000086f7  bmi160_set_accel_offset_compensation_xaxis            
000087dd  bmi160_set_accel_offset_compensation_yaxis            
000088c7  bmi160_set_accel_offset_compensation_zaxis            
00008f29  bmi160_set_accel_offset_enable                        
0000188b  bmi160_set_accel_output_data_rate                     
00001b25  bmi160_set_accel_range                                
000082eb  bmi160_set_accel_selftest_amp                         
00008133  bmi160_set_accel_selftest_axis                        
00008211  bmi160_set_accel_selftest_sign                        
00001a4d  bmi160_set_accel_under_sampling_parameter             
0000b181  bmi160_set_bmm150_mag_and_secondary_if_power_mode     
0000b405  bmi160_set_bmm150_mag_presetmode                      
0000c315  bmi160_set_bst_akm_and_secondary_if_powermode         
000095ed  bmi160_set_command_register                           
000028f3  bmi160_set_fifo_accel_enable                          
0000217d  bmi160_set_fifo_down_accel                            
00001fd3  bmi160_set_fifo_down_gyro                             
000029d3  bmi160_set_fifo_gyro_enable                           
0000273f  bmi160_set_fifo_header_enable                         
00002819  bmi160_set_fifo_mag_enable                            
000023ab  bmi160_set_fifo_stop_on_full                          
00002651  bmi160_set_fifo_tag_intr1_enable                      
0000255f  bmi160_set_fifo_tag_intr2_enable                      
00002485  bmi160_set_fifo_time_enable                           
00002325  bmi160_set_fifo_wm                                    
00007129  bmi160_set_foc_accel_x                                
0000704f  bmi160_set_foc_accel_y                                
00006f87  bmi160_set_foc_accel_z                                
000077a9  bmi160_set_foc_gyro_enable                            
00001d33  bmi160_set_gyro_bw                                    
000020a3  bmi160_set_gyro_fifo_filter_data                      
00008a15  bmi160_set_gyro_offset_compensation_xaxis             
00008bed  bmi160_set_gyro_offset_compensation_yaxis             
00008dbf  bmi160_set_gyro_offset_compensation_zaxis             
00008ff9  bmi160_set_gyro_offset_enable                         
00001c15  bmi160_set_gyro_output_data_rate                      
00001e0b  bmi160_set_gyro_range                                 
000083c5  bmi160_set_gyro_selftest_start                        
00007f81  bmi160_set_gyro_sleep_state                           
00007dc7  bmi160_set_gyro_sleep_trigger                         
0000805b  bmi160_set_gyro_wakeup_intr                           
00007ea1  bmi160_set_gyro_wakeup_trigger                        
00002aad  bmi160_set_i2c_device_addr                            
00007c15  bmi160_set_i2c_wdt_enable                             
00007b35  bmi160_set_i2c_wdt_select                             
00007cef  bmi160_set_if_mode                                    
0000428d  bmi160_set_input_enable                               
00004787  bmi160_set_intr_any_motion                            
00005e0b  bmi160_set_intr_any_motion_durn                       
00005f9f  bmi160_set_intr_any_motion_thres                      
000055b3  bmi160_set_intr_data_rdy                              
00004acb  bmi160_set_intr_double_tap                            
00003b7b  bmi160_set_intr_edge_ctrl                             
000030b9  bmi160_set_intr_enable_0                              
00003521  bmi160_set_intr_enable_1                              
000038c3  bmi160_set_intr_enable_2                              
00005297  bmi160_set_intr_fifo_full                             
00005423  bmi160_set_intr_fifo_wm                               
00004f7b  bmi160_set_intr_flat                                  
00006dd1  bmi160_set_intr_flat_hold                             
00006eaf  bmi160_set_intr_flat_hyst                             
00006cf7  bmi160_set_intr_flat_theta                            
000045fb  bmi160_set_intr_high_g                                
00005cff  bmi160_set_intr_high_g_durn                           
00005c39  bmi160_set_intr_high_g_hyst                           
00005d85  bmi160_set_intr_high_g_thres                          
00003d07  bmi160_set_intr_level                                 
00004413  bmi160_set_intr_low_g                                 
00005983  bmi160_set_intr_low_g_durn                            
00005a8f  bmi160_set_intr_low_g_hyst                            
00005b5f  bmi160_set_intr_low_g_mode                            
00005a09  bmi160_set_intr_low_g_thres                           
000057d1  bmi160_set_intr_low_high_source                       
000058ab  bmi160_set_intr_motion_source                         
0000493f  bmi160_set_intr_nomotion                              
00004de9  bmi160_set_intr_orient                                
00006c1f  bmi160_set_intr_orient_axes_enable                    
000068c7  bmi160_set_intr_orient_blocking                       
000069a1  bmi160_set_intr_orient_hyst                           
000067ed  bmi160_set_intr_orient_mode                           
00006a67  bmi160_set_intr_orient_theta                          
00006b45  bmi160_set_intr_orient_ud_enable                      
00003e99  bmi160_set_intr_output_type                           
00005103  bmi160_set_intr_pmu_trig                              
0000633f  bmi160_set_intr_significant_motion_proof              
0000618b  bmi160_set_intr_significant_motion_select             
00006265  bmi160_set_intr_significant_motion_skip               
00004c5d  bmi160_set_intr_single_tap                            
00005ed9  bmi160_set_intr_slow_no_motion_durn                   
000060ab  bmi160_set_intr_slow_no_motion_select                 
00006025  bmi160_set_intr_slow_no_motion_thres                  
00006417  bmi160_set_intr_tap_durn                              
00006649  bmi160_set_intr_tap_quiet                             
0000656f  bmi160_set_intr_tap_shock                             
000056f3  bmi160_set_intr_tap_source                            
00006721  bmi160_set_intr_tap_thres                             
00004167  bmi160_set_latch_intr                                 
00002b73  bmi160_set_mag_burst                                  
00002d07  bmi160_set_mag_manual_enable                          
00002c3b  bmi160_set_mag_offset                                 
00001ee3  bmi160_set_mag_output_data_rate                       
00002ddd  bmi160_set_mag_read_addr                              
00002e63  bmi160_set_mag_write_addr                             
00002ee9  bmi160_set_mag_write_data                             
00008631  bmi160_set_nvm_counter                                
00007983  bmi160_set_nvm_prog_enable                            
00004025  bmi160_set_output_enable                              
0000974f  bmi160_set_paging_enable                              
00009829  bmi160_set_pullup_configuration                       
00008569  bmi160_set_spare0_trim                                
00007a5b  bmi160_set_spi3                                       
0000849d  bmi160_set_spi_enable                                 
00009185  bmi160_set_step_config                                
000092e7  bmi160_set_step_counter_enable                        
00003a6b  bmi160_set_step_detector_enable                       
00009373  bmi160_set_step_mode                                  
00009675  bmi160_set_target_page                                
0000fa85  bmi160_spi_bus_read                                   
0000faa3  bmi160_spi_bus_write                                  
00000145  bmi160_write_reg                                      
200096c4  burstMode                                             
00011095  clear_rts                                             
00014669  copysign                                              
00014669  copysignl                                             
200096bc  errno                                                 
00013d69  frexp                                                 
00013d69  frexpl                                                
20009250  g_ui32ByteCount                                       
200088ec  gyro_fifo                                             
20009232  gyroxyz                                               
20009698  i2cConfig                                             
0000f9c3  i2c_routine                                           
0001123d  initAntSelGPIO                                        
000110a1  initClk                                               
00010ce3  initI2C                                               
00011115  initLEDs                                              
00011bff  init_RGBLEDS                                          
00000000  interruptVectors                                      
00012e35  ldexp                                                 
00012e35  ldexpl                                                
00013e23  ltoa                                                  
20008c58  mag_fifo                                              
0001467d  main                                                  
00014555  memccpy                                               
0001369d  memcpy                                                
00013a79  memset                                                
2000925c  pData                                                 
200096b8  pIraEventHandler                                      
00010e65  readBurstI2C                                          
00010d97  readI2C                                               
00011005  registerInterruptHandler                              
20009200  s_bmi160                                              
00012e35  scalbn                                                
00012e35  scalbnl                                               
00013055  sensorOpt3001Enable                                   
00013049  sensorOpt3001Init                                     
00013081  sensorOpt3001Read                                     
000130e5  sensorOpt3001Test                                     
000121d3  sensorTmp007Enable                                    
0001223d  sensorTmp007EnableInterruptConversion                 
000121c9  sensorTmp007Init                                      
00012287  sensorTmp007Read                                      
00012345  sensorTmp007Test                                      
00011089  set_rts                                               
00010aa9  sleep                                                 
00014099  snprintf                                              
0000f9e5  spi_routine                                           
0001110b  stopWDT                                               
00014601  strchr                                                
00014691  strlen                                                
000111cf  toggleLed                                             
0001119b  turnLedOff                                            
00011167  turnLedOn                                             
20009266  ui8DummyRead                                          
20009267  ui8Status                                             
20009268  v_fifo_data_u8                                        
000146a5  wcslen                                                
00010d01  writeI2C                                              


GLOBAL SYMBOLS: SORTED BY Symbol Address 

address   name                                                  
-------   ----                                                  
00000000  __TI_static_base__                                    
00000000  interruptVectors                                      
000000e5  bmi160_init                                           
00000145  bmi160_write_reg                                      
00000189  bmi160_read_reg                                       
000001cd  bmi160_get_fatal_err                                  
00000200  __STACK_SIZE                                          
00000219  bmi160_get_err_code                                   
00000267  bmi160_get_i2c_fail_err                               
000002b5  bmi160_get_drop_cmd_err                               
00000303  bmi160_get_mag_dada_rdy_err                           
00000351  bmi160_get_error_status                               
000003e1  bmi160_get_mag_power_mode_stat                        
00000433  bmi160_get_gyro_power_mode_stat                       
00000481  bmi160_get_accel_power_mode_stat                      
000004cf  bmi160_read_mag_x                                     
0000057d  bmi160_read_mag_y                                     
0000062b  bmi160_read_mag_z                                     
000006d9  bmi160_read_mag_r                                     
00000743  bmi160_read_mag_xyz                                   
0000084d  bmi160_read_mag_xyzr                                  
00000909  bmi160_read_gyro_x                                    
0000095d  bmi160_read_gyro_y                                    
000009b1  bmi160_read_gyro_z                                    
00000a05  bmi160_read_gyro_xyz                                  
00000a7d  bmi160_read_accel_x                                   
00000ad1  bmi160_read_accel_y                                   
00000b25  bmi160_read_accel_z                                   
00000b79  bmi160_read_accel_xyz                                 
00000bed  bmi160_get_sensor_time                                
00000c49  bmi160_get_gyro_selftest                              
00000c97  bmi160_get_mag_manual_operation_stat                  
00000ce5  bmi160_get_foc_rdy                                    
00000d33  bmi160_get_nvm_rdy                                    
00000d85  bmi160_get_data_rdy_mag                               
00000dd3  bmi160_get_gyro_data_rdy                              
00000e21  bmi160_get_accel_data_rdy                             
00000e6f  bmi160_get_stat0_step_intr                            
00000ebb  bmi160_get_stat0_significant_intr                     
00000f09  bmi160_get_stat0_any_motion_intr                      
00000f57  bmi160_get_stat0_pmu_trigger_intr                     
00000fa5  bmi160_get_stat0_double_tap_intr                      
00000ff3  bmi160_get_stat0_single_tap_intr                      
00001041  bmi160_get_stat0_orient_intr                          
00001095  bmi160_get_stat0_flat_intr                            
000010e3  bmi160_get_stat1_high_g_intr                          
00001131  bmi160_get_stat1_low_g_intr                           
0000117f  bmi160_get_stat1_data_rdy_intr                        
000011cd  bmi160_get_stat1_fifo_full_intr                       
0000121b  bmi160_get_stat1_fifo_wm_intr                         
00001269  bmi160_get_stat1_nomotion_intr                        
000012b7  bmi160_get_stat2_any_motion_first_x                   
00001303  bmi160_get_stat2_any_motion_first_y                   
00001351  bmi160_get_stat2_any_motion_first_z                   
000013a5  bmi160_get_stat2_any_motion_sign                      
000013f3  bmi160_get_stat2_tap_first_x                          
00001441  bmi160_get_stat2_tap_first_y                          
0000148f  bmi160_get_stat2_tap_first_z                          
000014dd  bmi160_get_stat2_tap_sign                             
0000152b  bmi160_get_stat3_high_g_first_x                       
00001577  bmi160_get_stat3_high_g_first_y                       
000015c5  bmi160_get_stat3_high_g_first_z                       
00001613  bmi160_get_stat3_high_g_sign                          
00001661  bmi160_get_stat3_orient_xy                            
000016b5  bmi160_get_stat3_orient_z                             
00001703  bmi160_get_stat3_flat                                 
00001751  bmi160_get_temp                                       
000017a5  bmi160_fifo_length                                    
00001805  bmi160_fifo_data                                      
0000183f  bmi160_get_accel_output_data_rate                     
0000188b  bmi160_set_accel_output_data_rate                     
0000191d  bmi160_get_accel_bw                                   
0000196b  bmi160_set_accel_bw                                   
000019ff  bmi160_get_accel_under_sampling_parameter             
00001a4d  bmi160_set_accel_under_sampling_parameter             
00001ad9  bmi160_get_accel_range                                
00001b25  bmi160_set_accel_range                                
00001bc9  bmi160_get_gyro_output_data_rate                      
00001c15  bmi160_set_gyro_output_data_rate                      
00001ce5  bmi160_get_gyro_bw                                    
00001d33  bmi160_set_gyro_bw                                    
00001dbf  bmi160_get_gyro_range                                 
00001e0b  bmi160_set_gyro_range                                 
00001e97  bmi160_get_mag_output_data_rate                       
00001ee3  bmi160_set_mag_output_data_rate                       
00001f87  bmi160_get_fifo_down_gyro                             
00001fd3  bmi160_set_fifo_down_gyro                             
00002055  bmi160_get_gyro_fifo_filter_data                      
000020a3  bmi160_set_gyro_fifo_filter_data                      
0000212f  bmi160_get_fifo_down_accel                            
0000217d  bmi160_set_fifo_down_accel                            
000021f7  bmi160_get_accel_fifo_filter_data                     
00002245  bmi160_set_accel_fifo_filter_data                     
000022d1  bmi160_get_fifo_wm                                    
00002325  bmi160_set_fifo_wm                                    
0000235f  bmi160_get_fifo_stop_on_full                          
000023ab  bmi160_set_fifo_stop_on_full                          
00002437  bmi160_get_fifo_time_enable                           
00002485  bmi160_set_fifo_time_enable                           
00002511  bmi160_get_fifo_tag_intr2_enable                      
0000255f  bmi160_set_fifo_tag_intr2_enable                      
000025ff  bmi160_get_fifo_tag_intr1_enable                      
00002651  bmi160_set_fifo_tag_intr1_enable                      
000026f1  bmi160_get_fifo_header_enable                         
0000273f  bmi160_set_fifo_header_enable                         
000027cb  bmi160_get_fifo_mag_enable                            
00002819  bmi160_set_fifo_mag_enable                            
000028a5  bmi160_get_fifo_accel_enable                          
000028f3  bmi160_set_fifo_accel_enable                          
00002985  bmi160_get_fifo_gyro_enable                           
000029d3  bmi160_set_fifo_gyro_enable                           
00002a5f  bmi160_get_i2c_device_addr                            
00002aad  bmi160_set_i2c_device_addr                            
00002b27  bmi160_get_mag_burst                                  
00002b73  bmi160_set_mag_burst                                  
00002bed  bmi160_get_mag_offset                                 
00002c3b  bmi160_set_mag_offset                                 
00002cb9  bmi160_get_mag_manual_enable                          
00002d07  bmi160_set_mag_manual_enable                          
00002d91  bmi160_get_mag_read_addr                              
00002ddd  bmi160_set_mag_read_addr                              
00002e17  bmi160_get_mag_write_addr                             
00002e63  bmi160_set_mag_write_addr                             
00002e9d  bmi160_get_mag_write_data                             
00002ee9  bmi160_set_mag_write_data                             
00002f23  bmi160_get_intr_enable_0                              
000030b9  bmi160_set_intr_enable_0                              
00003393  bmi160_get_intr_enable_1                              
00003521  bmi160_set_intr_enable_1                              
000037fb  bmi160_get_intr_enable_2                              
000038c3  bmi160_set_intr_enable_2                              
00003a15  bmi160_get_step_detector_enable                       
00003a6b  bmi160_set_step_detector_enable                       
00003ae5  bmi160_get_intr_edge_ctrl                             
00003b7b  bmi160_set_intr_edge_ctrl                             
00003c6d  bmi160_get_intr_level                                 
00003d07  bmi160_set_intr_level                                 
00003dff  bmi160_get_intr_output_type                           
00003e99  bmi160_set_intr_output_type                           
00003f8b  bmi160_get_output_enable                              
00004025  bmi160_set_output_enable                              
0000411b  bmi160_get_latch_intr                                 
00004167  bmi160_set_latch_intr                                 
000041f3  bmi160_get_input_enable                               
0000428d  bmi160_set_input_enable                               
0000437f  bmi160_get_intr_low_g                                 
00004413  bmi160_set_intr_low_g                                 
00004561  bmi160_get_intr_high_g                                
000045fb  bmi160_set_intr_high_g                                
000046ed  bmi160_get_intr_any_motion                            
00004787  bmi160_set_intr_any_motion                            
000048a5  bmi160_get_intr_nomotion                              
0000493f  bmi160_set_intr_nomotion                              
00004a31  bmi160_get_intr_double_tap                            
00004acb  bmi160_set_intr_double_tap                            
00004bc3  bmi160_get_intr_single_tap                            
00004c5d  bmi160_set_intr_single_tap                            
00004d4f  bmi160_get_intr_orient                                
00004de9  bmi160_set_intr_orient                                
00004ee1  bmi160_get_intr_flat                                  
00004f7b  bmi160_set_intr_flat                                  
0000506d  bmi160_get_intr_pmu_trig                              
00005103  bmi160_set_intr_pmu_trig                              
[...]
0000e149  bme280_set_oversamp_humidity                          
0000e2dd  bme280_get_power_mode                                 
0000e32b  bme280_set_power_mode                                 
0000e4a5  bme280_set_soft_rst                                   
0000e4e5  bme280_get_spi3                                       
0000e533  bme280_set_spi3                                       
0000e693  bme280_get_filter                                     
0000e6e3  bme280_set_filter                                     
0000e847  bme280_get_standby_durn                               
0000e897  bme280_set_standby_durn                               
0000e9f7  bme280_get_forced_uncomp_pressure_temperature_humidity
0000ebb5  bme280_write_register                                 
0000ebfb  bme280_read_register                                  
0000ec41  bme280_compensate_pressure_int64                      
0000ee43  bme280_compensate_pressure_int64_twentyfour_bit_output
0000ee5d  bme280_compute_wait_time                              
0000eed5  bmi160_initialize_sensor                              
0000ef11  bmi160_config_running_mode                            
0000f949  bmi160_interrupt_configuration                        
0000f9c3  i2c_routine                                           
0000f9e5  spi_routine                                           
0000f9fb  bmi160_i2c_bus_read                                   
0000fa27  bmi160_i2c_burst_read                                 
0000fa59  bmi160_i2c_bus_write                                  
0000fa85  bmi160_spi_bus_read                                   
0000faa3  bmi160_spi_bus_write                                  
0000fac1  bmi160_delay_ms                                       
0000fafd  __TI_printfi                                          
0001055b  __aeabi_idiv0                                         
0001055b  __aeabi_ldiv0                                         
000105f9  G8RTOS_Scheduler                                      
0001067b  SysTick_Handler                                       
0001067b  SysTick_Handler                                       
00010725  G8RTOS_Init                                           
00010751  G8RTOS_Launch                                         
000107e9  G8RTOS_AddThread                                      
000109f5  G8RTOS_AddPeriodicEvent                               
00010aa9  sleep                                                 
00010ad3  G8RTOS_GetThreadId                                    
00010ae9  G8RTOS_KillThread                                     
00010bb5  G8RTOS_KillSelf                                       
00010c1d  G8RTOS_AddAPeriodicEvent                              
00010ce3  initI2C                                               
00010d01  writeI2C                                              
00010d97  readI2C                                               
00010e65  readBurstI2C                                          
00010f3d  EUSCIB1_IRQHandler                                    
00010f3d  EUSCIB1_IRQHandler                                    
00011005  registerInterruptHandler                              
00011019  CC3100_disable                                        
00011025  CC3100_enable                                         
00011031  CC3100_InterruptEnable                                
0001105b  CC3100_InterruptDisable                               
00011079  MaskIntHdlr                                           
00011081  UnMaskIntHdlr                                         
00011089  set_rts                                               
00011095  clear_rts                                             
000110a1  initClk                                               
0001110b  stopWDT                                               
00011115  initLEDs                                              
00011167  turnLedOn                                             
0001119b  turnLedOff                                            
000111cf  toggleLed                                             
00011203  GetLEDStatus                                          
0001123d  initAntSelGPIO                                        
00011271  SelAntenna                                            
000112b5  PORT1_IRQHandler                                      
000112b5  PORT1_IRQHandler                                      
000112b7  Delay                                                 
000112df  PORT2_IRQHandler                                      
000112df  PORT2_IRQHandler                                      
00011305  EUSCIA0_IRQHandler                                    
00011305  EUSCIA0_IRQHandler                                    
00011355  SystemCoreClockUpdate                                 
000115cd  SystemInit                                            
000116a7  BackChannelInit                                       
000116c3  BackChannelPrint                                      
0001170f  BackChannelPrintIntVariable                           
0001172d  BackChannelEventTrigger                               
00011745  BackChannelOpt3001PrintRaw                            
00011761  BackupChannelTmp007PrintRaw                           
00011787  BackupChannelBmi160PrintAccel                         
000117b3  BackupChannelBmi160PrintGyro                          
000117df  BackupChannelBmi160PrintMag                           
00011981  LP3943_LedModeSet                                     
00011bff  init_RGBLEDS                                          
00011c79  bme280_data_readout_template                          
00011d65  bme280_initialize_sensor                              
00011dbb  I2C_routine                                           
00011dd7  SPI_routine                                           
00011ded  BME280_I2C_bus_write                                  
00011e19  BME280_I2C_bus_read                                   
00011e45  BME280_SPI_bus_read                                   
00011eab  BME280_SPI_bus_write                                  
00011f1b  BME280_delay_msek                                     
000121c9  sensorTmp007Init                                      
000121d3  sensorTmp007Enable                                    
0001223d  sensorTmp007EnableInterruptConversion                 
00012287  sensorTmp007Read                                      
00012345  sensorTmp007Test                                      
000125cd  __aeabi_dsub                                          
000125d7  __aeabi_dadd                                          
00012951  Joystick_Init_Without_Interrupt                       
000129af  Joystick_Push_Button_Init_With_Interrupt              
00012a05  Disable_Joystick_Interrupt                            
00012a1b  GetJoystickCoordinates                                
00012bd9  __aeabi_ddiv                                          
00012e35  ldexp                                                 
00012e35  ldexpl                                                
00012e35  scalbn                                                
00012e35  scalbnl                                               
00012f45  CS_getDCOFrequency                                    
00013049  sensorOpt3001Init                                     
00013055  sensorOpt3001Enable                                   
00013081  sensorOpt3001Read                                     
000130e5  sensorOpt3001Test                                     
00013147  __aeabi_dmul                                          
00013245  CS_initClockSignal                                    
00013565  CS_startHFXTWithTimeout                               
0001369d  __aeabi_memcpy                                        
0001369d  __aeabi_memcpy4                                       
0001369d  __aeabi_memcpy8                                       
0001369d  memcpy                                                
00013739  __aeabi_uldivmod                                      
000137d1  UART_initModule                                       
00013865  __aeabi_cdcmpeq                                       
00013865  __aeabi_cdcmple                                       
000138eb  __aeabi_cdrcmple                                      
00013971  ClockSys_SetMaxFreq                                   
000139df  ClockSys_GetSysFreq                                   
000139f5  PCM_gotoLPM3                                          
00013a71  __aeabi_memclr                                        
00013a71  __aeabi_memclr4                                       
00013a71  __aeabi_memclr8                                       
00013a73  __aeabi_memset                                        
00013a73  __aeabi_memset4                                       
00013a73  __aeabi_memset8                                       
00013a79  memset                                                
00013bcb  __aeabi_ldivmod                                       
00013c39  __TI_decompress_lzss                                  
00013ca1  Interrupt_disableInterrupt                            
00013d05  Interrupt_enableInterrupt                             
00013d69  frexp                                                 
00013d69  frexpl                                                
00013e23  ltoa                                                  
00013ec9  PCM_shutdownDevice                                    
00013f19  SysCtl_getTLVInfo                                     
00013f6d  G8RTOS_Start                                          
00013f8d  PendSV_Handler                                        
00013f8d  PendSV_Handler                                        
00013fb5  GPIO_setAsPeripheralModuleFunctionOutputPin           
0001404d  atoi                                                  
00014099  snprintf                                              
000140e5  GPIO_setAsPeripheralModuleFunctionInputPin            
00014175  __aeabi_d2iz                                          
000141bd  __TI_auto_init_nobinit_nopinit                        
00014201  I2C_initMaster                                        
0001427d  I2C_masterSendMultiByteStart                          
000142b5  _c_int00_noargs                                       
000142ed  BSP_InitBoard                                         
00014321  I2C_masterSendMultiByteStop                           
00014381  __aeabi_i2d                                           
000143af  PCM_getCoreVoltageLevel                               
000143db  PCM_getPowerMode                                      
00014405  FlashCtl_setWaitState                                 
0001442d  PCM_gotoLPM0                                          
00014455  DelayMs                                               
0001447d  CS_clearInterruptFlag                                 
000144a1  CS_setDCOCenteredFrequency                            
000144c5  I2C_masterSendMultiByteNext                           
000144e9  Interrupt_setPriority                                 
0001450d  RTC_C_holdClock                                       
00014531  UART_transmitData                                     
00014555  memccpy                                               
00014571  CS_getMCLK                                            
00014589  CS_getSMCLK                                           
000145a1  WDT_A_clearTimer                                      
000145b9  WDT_A_holdTimer                                       
000145e9  __aeabi_lmul                                          
00014601  strchr                                                
00014619  CS_setExternalClockSourceFrequency                    
0001462d  I2C_isBusBusy                                         
00014641  SysTick_enableInterrupt                               
00014655  SysTick_enableModule                                  
00014669  copysign                                              
00014669  copysignl                                             
0001467d  main                                                  
00014691  strlen                                                
000146a5  wcslen                                                
000146b7  I2C_masterReceiveStart                                
000146c7  Interrupt_enableMaster                                
000146d7  PCM_gotoLPM4                                          
000146e9  SysCtl_disableNMISource                               
000146f9  SysCtl_enableNMISource                                
00014709  StartCriticalSection                                  
00014711  EndCriticalSection                                    
00014717  I2C_clearInterruptFlag                                
00014725  I2C_disableInterrupt                                  
00014733  __TI_decompress_none                                  
00014741  Reset_Handler                                         
0001474d  ADC14_IRQHandler                                      
0001474d  AES256_IRQHandler                                     
0001474d  BusFault_Handler                                      
0001474d  COMP_E0_IRQHandler                                    
0001474d  COMP_E1_IRQHandler                                    
0001474d  CS_IRQHandler                                         
0001474d  DMA_ERR_IRQHandler                                    
0001474d  DMA_INT0_IRQHandler                                   
0001474d  DMA_INT1_IRQHandler                                   
0001474d  DMA_INT2_IRQHandler                                   
0001474d  DMA_INT3_IRQHandler                                   
0001474d  DebugMon_Handler                                      
0001474d  Default_Handler                                       
0001474d  EUSCIA1_IRQHandler                                    
0001474d  EUSCIA2_IRQHandler                                    
0001474d  EUSCIA3_IRQHandler                                    
0001474d  EUSCIB0_IRQHandler                                    
0001474d  EUSCIB2_IRQHandler                                    
0001474d  EUSCIB3_IRQHandler                                    
0001474d  FLCTL_IRQHandler                                      
0001474d  FPU_IRQHandler                                        
0001474d  HardFault_Handler                                     
0001474d  MemManage_Handler                                     
0001474d  NMI_Handler                                           
0001474d  PCM_IRQHandler                                        
0001474d  PORT3_IRQHandler                                      
0001474d  PORT4_IRQHandler                                      
0001474d  PORT5_IRQHandler                                      
0001474d  PORT6_IRQHandler                                      
0001474d  PSS_IRQHandler                                        
0001474d  RTC_C_IRQHandler                                      
0001474d  SVC_Handler                                           
0001474d  T32_INT1_IRQHandler                                   
0001474d  T32_INT2_IRQHandler                                   
0001474d  T32_INTC_IRQHandler                                   
0001474d  TA0_0_IRQHandler                                      
0001474d  TA0_N_IRQHandler                                      
0001474d  TA1_0_IRQHandler                                      
0001474d  TA1_N_IRQHandler                                      
0001474d  TA2_0_IRQHandler                                      
0001474d  TA2_N_IRQHandler                                      
0001474d  TA3_0_IRQHandler                                      
0001474d  TA3_N_IRQHandler                                      
0001474d  UsageFault_Handler                                    
0001474d  WDT_A_IRQHandler                                      
0001474f  CPU_cpsie                                             
0001475b  I2C_disableModule                                     
00014767  I2C_enableModule                                      
00014775  PCM_getPowerState                                     
00014781  SysCtl_getNMISourceStatus                             
0001478d  SysTick_setPeriod                                     
00014799  UART_enableModule                                     
000147a5  __TI_zero_init                                        
000147b1  I2C_enableInterrupt                                   
000147b9  PCM_setCoreVoltageLevel                               
000147c1  PCM_setPowerMode                                      
000147c9  PCM_setPowerState                                     
000147d1  __aeabi_errno_addr                                    
000147d9  CS_startHFXT                                          
000147df  I2C_getEnabledInterruptStatus                         
000147e5  I2C_getInterruptStatus                                
000147eb  I2C_masterReceiveMultiByteNext                        
000147f1  SysCtlDelay                                           
000147f7  CPU_wfi                                               
000147fb  I2C_setSlaveAddress                                   
000147ff  _system_pre_init                                      
00014803  C$$EXIT                                               
00014803  abort                                                 
00014808  _ctypes_                                              
00014a28  __TI_Handler_Table_Base                               
00014a34  __TI_Handler_Table_Limit                              
00014a40  __TI_CINIT_Base                                       
00014a50  __TI_CINIT_Limit                                      
20008580  accel_fifo                                            
200088ec  gyro_fifo                                             
20008c58  mag_fifo                                              
200091c4  bme280                                                
20009200  s_bmi160                                              
2000922c  accelxyz                                              
20009232  gyroxyz                                               
20009244  ButtonFunction                                        
20009248  CurrentlyRunningThread                                
2000924c  SystemTime                                            
20009250  g_ui32ByteCount                                       
2000925c  pData                                                 
20009263  IntIsMasked                                           
20009266  ui8DummyRead                                          
20009267  ui8Status                                             
20009268  v_fifo_data_u8                                        
20009698  i2cConfig                                             
200096ac  V_bmm150_maual_auto_condition_u8                      
200096b0  V_fifo_time_U32                                       
200096b8  pIraEventHandler                                      
200096bc  errno                                                 
200096c0  SystemCoreClock                                       
200096c4  burstMode                                             
2000fe00  __stack                                               
20010000  __STACK_END                                           
4000480c  WDTCTL_SYM                                            
ffffffff  __TI_pprof_out_hndl                                   
ffffffff  __TI_prof_data_size                                   
ffffffff  __TI_prof_data_start                                  
ffffffff  __binit__                                             
ffffffff  __c_args__                                            
ffffffff  binit                                                 
UNDEFED   __mpu_init                                            
UNDEFED   _system_post_cinit                                    

[659 symbols]
