<?xml version="1.0" encoding="ISO-8859-1" ?>
<link_info>
   <banner>TI ARM Linker PC v18.1.4.LTS</banner>
   <copyright>Copyright (c) 1996-2018 Texas Instruments Incorporated</copyright>
   <link_time>0x5c04f891</link_time>
   <link_errors>0x0</link_errors>
   <output_file>Lab5.out</output_file>
   <entry_point>
      <name>_c_int00_noargs</name>
      <address>0x1b601</address>
   </entry_point>
   <input_file_list>
      <input_file id="fl-2">
         <path>.\</path>
         <kind>object</kind>
         <file>Game.obj</file>
         <name>Game.obj</name>
      </input_file>
      <input_file id="fl-3">
         <path>.\</path>
         <kind>object</kind>
         <file>main.obj</file>
         <name>main.obj</name>
      </input_file>
      <input_file id="fl-4">
         <path>.\</path>
         <kind>object</kind>
         <file>startup_msp432p401r_ccs.obj</file>
         <name>startup_msp432p401r_ccs.obj</name>
      </input_file>
      <input_file id="fl-5">
         <path>.\</path>
         <kind>object</kind>
         <file>system_msp432p401r.obj</file>
         <name>system_msp432p401r.obj</name>
      </input_file>
      <input_file id="fl-6">
         <path>.\BoardSupportPackage\src\</path>
         <kind>object</kind>
         <file>AsciiLib.obj</file>
         <name>AsciiLib.obj</name>
      </input_file>
      <input_file id="fl-7">
         <path>.\BoardSupportPackage\src\</path>
         <kind>object</kind>
         <file>BSP.obj</file>
         <name>BSP.obj</name>
      </input_file>
      <input_file id="fl-8">
         <path>.\BoardSupportPackage\src\</path>
         <kind>object</kind>
         <file>BackChannelUart.obj</file>
         <name>BackChannelUart.obj</name>
      </input_file>
      <input_file id="fl-9">
         <path>.\BoardSupportPackage\src\</path>
         <kind>object</kind>
         <file>ClockSys.obj</file>
         <name>ClockSys.obj</name>
      </input_file>
      <input_file id="fl-a">
         <path>.\BoardSupportPackage\src\</path>
         <kind>object</kind>
         <file>Joystick.obj</file>
         <name>Joystick.obj</name>
      </input_file>
      <input_file id="fl-b">
         <path>.\BoardSupportPackage\src\</path>
         <kind>object</kind>
         <file>LCD_empty.obj</file>
         <name>LCD_empty.obj</name>
      </input_file>
      <input_file id="fl-c">
         <path>.\BoardSupportPackage\src\</path>
         <kind>object</kind>
         <file>RGBLeds.obj</file>
         <name>RGBLeds.obj</name>
      </input_file>
      <input_file id="fl-d">
         <path>.\BoardSupportPackage\src\</path>
         <kind>object</kind>
         <file>bme280.obj</file>
         <name>bme280.obj</name>
      </input_file>
      <input_file id="fl-e">
         <path>.\BoardSupportPackage\src\</path>
         <kind>object</kind>
         <file>bme280_support.obj</file>
         <name>bme280_support.obj</name>
      </input_file>
      <input_file id="fl-f">
         <path>.\BoardSupportPackage\src\</path>
         <kind>object</kind>
         <file>bmi160.obj</file>
         <name>bmi160.obj</name>
      </input_file>
      <input_file id="fl-10">
         <path>.\BoardSupportPackage\src\</path>
         <kind>object</kind>
         <file>bmi160_support.obj</file>
         <name>bmi160_support.obj</name>
      </input_file>
      <input_file id="fl-11">
         <path>.\BoardSupportPackage\src\</path>
         <kind>object</kind>
         <file>demo_sysctl.obj</file>
         <name>demo_sysctl.obj</name>
      </input_file>
      <input_file id="fl-12">
         <path>.\BoardSupportPackage\src\</path>
         <kind>object</kind>
         <file>i2c_driver.obj</file>
         <name>i2c_driver.obj</name>
      </input_file>
      <input_file id="fl-13">
         <path>.\BoardSupportPackage\src\</path>
         <kind>object</kind>
         <file>opt3001.obj</file>
         <name>opt3001.obj</name>
      </input_file>
      <input_file id="fl-14">
         <path>.\BoardSupportPackage\src\</path>
         <kind>object</kind>
         <file>tmp007.obj</file>
         <name>tmp007.obj</name>
      </input_file>
      <input_file id="fl-15">
         <path>.\G8RTOS_Empty_Lab3\</path>
         <kind>object</kind>
         <file>G8RTOS_CriticalSection.obj</file>
         <name>G8RTOS_CriticalSection.obj</name>
      </input_file>
      <input_file id="fl-16">
         <path>.\G8RTOS_Empty_Lab3\</path>
         <kind>object</kind>
         <file>G8RTOS_IPC.obj</file>
         <name>G8RTOS_IPC.obj</name>
      </input_file>
      <input_file id="fl-17">
         <path>.\G8RTOS_Empty_Lab3\</path>
         <kind>object</kind>
         <file>G8RTOS_Scheduler.obj</file>
         <name>G8RTOS_Scheduler.obj</name>
      </input_file>
      <input_file id="fl-18">
         <path>.\G8RTOS_Empty_Lab3\</path>
         <kind>object</kind>
         <file>G8RTOS_SchedulerASM.obj</file>
         <name>G8RTOS_SchedulerASM.obj</name>
      </input_file>
      <input_file id="fl-19">
         <path>.\G8RTOS_Empty_Lab3\</path>
         <kind>object</kind>
         <file>G8RTOS_Semaphores.obj</file>
         <name>G8RTOS_Semaphores.obj</name>
      </input_file>
      <input_file id="fl-1a">
         <path>.\Libraries\CC3100SupportPackage\board\</path>
         <kind>object</kind>
         <file>board.obj</file>
         <name>board.obj</name>
      </input_file>
      <input_file id="fl-1b">
         <path>.\Libraries\CC3100SupportPackage\cc3100_usage\</path>
         <kind>object</kind>
         <file>cc3100_usage.obj</file>
         <name>cc3100_usage.obj</name>
      </input_file>
      <input_file id="fl-1c">
         <path>.\Libraries\CC3100SupportPackage\simplelink\source\</path>
         <kind>object</kind>
         <file>device.obj</file>
         <name>device.obj</name>
      </input_file>
      <input_file id="fl-1d">
         <path>.\Libraries\CC3100SupportPackage\simplelink\source\</path>
         <kind>object</kind>
         <file>driver.obj</file>
         <name>driver.obj</name>
      </input_file>
      <input_file id="fl-1e">
         <path>.\Libraries\CC3100SupportPackage\simplelink\source\</path>
         <kind>object</kind>
         <file>flowcont.obj</file>
         <name>flowcont.obj</name>
      </input_file>
      <input_file id="fl-1f">
         <path>.\Libraries\CC3100SupportPackage\simplelink\source\</path>
         <kind>object</kind>
         <file>fs.obj</file>
         <name>fs.obj</name>
      </input_file>
      <input_file id="fl-20">
         <path>.\Libraries\CC3100SupportPackage\simplelink\source\</path>
         <kind>object</kind>
         <file>netapp.obj</file>
         <name>netapp.obj</name>
      </input_file>
      <input_file id="fl-21">
         <path>.\Libraries\CC3100SupportPackage\simplelink\source\</path>
         <kind>object</kind>
         <file>netcfg.obj</file>
         <name>netcfg.obj</name>
      </input_file>
      <input_file id="fl-22">
         <path>.\Libraries\CC3100SupportPackage\simplelink\source\</path>
         <kind>object</kind>
         <file>nonos.obj</file>
         <name>nonos.obj</name>
      </input_file>
      <input_file id="fl-23">
         <path>.\Libraries\CC3100SupportPackage\simplelink\source\</path>
         <kind>object</kind>
         <file>socket.obj</file>
         <name>socket.obj</name>
      </input_file>
      <input_file id="fl-24">
         <path>.\Libraries\CC3100SupportPackage\simplelink\source\</path>
         <kind>object</kind>
         <file>spawn.obj</file>
         <name>spawn.obj</name>
      </input_file>
      <input_file id="fl-25">
         <path>.\Libraries\CC3100SupportPackage\simplelink\source\</path>
         <kind>object</kind>
         <file>wlan.obj</file>
         <name>wlan.obj</name>
      </input_file>
      <input_file id="fl-26">
         <path>.\Libraries\CC3100SupportPackage\spi_cc3100\</path>
         <kind>object</kind>
         <file>spi_cc3100.obj</file>
         <name>spi_cc3100.obj</name>
      </input_file>
      <input_file id="fl-2b">
         <kind>object</kind>
         <file>&lt;internal&gt;</file>
         <name>&lt;internal&gt;</name>
      </input_file>
      <input_file id="fl-2c">
         <path>..\BoardSupportPackage\DriverLib\</path>
         <kind>archive</kind>
         <file>msp432p4xx_driverlib.lib</file>
         <name>cs.o</name>
      </input_file>
      <input_file id="fl-2d">
         <path>..\BoardSupportPackage\DriverLib\</path>
         <kind>archive</kind>
         <file>msp432p4xx_driverlib.lib</file>
         <name>flash.o</name>
      </input_file>
      <input_file id="fl-2e">
         <path>..\BoardSupportPackage\DriverLib\</path>
         <kind>archive</kind>
         <file>msp432p4xx_driverlib.lib</file>
         <name>gpio.o</name>
      </input_file>
      <input_file id="fl-2f">
         <path>..\BoardSupportPackage\DriverLib\</path>
         <kind>archive</kind>
         <file>msp432p4xx_driverlib.lib</file>
         <name>i2c.o</name>
      </input_file>
      <input_file id="fl-30">
         <path>..\BoardSupportPackage\DriverLib\</path>
         <kind>archive</kind>
         <file>msp432p4xx_driverlib.lib</file>
         <name>interrupt.o</name>
      </input_file>
      <input_file id="fl-31">
         <path>..\BoardSupportPackage\DriverLib\</path>
         <kind>archive</kind>
         <file>msp432p4xx_driverlib.lib</file>
         <name>pcm.o</name>
      </input_file>
      <input_file id="fl-32">
         <path>..\BoardSupportPackage\DriverLib\</path>
         <kind>archive</kind>
         <file>msp432p4xx_driverlib.lib</file>
         <name>rtc_c.o</name>
      </input_file>
      <input_file id="fl-33">
         <path>..\BoardSupportPackage\DriverLib\</path>
         <kind>archive</kind>
         <file>msp432p4xx_driverlib.lib</file>
         <name>spi.o</name>
      </input_file>
      <input_file id="fl-34">
         <path>..\BoardSupportPackage\DriverLib\</path>
         <kind>archive</kind>
         <file>msp432p4xx_driverlib.lib</file>
         <name>sysctl.o</name>
      </input_file>
      <input_file id="fl-35">
         <path>..\BoardSupportPackage\DriverLib\</path>
         <kind>archive</kind>
         <file>msp432p4xx_driverlib.lib</file>
         <name>systick.o</name>
      </input_file>
      <input_file id="fl-36">
         <path>..\BoardSupportPackage\DriverLib\</path>
         <kind>archive</kind>
         <file>msp432p4xx_driverlib.lib</file>
         <name>uart.o</name>
      </input_file>
      <input_file id="fl-37">
         <path>..\BoardSupportPackage\DriverLib\</path>
         <kind>archive</kind>
         <file>msp432p4xx_driverlib.lib</file>
         <name>wdt_a.o</name>
      </input_file>
      <input_file id="fl-38">
         <path>..\BoardSupportPackage\DriverLib\</path>
         <kind>archive</kind>
         <file>msp432p4xx_driverlib.lib</file>
         <name>cpu.o</name>
      </input_file>
      <input_file id="fl-ee">
         <path>C:\ti\ccsv8\tools\compiler\ti-cgt-arm_18.1.4.LTS\lib\</path>
         <kind>archive</kind>
         <file>rtsv7M4_T_le_v4SPD16_eabi.lib</file>
         <name>fd_mul_t2.asm.obj</name>
      </input_file>
      <input_file id="fl-ef">
         <path>C:\ti\ccsv8\tools\compiler\ti-cgt-arm_18.1.4.LTS\lib\</path>
         <kind>archive</kind>
         <file>rtsv7M4_T_le_v4SPD16_eabi.lib</file>
         <name>fd_tos_t2.asm.obj</name>
      </input_file>
      <input_file id="fl-f0">
         <path>C:\ti\ccsv8\tools\compiler\ti-cgt-arm_18.1.4.LTS\lib\</path>
         <kind>archive</kind>
         <file>rtsv7M4_T_le_v4SPD16_eabi.lib</file>
         <name>fs_tod_t2.asm.obj</name>
      </input_file>
      <input_file id="fl-f1">
         <path>C:\ti\ccsv8\tools\compiler\ti-cgt-arm_18.1.4.LTS\lib\</path>
         <kind>archive</kind>
         <file>rtsv7M4_T_le_v4SPD16_eabi.lib</file>
         <name>ll_mul_t2.asm.obj</name>
      </input_file>
      <input_file id="fl-f2">
         <path>C:\ti\ccsv8\tools\compiler\ti-cgt-arm_18.1.4.LTS\lib\</path>
         <kind>archive</kind>
         <file>rtsv7M4_T_le_v4SPD16_eabi.lib</file>
         <name>memcpy_t2.asm.obj</name>
      </input_file>
      <input_file id="fl-f3">
         <path>C:\ti\ccsv8\tools\compiler\ti-cgt-arm_18.1.4.LTS\lib\</path>
         <kind>archive</kind>
         <file>rtsv7M4_T_le_v4SPD16_eabi.lib</file>
         <name>ll_div_t2.asm.obj</name>
      </input_file>
      <input_file id="fl-f4">
         <path>C:\ti\ccsv8\tools\compiler\ti-cgt-arm_18.1.4.LTS\lib\</path>
         <kind>archive</kind>
         <file>rtsv7M4_T_le_v4SPD16_eabi.lib</file>
         <name>ull_div_t2.asm.obj</name>
      </input_file>
      <input_file id="fl-f5">
         <path>C:\ti\ccsv8\tools\compiler\ti-cgt-arm_18.1.4.LTS\lib\</path>
         <kind>archive</kind>
         <file>rtsv7M4_T_le_v4SPD16_eabi.lib</file>
         <name>memset_t2.asm.obj</name>
      </input_file>
      <input_file id="fl-f6">
         <path>C:\ti\ccsv8\tools\compiler\ti-cgt-arm_18.1.4.LTS\lib\</path>
         <kind>archive</kind>
         <file>rtsv7M4_T_le_v4SPD16_eabi.lib</file>
         <name>copy_zero_init.c.obj</name>
      </input_file>
      <input_file id="fl-f7">
         <path>C:\ti\ccsv8\tools\compiler\ti-cgt-arm_18.1.4.LTS\lib\</path>
         <kind>archive</kind>
         <file>rtsv7M4_T_le_v4SPD16_eabi.lib</file>
         <name>copy_decompress_none.c.obj</name>
      </input_file>
      <input_file id="fl-f8">
         <path>C:\ti\ccsv8\tools\compiler\ti-cgt-arm_18.1.4.LTS\lib\</path>
         <kind>archive</kind>
         <file>rtsv7M4_T_le_v4SPD16_eabi.lib</file>
         <name>copy_decompress_lzss.c.obj</name>
      </input_file>
      <input_file id="fl-f9">
         <path>C:\ti\ccsv8\tools\compiler\ti-cgt-arm_18.1.4.LTS\lib\</path>
         <kind>archive</kind>
         <file>rtsv7M4_T_le_v4SPD16_eabi.lib</file>
         <name>boot_cortex_m.c.obj</name>
      </input_file>
      <input_file id="fl-fa">
         <path>C:\ti\ccsv8\tools\compiler\ti-cgt-arm_18.1.4.LTS\lib\</path>
         <kind>archive</kind>
         <file>rtsv7M4_T_le_v4SPD16_eabi.lib</file>
         <name>exit.c.obj</name>
      </input_file>
      <input_file id="fl-fb">
         <path>C:\ti\ccsv8\tools\compiler\ti-cgt-arm_18.1.4.LTS\lib\</path>
         <kind>archive</kind>
         <file>rtsv7M4_T_le_v4SPD16_eabi.lib</file>
         <name>_lock.c.obj</name>
      </input_file>
      <input_file id="fl-fc">
         <path>C:\ti\ccsv8\tools\compiler\ti-cgt-arm_18.1.4.LTS\lib\</path>
         <kind>archive</kind>
         <file>rtsv7M4_T_le_v4SPD16_eabi.lib</file>
         <name>args_main.c.obj</name>
      </input_file>
      <input_file id="fl-fd">
         <path>C:\ti\ccsv8\tools\compiler\ti-cgt-arm_18.1.4.LTS\lib\</path>
         <kind>archive</kind>
         <file>rtsv7M4_T_le_v4SPD16_eabi.lib</file>
         <name>snprintf.c.obj</name>
      </input_file>
      <input_file id="fl-fe">
         <path>C:\ti\ccsv8\tools\compiler\ti-cgt-arm_18.1.4.LTS\lib\</path>
         <kind>archive</kind>
         <file>rtsv7M4_T_le_v4SPD16_eabi.lib</file>
         <name>sprintf.c.obj</name>
      </input_file>
      <input_file id="fl-ff">
         <path>C:\ti\ccsv8\tools\compiler\ti-cgt-arm_18.1.4.LTS\lib\</path>
         <kind>archive</kind>
         <file>rtsv7M4_T_le_v4SPD16_eabi.lib</file>
         <name>strlen.c.obj</name>
      </input_file>
      <input_file id="fl-100">
         <path>C:\ti\ccsv8\tools\compiler\ti-cgt-arm_18.1.4.LTS\lib\</path>
         <kind>archive</kind>
         <file>rtsv7M4_T_le_v4SPD16_eabi.lib</file>
         <name>div0.asm.obj</name>
      </input_file>
      <input_file id="fl-101">
         <path>C:\ti\ccsv8\tools\compiler\ti-cgt-arm_18.1.4.LTS\lib\</path>
         <kind>archive</kind>
         <file>rtsv7M4_T_le_v4SPD16_eabi.lib</file>
         <name>autoinit.c.obj</name>
      </input_file>
      <input_file id="fl-102">
         <path>C:\ti\ccsv8\tools\compiler\ti-cgt-arm_18.1.4.LTS\lib\</path>
         <kind>archive</kind>
         <file>rtsv7M4_T_le_v4SPD16_eabi.lib</file>
         <name>pre_init.c.obj</name>
      </input_file>
      <input_file id="fl-103">
         <path>C:\ti\ccsv8\tools\compiler\ti-cgt-arm_18.1.4.LTS\lib\</path>
         <kind>archive</kind>
         <file>rtsv7M4_T_le_v4SPD16_eabi.lib</file>
         <name>cpy_tbl.c.obj</name>
      </input_file>
      <input_file id="fl-104">
         <path>C:\ti\ccsv8\tools\compiler\ti-cgt-arm_18.1.4.LTS\lib\</path>
         <kind>archive</kind>
         <file>rtsv7M4_T_le_v4SPD16_eabi.lib</file>
         <name>_printfi.c.obj</name>
      </input_file>
      <input_file id="fl-105">
         <path>C:\ti\ccsv8\tools\compiler\ti-cgt-arm_18.1.4.LTS\lib\</path>
         <kind>archive</kind>
         <file>rtsv7M4_T_le_v4SPD16_eabi.lib</file>
         <name>atoi.c.obj</name>
      </input_file>
      <input_file id="fl-106">
         <path>C:\ti\ccsv8\tools\compiler\ti-cgt-arm_18.1.4.LTS\lib\</path>
         <kind>archive</kind>
         <file>rtsv7M4_T_le_v4SPD16_eabi.lib</file>
         <name>ctype.c.obj</name>
      </input_file>
      <input_file id="fl-107">
         <path>C:\ti\ccsv8\tools\compiler\ti-cgt-arm_18.1.4.LTS\lib\</path>
         <kind>archive</kind>
         <file>rtsv7M4_T_le_v4SPD16_eabi.lib</file>
         <name>ltoa.c.obj</name>
      </input_file>
      <input_file id="fl-108">
         <path>C:\ti\ccsv8\tools\compiler\ti-cgt-arm_18.1.4.LTS\lib\</path>
         <kind>archive</kind>
         <file>rtsv7M4_T_le_v4SPD16_eabi.lib</file>
         <name>memccpy.c.obj</name>
      </input_file>
      <input_file id="fl-109">
         <path>C:\ti\ccsv8\tools\compiler\ti-cgt-arm_18.1.4.LTS\lib\</path>
         <kind>archive</kind>
         <file>rtsv7M4_T_le_v4SPD16_eabi.lib</file>
         <name>strchr.c.obj</name>
      </input_file>
      <input_file id="fl-10a">
         <path>C:\ti\ccsv8\tools\compiler\ti-cgt-arm_18.1.4.LTS\lib\</path>
         <kind>archive</kind>
         <file>rtsv7M4_T_le_v4SPD16_eabi.lib</file>
         <name>wcslen.c.obj</name>
      </input_file>
      <input_file id="fl-10b">
         <path>C:\ti\ccsv8\tools\compiler\ti-cgt-arm_18.1.4.LTS\lib\</path>
         <kind>archive</kind>
         <file>rtsv7M4_T_le_v4SPD16_eabi.lib</file>
         <name>s_frexp.c.obj</name>
      </input_file>
      <input_file id="fl-10c">
         <path>C:\ti\ccsv8\tools\compiler\ti-cgt-arm_18.1.4.LTS\lib\</path>
         <kind>archive</kind>
         <file>rtsv7M4_T_le_v4SPD16_eabi.lib</file>
         <name>s_scalbn.c.obj</name>
      </input_file>
      <input_file id="fl-10d">
         <path>C:\ti\ccsv8\tools\compiler\ti-cgt-arm_18.1.4.LTS\lib\</path>
         <kind>archive</kind>
         <file>rtsv7M4_T_le_v4SPD16_eabi.lib</file>
         <name>fd_add_t2.asm.obj</name>
      </input_file>
      <input_file id="fl-10e">
         <path>C:\ti\ccsv8\tools\compiler\ti-cgt-arm_18.1.4.LTS\lib\</path>
         <kind>archive</kind>
         <file>rtsv7M4_T_le_v4SPD16_eabi.lib</file>
         <name>fd_cmp_t2.asm.obj</name>
      </input_file>
      <input_file id="fl-10f">
         <path>C:\ti\ccsv8\tools\compiler\ti-cgt-arm_18.1.4.LTS\lib\</path>
         <kind>archive</kind>
         <file>rtsv7M4_T_le_v4SPD16_eabi.lib</file>
         <name>fd_div_t2.asm.obj</name>
      </input_file>
      <input_file id="fl-110">
         <path>C:\ti\ccsv8\tools\compiler\ti-cgt-arm_18.1.4.LTS\lib\</path>
         <kind>archive</kind>
         <file>rtsv7M4_T_le_v4SPD16_eabi.lib</file>
         <name>fd_toi_t2.asm.obj</name>
      </input_file>
      <input_file id="fl-111">
         <path>C:\ti\ccsv8\tools\compiler\ti-cgt-arm_18.1.4.LTS\lib\</path>
         <kind>archive</kind>
         <file>rtsv7M4_T_le_v4SPD16_eabi.lib</file>
         <name>i_tofd_t2.asm.obj</name>
      </input_file>
      <input_file id="fl-112">
         <path>C:\ti\ccsv8\tools\compiler\ti-cgt-arm_18.1.4.LTS\lib\</path>
         <kind>archive</kind>
         <file>rtsv7M4_T_le_v4SPD16_eabi.lib</file>
         <name>errno.c.obj</name>
      </input_file>
      <input_file id="fl-113">
         <path>C:\ti\ccsv8\tools\compiler\ti-cgt-arm_18.1.4.LTS\lib\</path>
         <kind>archive</kind>
         <file>rtsv7M4_T_le_v4SPD16_eabi.lib</file>
         <name>s_copysign.c.obj</name>
      </input_file>
   </input_file_list>
   <object_component_list>
      <object_component id="oc-23">
         <name>.intvecs:retain</name>
         <load_address>0x0</load_address>
         <run_address>0x0</run_address>
         <size>0xe4</size>
         <input_file_ref idref="fl-4"/>
      </object_component>
      <object_component id="oc-3c9">
         <name>.text</name>
         <load_address>0xe4</load_address>
         <run_address>0xe4</run_address>
         <size>0xd5e0</size>
         <input_file_ref idref="fl-f"/>
      </object_component>
      <object_component id="oc-683">
         <name>.text</name>
         <load_address>0xd6c4</load_address>
         <run_address>0xd6c4</run_address>
         <size>0x2024</size>
         <input_file_ref idref="fl-1d"/>
      </object_component>
      <object_component id="oc-3e9">
         <name>.text</name>
         <load_address>0xf6e8</load_address>
         <run_address>0xf6e8</run_address>
         <size>0x1810</size>
         <input_file_ref idref="fl-d"/>
      </object_component>
      <object_component id="oc-1df">
         <name>.text</name>
         <load_address>0x10ef8</load_address>
         <run_address>0x10ef8</run_address>
         <size>0x1310</size>
         <input_file_ref idref="fl-2"/>
      </object_component>
      <object_component id="oc-4e2">
         <name>.text</name>
         <load_address>0x12208</load_address>
         <run_address>0x12208</run_address>
         <size>0xed4</size>
         <input_file_ref idref="fl-23"/>
      </object_component>
      <object_component id="oc-26b">
         <name>.text</name>
         <load_address>0x130dc</load_address>
         <run_address>0x130dc</run_address>
         <size>0xc28</size>
         <input_file_ref idref="fl-10"/>
      </object_component>
      <object_component id="oc-503">
         <name>.text</name>
         <load_address>0x13d04</load_address>
         <run_address>0x13d04</run_address>
         <size>0xb44</size>
         <input_file_ref idref="fl-20"/>
      </object_component>
      <object_component id="oc-4f7">
         <name>.text</name>
         <load_address>0x14848</load_address>
         <run_address>0x14848</run_address>
         <size>0xac0</size>
         <input_file_ref idref="fl-25"/>
      </object_component>
      <object_component id="oc-4c9">
         <name>.text:__TI_printfi</name>
         <load_address>0x15308</load_address>
         <run_address>0x15308</run_address>
         <size>0xa5e</size>
         <input_file_ref idref="fl-104"/>
      </object_component>
      <object_component id="oc-7a7">
         <name>.text</name>
         <load_address>0x15d66</load_address>
         <run_address>0x15d66</run_address>
         <size>0x2</size>
         <input_file_ref idref="fl-100"/>
      </object_component>
      <object_component id="oc-6f">
         <name>.text</name>
         <load_address>0x15d68</load_address>
         <run_address>0x15d68</run_address>
         <size>0x7c4</size>
         <input_file_ref idref="fl-17"/>
      </object_component>
      <object_component id="oc-36f">
         <name>.text</name>
         <load_address>0x1652c</load_address>
         <run_address>0x1652c</run_address>
         <size>0x694</size>
         <input_file_ref idref="fl-1b"/>
      </object_component>
      <object_component id="oc-1d9">
         <name>.text</name>
         <load_address>0x16bc0</load_address>
         <run_address>0x16bc0</run_address>
         <size>0x604</size>
         <input_file_ref idref="fl-b"/>
      </object_component>
      <object_component id="oc-4eb">
         <name>.text</name>
         <load_address>0x171c4</load_address>
         <run_address>0x171c4</run_address>
         <size>0x5b4</size>
         <input_file_ref idref="fl-1c"/>
      </object_component>
      <object_component id="oc-7b">
         <name>.text</name>
         <load_address>0x17778</load_address>
         <run_address>0x17778</run_address>
         <size>0x360</size>
         <input_file_ref idref="fl-12"/>
      </object_component>
      <object_component id="oc-75">
         <name>.text</name>
         <load_address>0x17ad8</load_address>
         <run_address>0x17ad8</run_address>
         <size>0x350</size>
         <input_file_ref idref="fl-1a"/>
      </object_component>
      <object_component id="oc-b9">
         <name>.text</name>
         <load_address>0x17e28</load_address>
         <run_address>0x17e28</run_address>
         <size>0x334</size>
         <input_file_ref idref="fl-5"/>
      </object_component>
      <object_component id="oc-27d">
         <name>.text</name>
         <load_address>0x1815c</load_address>
         <run_address>0x1815c</run_address>
         <size>0x2f8</size>
         <input_file_ref idref="fl-8"/>
      </object_component>
      <object_component id="oc-283">
         <name>.text</name>
         <load_address>0x18454</load_address>
         <run_address>0x18454</run_address>
         <size>0x2f8</size>
         <input_file_ref idref="fl-c"/>
      </object_component>
      <object_component id="oc-277">
         <name>.text</name>
         <load_address>0x1874c</load_address>
         <run_address>0x1874c</run_address>
         <size>0x2e0</size>
         <input_file_ref idref="fl-e"/>
      </object_component>
      <object_component id="oc-65b">
         <name>.text:_pconv_a</name>
         <load_address>0x18a2c</load_address>
         <run_address>0x18a2c</run_address>
         <size>0x270</size>
         <input_file_ref idref="fl-104"/>
      </object_component>
      <object_component id="oc-265">
         <name>.text</name>
         <load_address>0x18c9c</load_address>
         <run_address>0x18c9c</run_address>
         <size>0x234</size>
         <input_file_ref idref="fl-14"/>
      </object_component>
      <object_component id="oc-6cb">
         <name>.text</name>
         <load_address>0x18ed0</load_address>
         <run_address>0x18ed0</run_address>
         <size>0x210</size>
         <input_file_ref idref="fl-26"/>
      </object_component>
      <object_component id="oc-649">
         <name>.text:_pconv_g</name>
         <load_address>0x190e0</load_address>
         <run_address>0x190e0</run_address>
         <size>0x1d0</size>
         <input_file_ref idref="fl-104"/>
      </object_component>
      <object_component id="oc-7f0">
         <name>.text</name>
         <load_address>0x192b0</load_address>
         <run_address>0x192b0</run_address>
         <size>0x1b6</size>
         <input_file_ref idref="fl-10d"/>
      </object_component>
      <object_component id="oc-2b9">
         <name>.text:__PCM_setPowerStateAdvanced</name>
         <load_address>0x19466</load_address>
         <run_address>0x19466</run_address>
         <size>0x1a0</size>
         <input_file_ref idref="fl-31"/>
      </object_component>
      <object_component id="oc-271">
         <name>.text</name>
         <load_address>0x19608</load_address>
         <run_address>0x19608</run_address>
         <size>0x178</size>
         <input_file_ref idref="fl-a"/>
      </object_component>
      <object_component id="oc-655">
         <name>.text:_pconv_e</name>
         <load_address>0x19780</load_address>
         <run_address>0x19780</run_address>
         <size>0x13c</size>
         <input_file_ref idref="fl-104"/>
      </object_component>
      <object_component id="oc-7d6">
         <name>.text</name>
         <load_address>0x198bc</load_address>
         <run_address>0x198bc</run_address>
         <size>0x136</size>
         <input_file_ref idref="fl-10f"/>
      </object_component>
      <object_component id="oc-4f1">
         <name>.text</name>
         <load_address>0x199f4</load_address>
         <run_address>0x199f4</run_address>
         <size>0x130</size>
         <input_file_ref idref="fl-22"/>
      </object_component>
      <object_component id="oc-802">
         <name>.text:fcvt</name>
         <load_address>0x19b24</load_address>
         <run_address>0x19b24</run_address>
         <size>0x124</size>
         <input_file_ref idref="fl-104"/>
      </object_component>
      <object_component id="oc-4fd">
         <name>.text</name>
         <load_address>0x19c48</load_address>
         <run_address>0x19c48</run_address>
         <size>0x110</size>
         <input_file_ref idref="fl-21"/>
      </object_component>
      <object_component id="oc-816">
         <name>.text:scalbn</name>
         <load_address>0x19d58</load_address>
         <run_address>0x19d58</run_address>
         <size>0x110</size>
         <input_file_ref idref="fl-10c"/>
      </object_component>
      <object_component id="oc-476">
         <name>.text:CS_getDCOFrequency</name>
         <load_address>0x19e68</load_address>
         <run_address>0x19e68</run_address>
         <size>0x104</size>
         <input_file_ref idref="fl-2c"/>
      </object_component>
      <object_component id="oc-25f">
         <name>.text</name>
         <load_address>0x19f6c</load_address>
         <run_address>0x19f6c</run_address>
         <size>0xfe</size>
         <input_file_ref idref="fl-13"/>
      </object_component>
      <object_component id="oc-33e">
         <name>.text</name>
         <load_address>0x1a06a</load_address>
         <run_address>0x1a06a</run_address>
         <size>0xfc</size>
         <input_file_ref idref="fl-ee"/>
      </object_component>
      <object_component id="oc-13e">
         <name>.text:CS_initClockSignal</name>
         <load_address>0x1a168</load_address>
         <run_address>0x1a168</run_address>
         <size>0xe0</size>
         <input_file_ref idref="fl-2c"/>
      </object_component>
      <object_component id="oc-45b">
         <name>.text:__PCM_setPowerModeAdvanced</name>
         <load_address>0x1a248</load_address>
         <run_address>0x1a248</run_address>
         <size>0xdc</size>
         <input_file_ref idref="fl-31"/>
      </object_component>
      <object_component id="oc-63e">
         <name>.text:_ltostr</name>
         <load_address>0x1a324</load_address>
         <run_address>0x1a324</run_address>
         <size>0xb1</size>
         <input_file_ref idref="fl-104"/>
      </object_component>
      <object_component id="oc-455">
         <name>.text:__PCM_setCoreVoltageLevelAdvanced</name>
         <load_address>0x1a3d8</load_address>
         <run_address>0x1a3d8</run_address>
         <size>0xb0</size>
         <input_file_ref idref="fl-31"/>
      </object_component>
      <object_component id="oc-a7">
         <name>.text</name>
         <load_address>0x1a488</load_address>
         <run_address>0x1a488</run_address>
         <size>0xa8</size>
         <input_file_ref idref="fl-3"/>
      </object_component>
      <object_component id="oc-328">
         <name>.text:PutChar</name>
         <load_address>0x1a530</load_address>
         <run_address>0x1a530</run_address>
         <size>0xa4</size>
         <input_file_ref idref="fl-b"/>
      </object_component>
      <object_component id="oc-34f">
         <name>.text</name>
         <load_address>0x1a5d4</load_address>
         <run_address>0x1a5d4</run_address>
         <size>0xa0</size>
         <input_file_ref idref="fl-19"/>
      </object_component>
      <object_component id="oc-555">
         <name>.text:CS_startHFXTWithTimeout</name>
         <load_address>0x1a674</load_address>
         <run_address>0x1a674</run_address>
         <size>0x9c</size>
         <input_file_ref idref="fl-2c"/>
      </object_component>
      <object_component id="oc-2d2">
         <name>.text:_CSComputeCLKFrequency</name>
         <load_address>0x1a710</load_address>
         <run_address>0x1a710</run_address>
         <size>0x9c</size>
         <input_file_ref idref="fl-2c"/>
      </object_component>
      <object_component id="oc-34">
         <name>.text</name>
         <load_address>0x1a7ac</load_address>
         <run_address>0x1a7ac</run_address>
         <size>0x9c</size>
         <input_file_ref idref="fl-f2"/>
      </object_component>
      <object_component id="oc-7ac">
         <name>.text</name>
         <load_address>0x1a848</load_address>
         <run_address>0x1a848</run_address>
         <size>0x96</size>
         <input_file_ref idref="fl-f4"/>
      </object_component>
      <object_component id="oc-402">
         <name>.text:UART_initModule</name>
         <load_address>0x1a8e0</load_address>
         <run_address>0x1a8e0</run_address>
         <size>0x94</size>
         <input_file_ref idref="fl-36"/>
      </object_component>
      <object_component id="oc-2f9">
         <name>.text:SPI_initMaster</name>
         <load_address>0x1a974</load_address>
         <run_address>0x1a974</run_address>
         <size>0x88</size>
         <input_file_ref idref="fl-33"/>
      </object_component>
      <object_component id="oc-644">
         <name>.text:__aeabi_cdcmple</name>
         <load_address>0x1a9fc</load_address>
         <run_address>0x1a9fc</run_address>
         <size>0x86</size>
         <input_file_ref idref="fl-10e"/>
      </object_component>
      <object_component id="oc-7db">
         <name>.text:__aeabi_cdrcmple</name>
         <load_address>0x1aa82</load_address>
         <run_address>0x1aa82</run_address>
         <size>0x86</size>
         <input_file_ref idref="fl-10e"/>
      </object_component>
      <object_component id="oc-259">
         <name>.text</name>
         <load_address>0x1ab08</load_address>
         <run_address>0x1ab08</run_address>
         <size>0x84</size>
         <input_file_ref idref="fl-9"/>
      </object_component>
      <object_component id="oc-83d">
         <name>.text</name>
         <load_address>0x1ab8c</load_address>
         <run_address>0x1ab8c</run_address>
         <size>0x80</size>
         <input_file_ref idref="fl-1e"/>
      </object_component>
      <object_component id="oc-443">
         <name>.text:PCM_gotoLPM3</name>
         <load_address>0x1ac0c</load_address>
         <run_address>0x1ac0c</run_address>
         <size>0x7c</size>
         <input_file_ref idref="fl-31"/>
      </object_component>
      <object_component id="oc-9b">
         <name>.text</name>
         <load_address>0x1ac88</load_address>
         <run_address>0x1ac88</run_address>
         <size>0x7a</size>
         <input_file_ref idref="fl-f5"/>
      </object_component>
      <object_component id="oc-785">
         <name>.text:_CSGetHFXTFrequency</name>
         <load_address>0x1ad04</load_address>
         <run_address>0x1ad04</run_address>
         <size>0x70</size>
         <input_file_ref idref="fl-2c"/>
      </object_component>
      <object_component id="oc-7fb">
         <name>.text:_mcpy</name>
         <load_address>0x1ad74</load_address>
         <run_address>0x1ad74</run_address>
         <size>0x6e</size>
         <input_file_ref idref="fl-104"/>
      </object_component>
      <object_component id="oc-343">
         <name>.text</name>
         <load_address>0x1ade2</load_address>
         <run_address>0x1ade2</run_address>
         <size>0x6e</size>
         <input_file_ref idref="fl-ef"/>
      </object_component>
      <object_component id="oc-597">
         <name>.text</name>
         <load_address>0x1ae50</load_address>
         <run_address>0x1ae50</run_address>
         <size>0x6e</size>
         <input_file_ref idref="fl-f3"/>
      </object_component>
      <object_component id="oc-14">
         <name>.text:decompress:lzss:__TI_decompress_lzss</name>
         <load_address>0x1aebe</load_address>
         <run_address>0x1aebe</run_address>
         <size>0x68</size>
         <input_file_ref idref="fl-f8"/>
      </object_component>
      <object_component id="oc-11a">
         <name>.text:Interrupt_disableInterrupt</name>
         <load_address>0x1af28</load_address>
         <run_address>0x1af28</run_address>
         <size>0x64</size>
         <input_file_ref idref="fl-30"/>
      </object_component>
      <object_component id="oc-10e">
         <name>.text:Interrupt_enableInterrupt</name>
         <load_address>0x1af8c</load_address>
         <run_address>0x1af8c</run_address>
         <size>0x64</size>
         <input_file_ref idref="fl-30"/>
      </object_component>
      <object_component id="oc-810">
         <name>.text:frexp</name>
         <load_address>0x1aff0</load_address>
         <run_address>0x1aff0</run_address>
         <size>0x64</size>
         <input_file_ref idref="fl-10b"/>
      </object_component>
      <object_component id="oc-64f">
         <name>.text:_pconv_f</name>
         <load_address>0x1b054</load_address>
         <run_address>0x1b054</run_address>
         <size>0x56</size>
         <input_file_ref idref="fl-104"/>
      </object_component>
      <object_component id="oc-7e5">
         <name>.text:ltoa</name>
         <load_address>0x1b0aa</load_address>
         <run_address>0x1b0aa</run_address>
         <size>0x54</size>
         <input_file_ref idref="fl-107"/>
      </object_component>
      <object_component id="oc-7f5">
         <name>.text:_ecpy</name>
         <load_address>0x1b0fe</load_address>
         <run_address>0x1b0fe</run_address>
         <size>0x52</size>
         <input_file_ref idref="fl-104"/>
      </object_component>
      <object_component id="oc-44f">
         <name>.text:PCM_shutdownDevice</name>
         <load_address>0x1b150</load_address>
         <run_address>0x1b150</run_address>
         <size>0x50</size>
         <input_file_ref idref="fl-31"/>
      </object_component>
      <object_component id="oc-607">
         <name>.text:SysCtl_getTLVInfo</name>
         <load_address>0x1b1a0</load_address>
         <run_address>0x1b1a0</run_address>
         <size>0x50</size>
         <input_file_ref idref="fl-34"/>
      </object_component>
      <object_component id="oc-6a">
         <name>.text</name>
         <load_address>0x1b1f0</load_address>
         <run_address>0x1b1f0</run_address>
         <size>0x4c</size>
         <input_file_ref idref="fl-18"/>
      </object_component>
      <object_component id="oc-120">
         <name>.text:GPIO_setAsPeripheralModuleFunctionOutputPin</name>
         <load_address>0x1b23c</load_address>
         <run_address>0x1b23c</run_address>
         <size>0x4c</size>
         <input_file_ref idref="fl-2e"/>
      </object_component>
      <object_component id="oc-601">
         <name>.text:_CSGetDOCFrequency</name>
         <load_address>0x1b288</load_address>
         <run_address>0x1b288</run_address>
         <size>0x4c</size>
         <input_file_ref idref="fl-2c"/>
      </object_component>
      <object_component id="oc-638">
         <name>.text:atoi</name>
         <load_address>0x1b2d4</load_address>
         <run_address>0x1b2d4</run_address>
         <size>0x4c</size>
         <input_file_ref idref="fl-105"/>
      </object_component>
      <object_component id="oc-40e">
         <name>.text:snprintf</name>
         <load_address>0x1b320</load_address>
         <run_address>0x1b320</run_address>
         <size>0x4c</size>
         <input_file_ref idref="fl-fd"/>
      </object_component>
      <object_component id="oc-3fc">
         <name>.text:GPIO_setAsPeripheralModuleFunctionInputPin</name>
         <load_address>0x1b36c</load_address>
         <run_address>0x1b36c</run_address>
         <size>0x48</size>
         <input_file_ref idref="fl-2e"/>
      </object_component>
      <object_component id="oc-470">
         <name>.text:_CSGetDividerValue</name>
         <load_address>0x1b3b4</load_address>
         <run_address>0x1b3b4</run_address>
         <size>0x48</size>
         <input_file_ref idref="fl-2c"/>
      </object_component>
      <object_component id="oc-7e0">
         <name>.text</name>
         <load_address>0x1b3fc</load_address>
         <run_address>0x1b3fc</run_address>
         <size>0x48</size>
         <input_file_ref idref="fl-110"/>
      </object_component>
      <object_component id="oc-4a6">
         <name>.text</name>
         <load_address>0x1b444</load_address>
         <run_address>0x1b444</run_address>
         <size>0x44</size>
         <input_file_ref idref="fl-6"/>
      </object_component>
      <object_component id="oc-1f7">
         <name>.text:__TI_auto_init_nobinit_nopinit:__TI_auto_init_nobinit_nopinit</name>
         <load_address>0x1b488</load_address>
         <run_address>0x1b488</run_address>
         <size>0x44</size>
         <input_file_ref idref="fl-101"/>
      </object_component>
      <object_component id="oc-49f">
         <name>.text:LCD_WriteData</name>
         <load_address>0x1b4cc</load_address>
         <run_address>0x1b4cc</run_address>
         <size>0x40</size>
         <input_file_ref idref="fl-b"/>
      </object_component>
      <object_component id="oc-369">
         <name>.text:sprintf</name>
         <load_address>0x1b50c</load_address>
         <run_address>0x1b50c</run_address>
         <size>0x40</size>
         <input_file_ref idref="fl-fe"/>
      </object_component>
      <object_component id="oc-162">
         <name>.text:I2C_initMaster</name>
         <load_address>0x1b54c</load_address>
         <run_address>0x1b54c</run_address>
         <size>0x3e</size>
         <input_file_ref idref="fl-2f"/>
      </object_component>
      <object_component id="oc-808">
         <name>.text:_fcpy</name>
         <load_address>0x1b58a</load_address>
         <run_address>0x1b58a</run_address>
         <size>0x3e</size>
         <input_file_ref idref="fl-104"/>
      </object_component>
      <object_component id="oc-17a">
         <name>.text:I2C_masterSendMultiByteStart</name>
         <load_address>0x1b5c8</load_address>
         <run_address>0x1b5c8</run_address>
         <size>0x38</size>
         <input_file_ref idref="fl-2f"/>
      </object_component>
      <object_component id="oc-52">
         <name>.text:_c_int00_noargs:_c_int00_noargs</name>
         <load_address>0x1b600</load_address>
         <run_address>0x1b600</run_address>
         <size>0x38</size>
         <input_file_ref idref="fl-f9"/>
      </object_component>
      <object_component id="oc-339">
         <name>.text</name>
         <load_address>0x1b638</load_address>
         <run_address>0x1b638</run_address>
         <size>0x38</size>
         <input_file_ref idref="fl-f0"/>
      </object_component>
      <object_component id="oc-d2">
         <name>.text</name>
         <load_address>0x1b670</load_address>
         <run_address>0x1b670</run_address>
         <size>0x34</size>
         <input_file_ref idref="fl-7"/>
      </object_component>
      <object_component id="oc-313">
         <name>.text:LCD_WriteIndex</name>
         <load_address>0x1b6a4</load_address>
         <run_address>0x1b6a4</run_address>
         <size>0x34</size>
         <input_file_ref idref="fl-b"/>
      </object_component>
      <object_component id="oc-355">
         <name>.text:GPIO_setAsInputPinWithPullUpResistor</name>
         <load_address>0x1b6d8</load_address>
         <run_address>0x1b6d8</run_address>
         <size>0x30</size>
         <input_file_ref idref="fl-2e"/>
      </object_component>
      <object_component id="oc-19e">
         <name>.text:I2C_masterSendMultiByteStop</name>
         <load_address>0x1b708</load_address>
         <run_address>0x1b708</run_address>
         <size>0x30</size>
         <input_file_ref idref="fl-2f"/>
      </object_component>
      <object_component id="oc-5ac">
         <name>.text:_outs</name>
         <load_address>0x1b738</load_address>
         <run_address>0x1b738</run_address>
         <size>0x30</size>
         <input_file_ref idref="fl-fd"/>
      </object_component>
      <object_component id="oc-48a">
         <name>.text:is_A_Module</name>
         <load_address>0x1b768</load_address>
         <run_address>0x1b768</run_address>
         <size>0x30</size>
         <input_file_ref idref="fl-33"/>
      </object_component>
      <object_component id="oc-7eb">
         <name>.text</name>
         <load_address>0x1b798</load_address>
         <run_address>0x1b798</run_address>
         <size>0x2e</size>
         <input_file_ref idref="fl-111"/>
      </object_component>
      <object_component id="oc-5f5">
         <name>.text:PCM_getCoreVoltageLevel</name>
         <load_address>0x1b7c6</load_address>
         <run_address>0x1b7c6</run_address>
         <size>0x2c</size>
         <input_file_ref idref="fl-31"/>
      </object_component>
      <object_component id="oc-5da">
         <name>.text:PCM_getPowerMode</name>
         <load_address>0x1b7f2</load_address>
         <run_address>0x1b7f2</run_address>
         <size>0x2a</size>
         <input_file_ref idref="fl-31"/>
      </object_component>
      <object_component id="oc-12c">
         <name>.text:FlashCtl_setWaitState</name>
         <load_address>0x1b81c</load_address>
         <run_address>0x1b81c</run_address>
         <size>0x28</size>
         <input_file_ref idref="fl-2d"/>
      </object_component>
      <object_component id="oc-461">
         <name>.text:PCM_gotoLPM0</name>
         <load_address>0x1b844</load_address>
         <run_address>0x1b844</run_address>
         <size>0x28</size>
         <input_file_ref idref="fl-31"/>
      </object_component>
      <object_component id="oc-3d4">
         <name>.text</name>
         <load_address>0x1b86c</load_address>
         <run_address>0x1b86c</run_address>
         <size>0x26</size>
         <input_file_ref idref="fl-11"/>
      </object_component>
      <object_component id="oc-47c">
         <name>.text:CS_clearInterruptFlag</name>
         <load_address>0x1b894</load_address>
         <run_address>0x1b894</run_address>
         <size>0x24</size>
         <input_file_ref idref="fl-2c"/>
      </object_component>
      <object_component id="oc-138">
         <name>.text:CS_setDCOCenteredFrequency</name>
         <load_address>0x1b8b8</load_address>
         <run_address>0x1b8b8</run_address>
         <size>0x24</size>
         <input_file_ref idref="fl-2c"/>
      </object_component>
      <object_component id="oc-1aa">
         <name>.text:I2C_masterSendMultiByteNext</name>
         <load_address>0x1b8dc</load_address>
         <run_address>0x1b8dc</run_address>
         <size>0x24</size>
         <input_file_ref idref="fl-2f"/>
      </object_component>
      <object_component id="oc-d8">
         <name>.text:Interrupt_setPriority</name>
         <load_address>0x1b900</load_address>
         <run_address>0x1b900</run_address>
         <size>0x24</size>
         <input_file_ref idref="fl-30"/>
      </object_component>
      <object_component id="oc-5ed">
         <name>.text:RTC_C_holdClock</name>
         <load_address>0x1b924</load_address>
         <run_address>0x1b924</run_address>
         <size>0x24</size>
         <input_file_ref idref="fl-32"/>
      </object_component>
      <object_component id="oc-332">
         <name>.text:SPISendRecvByte</name>
         <load_address>0x1b948</load_address>
         <run_address>0x1b948</run_address>
         <size>0x24</size>
         <input_file_ref idref="fl-b"/>
      </object_component>
      <object_component id="oc-3f6">
         <name>.text:UART_transmitData</name>
         <load_address>0x1b96c</load_address>
         <run_address>0x1b96c</run_address>
         <size>0x24</size>
         <input_file_ref idref="fl-36"/>
      </object_component>
      <object_component id="oc-30c">
         <name>.text:LCD_SetCursor</name>
         <load_address>0x1b990</load_address>
         <run_address>0x1b990</run_address>
         <size>0x20</size>
         <input_file_ref idref="fl-b"/>
      </object_component>
      <object_component id="oc-321">
         <name>.text:LCD_Write_Data_Only</name>
         <load_address>0x1b9b0</load_address>
         <run_address>0x1b9b0</run_address>
         <size>0x20</size>
         <input_file_ref idref="fl-b"/>
      </object_component>
      <object_component id="oc-4ae">
         <name>.text:SPI_transmitData</name>
         <load_address>0x1b9d0</load_address>
         <run_address>0x1b9d0</run_address>
         <size>0x20</size>
         <input_file_ref idref="fl-33"/>
      </object_component>
      <object_component id="oc-305">
         <name>.text:LCD_WriteReg</name>
         <load_address>0x1b9f0</load_address>
         <run_address>0x1b9f0</run_address>
         <size>0x1c</size>
         <input_file_ref idref="fl-b"/>
      </object_component>
      <object_component id="oc-661">
         <name>.text:memccpy</name>
         <load_address>0x1ba0c</load_address>
         <run_address>0x1ba0c</run_address>
         <size>0x1c</size>
         <input_file_ref idref="fl-108"/>
      </object_component>
      <object_component id="oc-2ff">
         <name>.text:SPI_enableModule</name>
         <load_address>0x1ba28</load_address>
         <run_address>0x1ba28</run_address>
         <size>0x1a</size>
         <input_file_ref idref="fl-33"/>
      </object_component>
      <object_component id="oc-4b4">
         <name>.text:SPI_receiveData</name>
         <load_address>0x1ba42</load_address>
         <run_address>0x1ba42</run_address>
         <size>0x1a</size>
         <input_file_ref idref="fl-33"/>
      </object_component>
      <object_component id="oc-3b8">
         <name>.text:CS_getMCLK</name>
         <load_address>0x1ba5c</load_address>
         <run_address>0x1ba5c</run_address>
         <size>0x18</size>
         <input_file_ref idref="fl-2c"/>
      </object_component>
      <object_component id="oc-150">
         <name>.text:CS_getSMCLK</name>
         <load_address>0x1ba74</load_address>
         <run_address>0x1ba74</run_address>
         <size>0x18</size>
         <input_file_ref idref="fl-2c"/>
      </object_component>
      <object_component id="oc-35b">
         <name>.text:GPIO_getInputPinValue</name>
         <load_address>0x1ba8c</load_address>
         <run_address>0x1ba8c</run_address>
         <size>0x18</size>
         <input_file_ref idref="fl-2e"/>
      </object_component>
      <object_component id="oc-24d">
         <name>.text:WDT_A_clearTimer</name>
         <load_address>0x1baa4</load_address>
         <run_address>0x1baa4</run_address>
         <size>0x18</size>
         <input_file_ref idref="fl-37"/>
      </object_component>
      <object_component id="oc-253">
         <name>.text:WDT_A_holdTimer</name>
         <load_address>0x1babc</load_address>
         <run_address>0x1babc</run_address>
         <size>0x18</size>
         <input_file_ref idref="fl-37"/>
      </object_component>
      <object_component id="oc-5b2">
         <name>.text:_outc</name>
         <load_address>0x1bad4</load_address>
         <run_address>0x1bad4</run_address>
         <size>0x18</size>
         <input_file_ref idref="fl-fd"/>
      </object_component>
      <object_component id="oc-4cf">
         <name>.text:_outs</name>
         <load_address>0x1baec</load_address>
         <run_address>0x1baec</run_address>
         <size>0x18</size>
         <input_file_ref idref="fl-fe"/>
      </object_component>
      <object_component id="oc-592">
         <name>.text</name>
         <load_address>0x1bb04</load_address>
         <run_address>0x1bb04</run_address>
         <size>0x18</size>
         <input_file_ref idref="fl-f1"/>
      </object_component>
      <object_component id="oc-81c">
         <name>.text:strchr</name>
         <load_address>0x1bb1c</load_address>
         <run_address>0x1bb1c</run_address>
         <size>0x16</size>
         <input_file_ref idref="fl-109"/>
      </object_component>
      <object_component id="oc-126">
         <name>.text:CS_setExternalClockSourceFrequency</name>
         <load_address>0x1bb34</load_address>
         <run_address>0x1bb34</run_address>
         <size>0x14</size>
         <input_file_ref idref="fl-2c"/>
      </object_component>
      <object_component id="oc-156">
         <name>.text:I2C_isBusBusy</name>
         <load_address>0x1bb48</load_address>
         <run_address>0x1bb48</run_address>
         <size>0x14</size>
         <input_file_ref idref="fl-2f"/>
      </object_component>
      <object_component id="oc-de">
         <name>.text:SysTick_enableInterrupt</name>
         <load_address>0x1bb5c</load_address>
         <run_address>0x1bb5c</run_address>
         <size>0x14</size>
         <input_file_ref idref="fl-35"/>
      </object_component>
      <object_component id="oc-c6">
         <name>.text:SysTick_enableModule</name>
         <load_address>0x1bb70</load_address>
         <run_address>0x1bb70</run_address>
         <size>0x14</size>
         <input_file_ref idref="fl-35"/>
      </object_component>
      <object_component id="oc-8f4">
         <name>.text:copysign</name>
         <load_address>0x1bb84</load_address>
         <run_address>0x1bb84</run_address>
         <size>0x14</size>
         <input_file_ref idref="fl-113"/>
      </object_component>
      <object_component id="oc-509">
         <name>.text:strlen</name>
         <load_address>0x1bb98</load_address>
         <run_address>0x1bb98</run_address>
         <size>0x14</size>
         <input_file_ref idref="fl-ff"/>
      </object_component>
      <object_component id="oc-667">
         <name>.text:wcslen</name>
         <load_address>0x1bbac</load_address>
         <run_address>0x1bbac</run_address>
         <size>0x12</size>
         <input_file_ref idref="fl-10a"/>
      </object_component>
      <object_component id="oc-18c">
         <name>.text:I2C_masterReceiveStart</name>
         <load_address>0x1bbbe</load_address>
         <run_address>0x1bbbe</run_address>
         <size>0x10</size>
         <input_file_ref idref="fl-2f"/>
      </object_component>
      <object_component id="oc-114">
         <name>.text:Interrupt_enableMaster</name>
         <load_address>0x1bbce</load_address>
         <run_address>0x1bbce</run_address>
         <size>0x10</size>
         <input_file_ref idref="fl-30"/>
      </object_component>
      <object_component id="oc-449">
         <name>.text:PCM_gotoLPM4</name>
         <load_address>0x1bbde</load_address>
         <run_address>0x1bbde</run_address>
         <size>0x10</size>
         <input_file_ref idref="fl-31"/>
      </object_component>
      <object_component id="oc-77f">
         <name>.text:SysCtl_disableNMISource</name>
         <load_address>0x1bbf0</load_address>
         <run_address>0x1bbf0</run_address>
         <size>0x10</size>
         <input_file_ref idref="fl-34"/>
      </object_component>
      <object_component id="oc-78b">
         <name>.text:SysCtl_enableNMISource</name>
         <load_address>0x1bc00</load_address>
         <run_address>0x1bc00</run_address>
         <size>0x10</size>
         <input_file_ref idref="fl-34"/>
      </object_component>
      <object_component id="oc-ee">
         <name>.text</name>
         <load_address>0x1bc10</load_address>
         <run_address>0x1bc10</run_address>
         <size>0xe</size>
         <input_file_ref idref="fl-15"/>
      </object_component>
      <object_component id="oc-198">
         <name>.text:I2C_clearInterruptFlag</name>
         <load_address>0x1bc1e</load_address>
         <run_address>0x1bc1e</run_address>
         <size>0xe</size>
         <input_file_ref idref="fl-2f"/>
      </object_component>
      <object_component id="oc-180">
         <name>.text:I2C_disableInterrupt</name>
         <load_address>0x1bc2c</load_address>
         <run_address>0x1bc2c</run_address>
         <size>0xe</size>
         <input_file_ref idref="fl-2f"/>
      </object_component>
      <object_component id="oc-1a">
         <name>.text:decompress:none:__TI_decompress_none</name>
         <load_address>0x1bc3a</load_address>
         <run_address>0x1bc3a</run_address>
         <size>0xe</size>
         <input_file_ref idref="fl-f7"/>
      </object_component>
      <object_component id="oc-64">
         <name>.text</name>
         <load_address>0x1bc48</load_address>
         <run_address>0x1bc48</run_address>
         <size>0xe</size>
         <input_file_ref idref="fl-4"/>
      </object_component>
      <object_component id="oc-2a5">
         <name>.text:CPU_cpsie</name>
         <load_address>0x1bc56</load_address>
         <run_address>0x1bc56</run_address>
         <size>0xc</size>
         <input_file_ref idref="fl-38"/>
      </object_component>
      <object_component id="oc-498">
         <name>.text:EUSCI_A_SPI_enable</name>
         <load_address>0x1bc62</load_address>
         <run_address>0x1bc62</run_address>
         <size>0xc</size>
         <input_file_ref idref="fl-33"/>
      </object_component>
      <object_component id="oc-492">
         <name>.text:EUSCI_B_SPI_enable</name>
         <load_address>0x1bc6e</load_address>
         <run_address>0x1bc6e</run_address>
         <size>0xc</size>
         <input_file_ref idref="fl-33"/>
      </object_component>
      <object_component id="oc-15c">
         <name>.text:I2C_disableModule</name>
         <load_address>0x1bc7a</load_address>
         <run_address>0x1bc7a</run_address>
         <size>0xc</size>
         <input_file_ref idref="fl-2f"/>
      </object_component>
      <object_component id="oc-16e">
         <name>.text:I2C_enableModule</name>
         <load_address>0x1bc86</load_address>
         <run_address>0x1bc86</run_address>
         <size>0xc</size>
         <input_file_ref idref="fl-2f"/>
      </object_component>
      <object_component id="oc-43d">
         <name>.text:PCM_getPowerState</name>
         <load_address>0x1bc94</load_address>
         <run_address>0x1bc94</run_address>
         <size>0xc</size>
         <input_file_ref idref="fl-31"/>
      </object_component>
      <object_component id="oc-779">
         <name>.text:SysCtl_getNMISourceStatus</name>
         <load_address>0x1bca0</load_address>
         <run_address>0x1bca0</run_address>
         <size>0xc</size>
         <input_file_ref idref="fl-34"/>
      </object_component>
      <object_component id="oc-cc">
         <name>.text:SysTick_setPeriod</name>
         <load_address>0x1bcac</load_address>
         <run_address>0x1bcac</run_address>
         <size>0xc</size>
         <input_file_ref idref="fl-35"/>
      </object_component>
      <object_component id="oc-408">
         <name>.text:UART_enableModule</name>
         <load_address>0x1bcb8</load_address>
         <run_address>0x1bcb8</run_address>
         <size>0xc</size>
         <input_file_ref idref="fl-36"/>
      </object_component>
      <object_component id="oc-46">
         <name>.text:decompress:ZI:__TI_zero_init</name>
         <load_address>0x1bcc4</load_address>
         <run_address>0x1bcc4</run_address>
         <size>0xc</size>
         <input_file_ref idref="fl-f6"/>
      </object_component>
      <object_component id="oc-31a">
         <name>.text:LCD_Write_Data_Start</name>
         <load_address>0x1bcd0</load_address>
         <run_address>0x1bcd0</run_address>
         <size>0xa</size>
         <input_file_ref idref="fl-b"/>
      </object_component>
      <object_component id="oc-4d5">
         <name>.text:_outc</name>
         <load_address>0x1bcda</load_address>
         <run_address>0x1bcda</run_address>
         <size>0xa</size>
         <input_file_ref idref="fl-fe"/>
      </object_component>
      <object_component id="oc-174">
         <name>.text:I2C_enableInterrupt</name>
         <load_address>0x1bce4</load_address>
         <run_address>0x1bce4</run_address>
         <size>0x8</size>
         <input_file_ref idref="fl-2f"/>
      </object_component>
      <object_component id="oc-3ac">
         <name>.text:PCM_setCoreVoltageLevel</name>
         <load_address>0x1bcec</load_address>
         <run_address>0x1bcec</run_address>
         <size>0x8</size>
         <input_file_ref idref="fl-31"/>
      </object_component>
      <object_component id="oc-5e0">
         <name>.text:PCM_setPowerMode</name>
         <load_address>0x1bcf4</load_address>
         <run_address>0x1bcf4</run_address>
         <size>0x8</size>
         <input_file_ref idref="fl-31"/>
      </object_component>
      <object_component id="oc-132">
         <name>.text:PCM_setPowerState</name>
         <load_address>0x1bcfc</load_address>
         <run_address>0x1bcfc</run_address>
         <size>0x8</size>
         <input_file_ref idref="fl-31"/>
      </object_component>
      <object_component id="oc-66d">
         <name>.text:__aeabi_errno_addr</name>
         <load_address>0x1bd04</load_address>
         <run_address>0x1bd04</run_address>
         <size>0x8</size>
         <input_file_ref idref="fl-112"/>
      </object_component>
      <object_component id="oc-3b2">
         <name>.text:CS_startHFXT</name>
         <load_address>0x1bd0c</load_address>
         <run_address>0x1bd0c</run_address>
         <size>0x6</size>
         <input_file_ref idref="fl-2c"/>
      </object_component>
      <object_component id="oc-62b">
         <name>.text:EUSCI_A_SPI_receiveData</name>
         <load_address>0x1bd12</load_address>
         <run_address>0x1bd12</run_address>
         <size>0x6</size>
         <input_file_ref idref="fl-33"/>
      </object_component>
      <object_component id="oc-631">
         <name>.text:EUSCI_B_SPI_receiveData</name>
         <load_address>0x1bd18</load_address>
         <run_address>0x1bd18</run_address>
         <size>0x6</size>
         <input_file_ref idref="fl-33"/>
      </object_component>
      <object_component id="oc-192">
         <name>.text:I2C_getEnabledInterruptStatus</name>
         <load_address>0x1bd1e</load_address>
         <run_address>0x1bd1e</run_address>
         <size>0x6</size>
         <input_file_ref idref="fl-2f"/>
      </object_component>
      <object_component id="oc-186">
         <name>.text:I2C_getInterruptStatus</name>
         <load_address>0x1bd24</load_address>
         <run_address>0x1bd24</run_address>
         <size>0x6</size>
         <input_file_ref idref="fl-2f"/>
      </object_component>
      <object_component id="oc-1a4">
         <name>.text:I2C_masterReceiveMultiByteNext</name>
         <load_address>0x1bd2a</load_address>
         <run_address>0x1bd2a</run_address>
         <size>0x6</size>
         <input_file_ref idref="fl-2f"/>
      </object_component>
      <object_component id="oc-58b">
         <name>.text:SysCtlDelay</name>
         <load_address>0x1bd30</load_address>
         <run_address>0x1bd30</run_address>
         <size>0x6</size>
         <input_file_ref idref="fl-11"/>
      </object_component>
      <object_component id="oc-5e6">
         <name>.text:CPU_wfi</name>
         <load_address>0x1bd36</load_address>
         <run_address>0x1bd36</run_address>
         <size>0x4</size>
         <input_file_ref idref="fl-38"/>
      </object_component>
      <object_component id="oc-624">
         <name>.text:EUSCI_A_SPI_transmitData</name>
         <load_address>0x1bd3a</load_address>
         <run_address>0x1bd3a</run_address>
         <size>0x4</size>
         <input_file_ref idref="fl-33"/>
      </object_component>
      <object_component id="oc-61e">
         <name>.text:EUSCI_B_SPI_transmitData</name>
         <load_address>0x1bd3e</load_address>
         <run_address>0x1bd3e</run_address>
         <size>0x4</size>
         <input_file_ref idref="fl-33"/>
      </object_component>
      <object_component id="oc-168">
         <name>.text:I2C_setSlaveAddress</name>
         <load_address>0x1bd42</load_address>
         <run_address>0x1bd42</run_address>
         <size>0x4</size>
         <input_file_ref idref="fl-2f"/>
      </object_component>
      <object_component id="oc-a1">
         <name>.text:_system_pre_init</name>
         <load_address>0x1bd46</load_address>
         <run_address>0x1bd46</run_address>
         <size>0x4</size>
         <input_file_ref idref="fl-102"/>
      </object_component>
      <object_component id="oc-1eb">
         <name>.text:abort:abort</name>
         <load_address>0x1bd4a</load_address>
         <run_address>0x1bd4a</run_address>
         <size>0x4</size>
         <input_file_ref idref="fl-fa"/>
      </object_component>
      <object_component id="oc-619">
         <name>.const:AsciiLib</name>
         <load_address>0x1bd50</load_address>
         <run_address>0x1bd50</run_address>
         <size>0x5f0</size>
         <input_file_ref idref="fl-6"/>
      </object_component>
      <object_component id="oc-7cf">
         <name>.const:.string:_ctypes_</name>
         <load_address>0x1c340</load_address>
         <run_address>0x1c340</run_address>
         <size>0x101</size>
         <input_file_ref idref="fl-106"/>
      </object_component>
      <object_component id="oc-57c">
         <name>.const:.string:INVALID_OFFSET</name>
         <load_address>0x1c441</load_address>
         <run_address>0x1c441</run_address>
         <size>0x3</size>
         <input_file_ref idref="fl-f"/>
      </object_component>
      <object_component id="oc-6f0">
         <name>.const:$P$T0$1</name>
         <load_address>0x1c444</load_address>
         <run_address>0x1c444</run_address>
         <size>0xb0</size>
         <input_file_ref idref="fl-25"/>
      </object_component>
      <object_component id="oc-28a">
         <name>.const:g_pulRegs</name>
         <load_address>0x1c4f4</load_address>
         <run_address>0x1c4f4</run_address>
         <size>0x50</size>
         <input_file_ref idref="fl-30"/>
      </object_component>
      <object_component id="oc-2a1">
         <name>.const</name>
         <load_address>0x1c544</load_address>
         <run_address>0x1c544</run_address>
         <size>0x40</size>
         <input_file_ref idref="fl-30"/>
      </object_component>
      <object_component id="oc-84f">
         <name>.const:_SlActionLookupTable</name>
         <load_address>0x1c584</load_address>
         <run_address>0x1c584</run_address>
         <size>0x38</size>
         <input_file_ref idref="fl-1d"/>
      </object_component>
      <object_component id="oc-50f">
         <name>.const:$P$T0$1</name>
         <load_address>0x1c5bc</load_address>
         <run_address>0x1c5bc</run_address>
         <size>0x2c</size>
         <input_file_ref idref="fl-1b"/>
      </object_component>
      <object_component id="oc-414">
         <name>.const:backChannelUart115200Config</name>
         <load_address>0x1c5e8</load_address>
         <run_address>0x1c5e8</run_address>
         <size>0x24</size>
         <input_file_ref idref="fl-8"/>
      </object_component>
      <object_component id="oc-32f">
         <name>.const:SPI_LCD_Config</name>
         <load_address>0x1c60c</load_address>
         <run_address>0x1c60c</run_address>
         <size>0x1c</size>
         <input_file_ref idref="fl-b"/>
      </object_component>
      <object_component id="oc-512">
         <name>.const:$P$T1$2</name>
         <load_address>0x1c628</load_address>
         <run_address>0x1c628</run_address>
         <size>0x14</size>
         <input_file_ref idref="fl-1b"/>
      </object_component>
      <object_component id="oc-365">
         <name>.const:$P$T0$1</name>
         <load_address>0x1c63c</load_address>
         <run_address>0x1c63c</run_address>
         <size>0x12</size>
         <input_file_ref idref="fl-2"/>
      </object_component>
      <object_component id="oc-375">
         <name>.const:$P$T1$2</name>
         <load_address>0x1c64e</load_address>
         <run_address>0x1c64e</run_address>
         <size>0x12</size>
         <input_file_ref idref="fl-2"/>
      </object_component>
      <object_component id="oc-515">
         <name>.const:$P$T2$3</name>
         <load_address>0x1c660</load_address>
         <run_address>0x1c660</run_address>
         <size>0xc</size>
         <input_file_ref idref="fl-1b"/>
      </object_component>
      <object_component id="oc-57f">
         <name>.const:yas532_version_ac_coef</name>
         <load_address>0x1c66c</load_address>
         <run_address>0x1c66c</run_address>
         <size>0xc</size>
         <input_file_ref idref="fl-f"/>
      </object_component>
      <object_component id="oc-849">
         <name>.const:g_H2NCnysPattern</name>
         <load_address>0x1c678</load_address>
         <run_address>0x1c678</run_address>
         <size>0x8</size>
         <input_file_ref idref="fl-1d"/>
      </object_component>
      <object_component id="oc-846">
         <name>.const:g_H2NSyncPattern</name>
         <load_address>0x1c680</load_address>
         <run_address>0x1c680</run_address>
         <size>0x8</size>
         <input_file_ref idref="fl-1d"/>
      </object_component>
      <object_component id="oc-583">
         <name>.const:v_calib_data$2</name>
         <load_address>0x1c688</load_address>
         <run_address>0x1c688</run_address>
         <size>0x8</size>
         <input_file_ref idref="fl-f"/>
      </object_component>
      <object_component id="oc-3f2">
         <name>.const:.string:$P$T0$1</name>
         <load_address>0x1c690</load_address>
         <run_address>0x1c690</run_address>
         <size>0x5</size>
         <input_file_ref idref="fl-e"/>
      </object_component>
      <object_component id="oc-582">
         <name>.const:.string:v_correct_u8$1</name>
         <load_address>0x1c695</load_address>
         <run_address>0x1c695</run_address>
         <size>0x5</size>
         <input_file_ref idref="fl-f"/>
      </object_component>
      <object_component id="oc-84c">
         <name>.const:$P$T0$1</name>
         <load_address>0x1c69a</load_address>
         <run_address>0x1c69a</run_address>
         <size>0x4</size>
         <input_file_ref idref="fl-1d"/>
      </object_component>
      <object_component id="oc-746">
         <name>.const:$P$T0$1</name>
         <load_address>0x1c69e</load_address>
         <run_address>0x1c69e</run_address>
         <size>0x4</size>
         <input_file_ref idref="fl-20"/>
      </object_component>
      <object_component id="oc-68f">
         <name>.const:$P$T0$1</name>
         <load_address>0x1c6a2</load_address>
         <run_address>0x1c6a2</run_address>
         <size>0x4</size>
         <input_file_ref idref="fl-23"/>
      </object_component>
      <object_component id="oc-692">
         <name>.const:$P$T1$2</name>
         <load_address>0x1c6a6</load_address>
         <run_address>0x1c6a6</run_address>
         <size>0x4</size>
         <input_file_ref idref="fl-23"/>
      </object_component>
      <object_component id="oc-6f3">
         <name>.const:$P$T1$2</name>
         <load_address>0x1c6aa</load_address>
         <run_address>0x1c6aa</run_address>
         <size>0x4</size>
         <input_file_ref idref="fl-25"/>
      </object_component>
      <object_component id="oc-698">
         <name>.const:$P$T2$3</name>
         <load_address>0x1c6ae</load_address>
         <run_address>0x1c6ae</run_address>
         <size>0x4</size>
         <input_file_ref idref="fl-23"/>
      </object_component>
      <object_component id="oc-6fc">
         <name>.const:$P$T2$3</name>
         <load_address>0x1c6b2</load_address>
         <run_address>0x1c6b2</run_address>
         <size>0x4</size>
         <input_file_ref idref="fl-25"/>
      </object_component>
      <object_component id="oc-711">
         <name>.const:$P$T3$4</name>
         <load_address>0x1c6b6</load_address>
         <run_address>0x1c6b6</run_address>
         <size>0x4</size>
         <input_file_ref idref="fl-25"/>
      </object_component>
      <object_component id="oc-6a4">
         <name>.const:_SlAcceptCmdCtrl</name>
         <load_address>0x1c6ba</load_address>
         <run_address>0x1c6ba</run_address>
         <size>0x4</size>
         <input_file_ref idref="fl-23"/>
      </object_component>
      <object_component id="oc-6da">
         <name>.const:_SlDeviceGetCmdCtrl</name>
         <load_address>0x1c6be</load_address>
         <run_address>0x1c6be</run_address>
         <size>0x4</size>
         <input_file_ref idref="fl-1c"/>
      </object_component>
      <object_component id="oc-6dd">
         <name>.const:_SlDeviceSetCmdCtrl</name>
         <load_address>0x1c6c2</load_address>
         <run_address>0x1c6c2</run_address>
         <size>0x4</size>
         <input_file_ref idref="fl-1c"/>
      </object_component>
      <object_component id="oc-6d7">
         <name>.const:_SlEventMaskGetCmdCtrl</name>
         <load_address>0x1c6c6</load_address>
         <run_address>0x1c6c6</run_address>
         <size>0x4</size>
         <input_file_ref idref="fl-1c"/>
      </object_component>
      <object_component id="oc-6d4">
         <name>.const:_SlEventMaskSetCmdCtrl</name>
         <load_address>0x1c6ca</load_address>
         <run_address>0x1c6ca</run_address>
         <size>0x4</size>
         <input_file_ref idref="fl-1c"/>
      </object_component>
      <object_component id="oc-743">
         <name>.const:_SlGetHostByNameCtrl</name>
         <load_address>0x1c6ce</load_address>
         <run_address>0x1c6ce</run_address>
         <size>0x4</size>
         <input_file_ref idref="fl-20"/>
      </object_component>
      <object_component id="oc-740">
         <name>.const:_SlGetHostByServiceCtrl</name>
         <load_address>0x1c6d2</load_address>
         <run_address>0x1c6d2</run_address>
         <size>0x4</size>
         <input_file_ref idref="fl-20"/>
      </object_component>
      <object_component id="oc-73a">
         <name>.const:_SlGetServiceListeCtrl</name>
         <load_address>0x1c6d6</load_address>
         <run_address>0x1c6d6</run_address>
         <size>0x4</size>
         <input_file_ref idref="fl-20"/>
      </object_component>
      <object_component id="oc-6ad">
         <name>.const:_SlGetSockOptCmdCtrl</name>
         <load_address>0x1c6da</load_address>
         <run_address>0x1c6da</run_address>
         <size>0x4</size>
         <input_file_ref idref="fl-23"/>
      </object_component>
      <object_component id="oc-6a1">
         <name>.const:_SlListenCmdCtrl</name>
         <load_address>0x1c6de</load_address>
         <run_address>0x1c6de</run_address>
         <size>0x4</size>
         <input_file_ref idref="fl-23"/>
      </object_component>
      <object_component id="oc-74f">
         <name>.const:_SlNetAppGetCmdCtrl</name>
         <load_address>0x1c6e2</load_address>
         <run_address>0x1c6e2</run_address>
         <size>0x4</size>
         <input_file_ref idref="fl-20"/>
      </object_component>
      <object_component id="oc-74c">
         <name>.const:_SlNetAppSendTokenValueCmdCtrl</name>
         <load_address>0x1c6e6</load_address>
         <run_address>0x1c6e6</run_address>
         <size>0x4</size>
         <input_file_ref idref="fl-20"/>
      </object_component>
      <object_component id="oc-749">
         <name>.const:_SlNetAppSetCmdCtrl</name>
         <load_address>0x1c6ea</load_address>
         <run_address>0x1c6ea</run_address>
         <size>0x4</size>
         <input_file_ref idref="fl-20"/>
      </object_component>
      <object_component id="oc-734">
         <name>.const:_SlNetAppStartCtrl</name>
         <load_address>0x1c6ee</load_address>
         <run_address>0x1c6ee</run_address>
         <size>0x4</size>
         <input_file_ref idref="fl-20"/>
      </object_component>
      <object_component id="oc-737">
         <name>.const:_SlNetAppStopCtrl</name>
         <load_address>0x1c6f2</load_address>
         <run_address>0x1c6f2</run_address>
         <size>0x4</size>
         <input_file_ref idref="fl-20"/>
      </object_component>
      <object_component id="oc-72a">
         <name>.const:_SlNetCfgGetCmdCtrl</name>
         <load_address>0x1c6f6</load_address>
         <run_address>0x1c6f6</run_address>
         <size>0x4</size>
         <input_file_ref idref="fl-21"/>
      </object_component>
      <object_component id="oc-727">
         <name>.const:_SlNetCfgSetCmdCtrl</name>
         <load_address>0x1c6fa</load_address>
         <run_address>0x1c6fa</run_address>
         <size>0x4</size>
         <input_file_ref idref="fl-21"/>
      </object_component>
      <object_component id="oc-6f9">
         <name>.const:_SlPolicyGetCmdCtrl</name>
         <load_address>0x1c6fe</load_address>
         <run_address>0x1c6fe</run_address>
         <size>0x4</size>
         <input_file_ref idref="fl-25"/>
      </object_component>
      <object_component id="oc-6f6">
         <name>.const:_SlPolicySetCmdCtrl</name>
         <load_address>0x1c702</load_address>
         <run_address>0x1c702</run_address>
         <size>0x4</size>
         <input_file_ref idref="fl-25"/>
      </object_component>
      <object_component id="oc-702">
         <name>.const:_SlProfileDelCmdCtrl</name>
         <load_address>0x1c706</load_address>
         <run_address>0x1c706</run_address>
         <size>0x4</size>
         <input_file_ref idref="fl-25"/>
      </object_component>
      <object_component id="oc-6ff">
         <name>.const:_SlProfileGetCmdCtrl</name>
         <load_address>0x1c70a</load_address>
         <run_address>0x1c70a</run_address>
         <size>0x4</size>
         <input_file_ref idref="fl-25"/>
      </object_component>
      <object_component id="oc-6a7">
         <name>.const:_SlRecvCmdCtrl</name>
         <load_address>0x1c70e</load_address>
         <run_address>0x1c70e</run_address>
         <size>0x4</size>
         <input_file_ref idref="fl-23"/>
      </object_component>
      <object_component id="oc-695">
         <name>.const:_SlRecvfomCmdCtrl</name>
         <load_address>0x1c712</load_address>
         <run_address>0x1c712</run_address>
         <size>0x4</size>
         <input_file_ref idref="fl-23"/>
      </object_component>
      <object_component id="oc-73d">
         <name>.const:_SlRegisterServiceCtrl</name>
         <load_address>0x1c716</load_address>
         <run_address>0x1c716</run_address>
         <size>0x4</size>
         <input_file_ref idref="fl-20"/>
      </object_component>
      <object_component id="oc-708">
         <name>.const:_SlRxFilterAddtCmdCtrl</name>
         <load_address>0x1c71a</load_address>
         <run_address>0x1c71a</run_address>
         <size>0x4</size>
         <input_file_ref idref="fl-25"/>
      </object_component>
      <object_component id="oc-70e">
         <name>.const:_SlRxFilterGetCmdCtrl</name>
         <load_address>0x1c71e</load_address>
         <run_address>0x1c71e</run_address>
         <size>0x4</size>
         <input_file_ref idref="fl-25"/>
      </object_component>
      <object_component id="oc-70b">
         <name>.const:_SlRxFilterSetCmdCtrl</name>
         <load_address>0x1c722</load_address>
         <run_address>0x1c722</run_address>
         <size>0x4</size>
         <input_file_ref idref="fl-25"/>
      </object_component>
      <object_component id="oc-6b0">
         <name>.const:_SlSelectCmdCtrl</name>
         <load_address>0x1c726</load_address>
         <run_address>0x1c726</run_address>
         <size>0x4</size>
         <input_file_ref idref="fl-23"/>
      </object_component>
      <object_component id="oc-69e">
         <name>.const:_SlSendCmdCtrl</name>
         <load_address>0x1c72a</load_address>
         <run_address>0x1c72a</run_address>
         <size>0x4</size>
         <input_file_ref idref="fl-23"/>
      </object_component>
      <object_component id="oc-6aa">
         <name>.const:_SlSetSockOptCmdCtrl</name>
         <load_address>0x1c72e</load_address>
         <run_address>0x1c72e</run_address>
         <size>0x4</size>
         <input_file_ref idref="fl-23"/>
      </object_component>
      <object_component id="oc-714">
         <name>.const:_SlSmartConfigStartCmdCtrl</name>
         <load_address>0x1c732</load_address>
         <run_address>0x1c732</run_address>
         <size>0x4</size>
[...]
      </symbol>
      <symbol id="sm-1a99">
         <name>PCM_getPowerState</name>
         <value>0x1bc95</value>
         <object_component_ref idref="oc-43d"/>
      </symbol>
      <symbol id="sm-1a9a">
         <name>PCM_gotoLPM4</name>
         <value>0x1bbdf</value>
         <object_component_ref idref="oc-449"/>
      </symbol>
      <symbol id="sm-1a9b">
         <name>PCM_gotoLPM3</name>
         <value>0x1ac0d</value>
         <object_component_ref idref="oc-443"/>
      </symbol>
      <symbol id="sm-1a9c">
         <name>PCM_gotoLPM0</name>
         <value>0x1b845</value>
         <object_component_ref idref="oc-461"/>
      </symbol>
      <symbol id="sm-1a9d">
         <name>PCM_setPowerMode</name>
         <value>0x1bcf5</value>
         <object_component_ref idref="oc-5e0"/>
      </symbol>
      <symbol id="sm-1aaa">
         <name>RTC_C_holdClock</name>
         <value>0x1b925</value>
         <object_component_ref idref="oc-5ed"/>
      </symbol>
      <symbol id="sm-1b18">
         <name>EUSCI_B_SPI_receiveData</name>
         <value>0x1bd19</value>
         <object_component_ref idref="oc-631"/>
      </symbol>
      <symbol id="sm-1b19">
         <name>EUSCI_B_SPI_enable</name>
         <value>0x1bc6f</value>
         <object_component_ref idref="oc-492"/>
      </symbol>
      <symbol id="sm-1b1a">
         <name>SPI_enableModule</name>
         <value>0x1ba29</value>
         <object_component_ref idref="oc-2ff"/>
      </symbol>
      <symbol id="sm-1b1b">
         <name>EUSCI_A_SPI_receiveData</name>
         <value>0x1bd13</value>
         <object_component_ref idref="oc-62b"/>
      </symbol>
      <symbol id="sm-1b1c">
         <name>EUSCI_A_SPI_transmitData</name>
         <value>0x1bd3b</value>
         <object_component_ref idref="oc-624"/>
      </symbol>
      <symbol id="sm-1b1d">
         <name>EUSCI_B_SPI_transmitData</name>
         <value>0x1bd3f</value>
         <object_component_ref idref="oc-61e"/>
      </symbol>
      <symbol id="sm-1b1e">
         <name>SPI_transmitData</name>
         <value>0x1b9d1</value>
         <object_component_ref idref="oc-4ae"/>
      </symbol>
      <symbol id="sm-1b1f">
         <name>EUSCI_A_SPI_enable</name>
         <value>0x1bc63</value>
         <object_component_ref idref="oc-498"/>
      </symbol>
      <symbol id="sm-1b20">
         <name>SPI_receiveData</name>
         <value>0x1ba43</value>
         <object_component_ref idref="oc-4b4"/>
      </symbol>
      <symbol id="sm-1b21">
         <name>SPI_initMaster</name>
         <value>0x1a975</value>
         <object_component_ref idref="oc-2f9"/>
      </symbol>
      <symbol id="sm-1b54">
         <name>SysCtl_getNMISourceStatus</name>
         <value>0x1bca1</value>
         <object_component_ref idref="oc-779"/>
      </symbol>
      <symbol id="sm-1b55">
         <name>SysCtl_enableNMISource</name>
         <value>0x1bc01</value>
         <object_component_ref idref="oc-78b"/>
      </symbol>
      <symbol id="sm-1b56">
         <name>SysCtl_disableNMISource</name>
         <value>0x1bbf1</value>
         <object_component_ref idref="oc-77f"/>
      </symbol>
      <symbol id="sm-1b57">
         <name>SysCtl_getTLVInfo</name>
         <value>0x1b1a1</value>
         <object_component_ref idref="oc-607"/>
      </symbol>
      <symbol id="sm-1b7a">
         <name>SysTick_setPeriod</name>
         <value>0x1bcad</value>
         <object_component_ref idref="oc-cc"/>
      </symbol>
      <symbol id="sm-1b7b">
         <name>SysTick_enableInterrupt</name>
         <value>0x1bb5d</value>
         <object_component_ref idref="oc-de"/>
      </symbol>
      <symbol id="sm-1b7c">
         <name>SysTick_enableModule</name>
         <value>0x1bb71</value>
         <object_component_ref idref="oc-c6"/>
      </symbol>
      <symbol id="sm-1bab">
         <name>UART_enableModule</name>
         <value>0x1bcb9</value>
         <object_component_ref idref="oc-408"/>
      </symbol>
      <symbol id="sm-1bac">
         <name>UART_transmitData</name>
         <value>0x1b96d</value>
         <object_component_ref idref="oc-3f6"/>
      </symbol>
      <symbol id="sm-1bad">
         <name>UART_initModule</name>
         <value>0x1a8e1</value>
         <object_component_ref idref="oc-402"/>
      </symbol>
      <symbol id="sm-1bc3">
         <name>WDT_A_clearTimer</name>
         <value>0x1baa5</value>
         <object_component_ref idref="oc-24d"/>
      </symbol>
      <symbol id="sm-1bc4">
         <name>WDT_A_holdTimer</name>
         <value>0x1babd</value>
         <object_component_ref idref="oc-253"/>
      </symbol>
      <symbol id="sm-1bd6">
         <name>CPU_wfi</name>
         <value>0x1bd37</value>
         <object_component_ref idref="oc-5e6"/>
      </symbol>
      <symbol id="sm-1bd7">
         <name>CPU_cpsie</name>
         <value>0x1bc57</value>
         <object_component_ref idref="oc-2a5"/>
      </symbol>
      <symbol id="sm-1be2">
         <name>__aeabi_dmul</name>
         <value>0x1a06b</value>
         <object_component_ref idref="oc-33e"/>
      </symbol>
      <symbol id="sm-1bee">
         <name>__aeabi_d2f</name>
         <value>0x1ade3</value>
         <object_component_ref idref="oc-343"/>
      </symbol>
      <symbol id="sm-1bf9">
         <name>__aeabi_f2d</name>
         <value>0x1b639</value>
         <object_component_ref idref="oc-339"/>
      </symbol>
      <symbol id="sm-1c02">
         <name>__aeabi_lmul</name>
         <value>0x1bb05</value>
         <object_component_ref idref="oc-592"/>
      </symbol>
      <symbol id="sm-1c1d">
         <name>memcpy</name>
         <value>0x1a7ad</value>
         <object_component_ref idref="oc-34"/>
      </symbol>
      <symbol id="sm-1c1e">
         <name>__aeabi_memcpy</name>
         <value>0x1a7ad</value>
         <object_component_ref idref="oc-34"/>
      </symbol>
      <symbol id="sm-1c1f">
         <name>__aeabi_memcpy8</name>
         <value>0x1a7ad</value>
         <object_component_ref idref="oc-34"/>
      </symbol>
      <symbol id="sm-1c20">
         <name>__aeabi_memcpy4</name>
         <value>0x1a7ad</value>
         <object_component_ref idref="oc-34"/>
      </symbol>
      <symbol id="sm-1c2e">
         <name>__aeabi_ldivmod</name>
         <value>0x1ae51</value>
         <object_component_ref idref="oc-597"/>
      </symbol>
      <symbol id="sm-1c3b">
         <name>__aeabi_uldivmod</name>
         <value>0x1a849</value>
         <object_component_ref idref="oc-7ac"/>
      </symbol>
      <symbol id="sm-1c4a">
         <name>__aeabi_memset</name>
         <value>0x1ac8b</value>
         <object_component_ref idref="oc-9b"/>
      </symbol>
      <symbol id="sm-1c4b">
         <name>memset</name>
         <value>0x1ac91</value>
         <object_component_ref idref="oc-9b"/>
      </symbol>
      <symbol id="sm-1c4c">
         <name>__aeabi_memset8</name>
         <value>0x1ac8b</value>
         <object_component_ref idref="oc-9b"/>
      </symbol>
      <symbol id="sm-1c4d">
         <name>__aeabi_memset4</name>
         <value>0x1ac8b</value>
         <object_component_ref idref="oc-9b"/>
      </symbol>
      <symbol id="sm-1c4e">
         <name>__aeabi_memclr8</name>
         <value>0x1ac89</value>
         <object_component_ref idref="oc-9b"/>
      </symbol>
      <symbol id="sm-1c4f">
         <name>__aeabi_memclr4</name>
         <value>0x1ac89</value>
         <object_component_ref idref="oc-9b"/>
      </symbol>
      <symbol id="sm-1c50">
         <name>__aeabi_memclr</name>
         <value>0x1ac89</value>
         <object_component_ref idref="oc-9b"/>
      </symbol>
      <symbol id="sm-1c62">
         <name>__TI_zero_init</name>
         <value>0x1bcc5</value>
         <object_component_ref idref="oc-46"/>
      </symbol>
      <symbol id="sm-1c79">
         <name>__TI_decompress_none</name>
         <value>0x1bc3b</value>
         <object_component_ref idref="oc-1a"/>
      </symbol>
      <symbol id="sm-1c9c">
         <name>__TI_decompress_lzss</name>
         <value>0x1aebf</value>
         <object_component_ref idref="oc-14"/>
      </symbol>
      <symbol id="sm-1caf">
         <name>__stack</name>
         <value>0x2000fe00</value>
         <object_component_ref idref="oc-26"/>
      </symbol>
      <symbol id="sm-1cb0">
         <name>_c_int00_noargs</name>
         <value>0x1b601</value>
         <object_component_ref idref="oc-52"/>
      </symbol>
      <symbol id="sm-1cbb">
         <name>C$$EXIT</name>
         <value>0x1bd4b</value>
         <object_component_ref idref="oc-1eb"/>
      </symbol>
      <symbol id="sm-1cbc">
         <name>abort</name>
         <value>0x1bd4b</value>
         <object_component_ref idref="oc-1eb"/>
      </symbol>
      <symbol id="sm-1ced">
         <name>snprintf</name>
         <value>0x1b321</value>
         <object_component_ref idref="oc-40e"/>
      </symbol>
      <symbol id="sm-1d0f">
         <name>sprintf</name>
         <value>0x1b50d</value>
         <object_component_ref idref="oc-369"/>
      </symbol>
      <symbol id="sm-1d1d">
         <name>strlen</name>
         <value>0x1bb99</value>
         <object_component_ref idref="oc-509"/>
      </symbol>
      <symbol id="sm-1d27">
         <name>__aeabi_idiv0</name>
         <value>0x15d67</value>
         <object_component_ref idref="oc-7a7"/>
      </symbol>
      <symbol id="sm-1d28">
         <name>__aeabi_ldiv0</name>
         <value>0x15d67</value>
         <object_component_ref idref="oc-7a7"/>
      </symbol>
      <symbol id="sm-1d50">
         <name>__TI_auto_init_nobinit_nopinit</name>
         <value>0x1b489</value>
         <object_component_ref idref="oc-1f7"/>
      </symbol>
      <symbol id="sm-1d5a">
         <name>_system_pre_init</name>
         <value>0x1bd47</value>
         <object_component_ref idref="oc-a1"/>
      </symbol>
      <symbol id="sm-1ec0">
         <name>__TI_printfi</name>
         <value>0x15309</value>
         <object_component_ref idref="oc-4c9"/>
      </symbol>
      <symbol id="sm-1ed6">
         <name>atoi</name>
         <value>0x1b2d5</value>
         <object_component_ref idref="oc-638"/>
      </symbol>
      <symbol id="sm-1ee1">
         <name>_ctypes_</name>
         <value>0x1c340</value>
         <object_component_ref idref="oc-7cf"/>
      </symbol>
      <symbol id="sm-1ef0">
         <name>ltoa</name>
         <value>0x1b0ab</value>
         <object_component_ref idref="oc-7e5"/>
      </symbol>
      <symbol id="sm-1f00">
         <name>memccpy</name>
         <value>0x1ba0d</value>
         <object_component_ref idref="oc-661"/>
      </symbol>
      <symbol id="sm-1f10">
         <name>strchr</name>
         <value>0x1bb1d</value>
         <object_component_ref idref="oc-81c"/>
      </symbol>
      <symbol id="sm-1f29">
         <name>wcslen</name>
         <value>0x1bbad</value>
         <object_component_ref idref="oc-667"/>
      </symbol>
      <symbol id="sm-1f49">
         <name>frexpl</name>
         <value>0x1aff1</value>
         <object_component_ref idref="oc-810"/>
      </symbol>
      <symbol id="sm-1f4a">
         <name>frexp</name>
         <value>0x1aff1</value>
         <object_component_ref idref="oc-810"/>
      </symbol>
      <symbol id="sm-1f67">
         <name>scalbn</name>
         <value>0x19d59</value>
         <object_component_ref idref="oc-816"/>
      </symbol>
      <symbol id="sm-1f68">
         <name>scalbnl</name>
         <value>0x19d59</value>
         <object_component_ref idref="oc-816"/>
      </symbol>
      <symbol id="sm-1f69">
         <name>ldexpl</name>
         <value>0x19d59</value>
         <object_component_ref idref="oc-816"/>
      </symbol>
      <symbol id="sm-1f6a">
         <name>ldexp</name>
         <value>0x19d59</value>
         <object_component_ref idref="oc-816"/>
      </symbol>
      <symbol id="sm-1f81">
         <name>__aeabi_dsub</name>
         <value>0x192b1</value>
         <object_component_ref idref="oc-7f0"/>
      </symbol>
      <symbol id="sm-1f82">
         <name>__aeabi_dadd</name>
         <value>0x192bb</value>
         <object_component_ref idref="oc-7f0"/>
      </symbol>
      <symbol id="sm-1fa4">
         <name>__aeabi_cdcmpeq</name>
         <value>0x1a9fd</value>
         <object_component_ref idref="oc-644"/>
      </symbol>
      <symbol id="sm-1fa5">
         <name>__aeabi_cdcmple</name>
         <value>0x1a9fd</value>
         <object_component_ref idref="oc-644"/>
      </symbol>
      <symbol id="sm-1fa6">
         <name>__aeabi_cdrcmple</name>
         <value>0x1aa83</value>
         <object_component_ref idref="oc-7db"/>
      </symbol>
      <symbol id="sm-1fba">
         <name>__aeabi_ddiv</name>
         <value>0x198bd</value>
         <object_component_ref idref="oc-7d6"/>
      </symbol>
      <symbol id="sm-1fc4">
         <name>__aeabi_d2iz</name>
         <value>0x1b3fd</value>
         <object_component_ref idref="oc-7e0"/>
      </symbol>
      <symbol id="sm-1fce">
         <name>__aeabi_i2d</name>
         <value>0x1b799</value>
         <object_component_ref idref="oc-7eb"/>
      </symbol>
      <symbol id="sm-1fe4">
         <name>__aeabi_errno_addr</name>
         <value>0x1bd05</value>
         <object_component_ref idref="oc-66d"/>
      </symbol>
      <symbol id="sm-1fe5">
         <name>errno</name>
         <value>0x200098f8</value>
         <object_component_ref idref="oc-82c"/>
      </symbol>
      <symbol id="sm-1fef">
         <name>copysign</name>
         <value>0x1bb85</value>
         <object_component_ref idref="oc-8f4"/>
      </symbol>
      <symbol id="sm-1ff0">
         <name>copysignl</name>
         <value>0x1bb85</value>
         <object_component_ref idref="oc-8f4"/>
      </symbol>
      <symbol id="sm-1ff1">
         <name>__TI_static_base__</name>
         <value>0x0</value>
      </symbol>
      <symbol id="sm-1ff4">
         <name>__mpu_init</name>
         <value>0x0</value>
      </symbol>
      <symbol id="sm-1ff5">
         <name>_system_post_cinit</name>
         <value>0x0</value>
      </symbol>
      <symbol id="sm-1ff6">
         <name>NMI_Handler</name>
         <value>0x1bc55</value>
      </symbol>
      <symbol id="sm-1ff7">
         <name>HardFault_Handler</name>
         <value>0x1bc55</value>
      </symbol>
      <symbol id="sm-1ff8">
         <name>MemManage_Handler</name>
         <value>0x1bc55</value>
      </symbol>
      <symbol id="sm-1ff9">
         <name>BusFault_Handler</name>
         <value>0x1bc55</value>
      </symbol>
      <symbol id="sm-1ffa">
         <name>UsageFault_Handler</name>
         <value>0x1bc55</value>
      </symbol>
      <symbol id="sm-1ffb">
         <name>SVC_Handler</name>
         <value>0x1bc55</value>
      </symbol>
      <symbol id="sm-1ffc">
         <name>DebugMon_Handler</name>
         <value>0x1bc55</value>
      </symbol>
      <symbol id="sm-1ffd">
         <name>PendSV_Handler</name>
         <value>0x1b215</value>
      </symbol>
      <symbol id="sm-1ffe">
         <name>SysTick_Handler</name>
         <value>0x15e87</value>
      </symbol>
      <symbol id="sm-1fff">
         <name>PSS_IRQHandler</name>
         <value>0x1bc55</value>
      </symbol>
      <symbol id="sm-2000">
         <name>CS_IRQHandler</name>
         <value>0x1bc55</value>
      </symbol>
      <symbol id="sm-2001">
         <name>PCM_IRQHandler</name>
         <value>0x1bc55</value>
      </symbol>
      <symbol id="sm-2002">
         <name>WDT_A_IRQHandler</name>
         <value>0x1bc55</value>
      </symbol>
      <symbol id="sm-2003">
         <name>FPU_IRQHandler</name>
         <value>0x1bc55</value>
      </symbol>
      <symbol id="sm-2004">
         <name>FLCTL_IRQHandler</name>
         <value>0x1bc55</value>
      </symbol>
      <symbol id="sm-2005">
         <name>COMP_E0_IRQHandler</name>
         <value>0x1bc55</value>
      </symbol>
      <symbol id="sm-2006">
         <name>COMP_E1_IRQHandler</name>
         <value>0x1bc55</value>
      </symbol>
      <symbol id="sm-2007">
         <name>TA0_0_IRQHandler</name>
         <value>0x1bc55</value>
      </symbol>
      <symbol id="sm-2008">
         <name>TA0_N_IRQHandler</name>
         <value>0x1bc55</value>
      </symbol>
      <symbol id="sm-2009">
         <name>TA1_0_IRQHandler</name>
         <value>0x1bc55</value>
      </symbol>
      <symbol id="sm-200a">
         <name>TA1_N_IRQHandler</name>
         <value>0x1bc55</value>
      </symbol>
      <symbol id="sm-200b">
         <name>TA2_0_IRQHandler</name>
         <value>0x1bc55</value>
      </symbol>
      <symbol id="sm-200c">
         <name>TA2_N_IRQHandler</name>
         <value>0x1bc55</value>
      </symbol>
      <symbol id="sm-200d">
         <name>TA3_0_IRQHandler</name>
         <value>0x1bc55</value>
      </symbol>
      <symbol id="sm-200e">
         <name>TA3_N_IRQHandler</name>
         <value>0x1bc55</value>
      </symbol>
      <symbol id="sm-200f">
         <name>EUSCIA0_IRQHandler</name>
         <value>0x17dd9</value>
      </symbol>
      <symbol id="sm-2010">
         <name>EUSCIA1_IRQHandler</name>
         <value>0x1bc55</value>
      </symbol>
      <symbol id="sm-2011">
         <name>EUSCIA2_IRQHandler</name>
         <value>0x1bc55</value>
      </symbol>
      <symbol id="sm-2012">
         <name>EUSCIA3_IRQHandler</name>
         <value>0x1bc55</value>
      </symbol>
      <symbol id="sm-2013">
         <name>EUSCIB0_IRQHandler</name>
         <value>0x1bc55</value>
      </symbol>
      <symbol id="sm-2014">
         <name>EUSCIB1_IRQHandler</name>
         <value>0x17a11</value>
      </symbol>
      <symbol id="sm-2015">
         <name>EUSCIB2_IRQHandler</name>
         <value>0x1bc55</value>
      </symbol>
      <symbol id="sm-2016">
         <name>EUSCIB3_IRQHandler</name>
         <value>0x1bc55</value>
      </symbol>
      <symbol id="sm-2017">
         <name>ADC14_IRQHandler</name>
         <value>0x1bc55</value>
      </symbol>
      <symbol id="sm-2018">
         <name>T32_INT1_IRQHandler</name>
         <value>0x1bc55</value>
      </symbol>
      <symbol id="sm-2019">
         <name>T32_INT2_IRQHandler</name>
         <value>0x1bc55</value>
      </symbol>
      <symbol id="sm-201a">
         <name>T32_INTC_IRQHandler</name>
         <value>0x1bc55</value>
      </symbol>
      <symbol id="sm-201b">
         <name>AES256_IRQHandler</name>
         <value>0x1bc55</value>
      </symbol>
      <symbol id="sm-201c">
         <name>RTC_C_IRQHandler</name>
         <value>0x1bc55</value>
      </symbol>
      <symbol id="sm-201d">
         <name>DMA_ERR_IRQHandler</name>
         <value>0x1bc55</value>
      </symbol>
      <symbol id="sm-201e">
         <name>DMA_INT3_IRQHandler</name>
         <value>0x1bc55</value>
      </symbol>
      <symbol id="sm-201f">
         <name>DMA_INT2_IRQHandler</name>
         <value>0x1bc55</value>
      </symbol>
      <symbol id="sm-2020">
         <name>DMA_INT1_IRQHandler</name>
         <value>0x1bc55</value>
      </symbol>
      <symbol id="sm-2021">
         <name>DMA_INT0_IRQHandler</name>
         <value>0x1bc55</value>
      </symbol>
      <symbol id="sm-2022">
         <name>PORT1_IRQHandler</name>
         <value>0x17d89</value>
      </symbol>
      <symbol id="sm-2023">
         <name>PORT2_IRQHandler</name>
         <value>0x17db3</value>
      </symbol>
      <symbol id="sm-2024">
         <name>PORT3_IRQHandler</name>
         <value>0x1bc55</value>
      </symbol>
      <symbol id="sm-2025">
         <name>PORT4_IRQHandler</name>
         <value>0x1bc55</value>
      </symbol>
      <symbol id="sm-2026">
         <name>PORT5_IRQHandler</name>
         <value>0x1bc55</value>
      </symbol>
      <symbol id="sm-2027">
         <name>PORT6_IRQHandler</name>
         <value>0x1bc55</value>
      </symbol>
   </symbol_table>
   <title>Link successful</title>
</link_info>
