******************************************************************************
                  TI ARM Linker PC v18.1.4                     
******************************************************************************
>> Linked Mon Dec  3 04:34:09 2018

OUTPUT FILE NAME:   <Lab5.out>
ENTRY POINT SYMBOL: "_c_int00_noargs"  address: 0001b601


MEMORY CONFIGURATION

         name            origin    length      used     unused   attr    fill
----------------------  --------  ---------  --------  --------  ----  --------
  MAIN                  00000000   00040000  0001c7c0  00023840  R  X
  INFO                  00200000   00004000  00000000  00004000  R  X
  SRAM_CODE             01000000   00010000  00009b00  00006500  RW X
  SRAM_DATA             20000000   00010000  00009b00  00006500  RW  


SEGMENT ALLOCATION MAP

run origin  load origin   length   init length attrs members
----------  ----------- ---------- ----------- ----- -------
00000000    00000000    0001c7c8   0001c7c8    r-x
  00000000    00000000    000000e4   000000e4    r-- .intvecs
  000000e4    000000e4    0001bc6a   0001bc6a    r-x .text
  0001bd50    0001bd50    00000a02   00000a02    r-- .const
  0001c758    0001c758    00000070   00000070    r-- .cinit
20000000    20000000    00009900   00000000    rw-
  20000000    20000000    00009484   00000000    rw- .bss
  20009484    20009484    0000047c   00000000    rw- .data
2000fe00    2000fe00    00000200   00000000    rw-
  2000fe00    2000fe00    00000200   00000000    rw- .stack


SECTION ALLOCATION MAP

 output                                  attributes/
section   page    origin      length       input sections
--------  ----  ----------  ----------   ----------------
.intvecs   0    00000000    000000e4     
                  00000000    000000e4     startup_msp432p401r_ccs.obj (.intvecs:retain)

.text      0    000000e4    0001bc6a     
                  000000e4    0000d5e0     bmi160.obj (.text)
                  0000d6c4    00002024     driver.obj (.text)
                  0000f6e8    00001810     bme280.obj (.text)
                  00010ef8    00001310     Game.obj (.text)
                  00012208    00000ed4     socket.obj (.text)
                  000130dc    00000c28     bmi160_support.obj (.text)
                  00013d04    00000b44     netapp.obj (.text)
                  00014848    00000ac0     wlan.obj (.text)
                  00015308    00000a5e     rtsv7M4_T_le_v4SPD16_eabi.lib : _printfi.c.obj (.text:__TI_printfi)
                  00015d66    00000002                                   : div0.asm.obj (.text)
                  00015d68    000007c4     G8RTOS_Scheduler.obj (.text)
                  0001652c    00000694     cc3100_usage.obj (.text)
                  00016bc0    00000604     LCD_empty.obj (.text)
                  000171c4    000005b4     device.obj (.text)
                  00017778    00000360     i2c_driver.obj (.text)
                  00017ad8    00000350     board.obj (.text)
                  00017e28    00000334     system_msp432p401r.obj (.text)
                  0001815c    000002f8     BackChannelUart.obj (.text)
                  00018454    000002f8     RGBLeds.obj (.text)
                  0001874c    000002e0     bme280_support.obj (.text)
                  00018a2c    00000270     rtsv7M4_T_le_v4SPD16_eabi.lib : _printfi.c.obj (.text:_pconv_a)
                  00018c9c    00000234     tmp007.obj (.text)
                  00018ed0    00000210     spi_cc3100.obj (.text)
                  000190e0    000001d0     rtsv7M4_T_le_v4SPD16_eabi.lib : _printfi.c.obj (.text:_pconv_g)
                  000192b0    000001b6                                   : fd_add_t2.asm.obj (.text)
                  00019466    000001a0     msp432p4xx_driverlib.lib : pcm.o (.text:__PCM_setPowerStateAdvanced)
                  00019606    00000002     --HOLE-- [fill = 0]
                  00019608    00000178     Joystick.obj (.text)
                  00019780    0000013c     rtsv7M4_T_le_v4SPD16_eabi.lib : _printfi.c.obj (.text:_pconv_e)
                  000198bc    00000136                                   : fd_div_t2.asm.obj (.text)
                  000199f2    00000002     --HOLE-- [fill = 0]
                  000199f4    00000130     nonos.obj (.text)
                  00019b24    00000124     rtsv7M4_T_le_v4SPD16_eabi.lib : _printfi.c.obj (.text:fcvt)
                  00019c48    00000110     netcfg.obj (.text)
                  00019d58    00000110     rtsv7M4_T_le_v4SPD16_eabi.lib : s_scalbn.c.obj (.text:scalbn)
                  00019e68    00000104     msp432p4xx_driverlib.lib : cs.o (.text:CS_getDCOFrequency)
                  00019f6c    000000fe     opt3001.obj (.text)
                  0001a06a    000000fc     rtsv7M4_T_le_v4SPD16_eabi.lib : fd_mul_t2.asm.obj (.text)
                  0001a166    00000002     --HOLE-- [fill = 0]
                  0001a168    000000e0     msp432p4xx_driverlib.lib : cs.o (.text:CS_initClockSignal)
                  0001a248    000000dc                              : pcm.o (.text:__PCM_setPowerModeAdvanced)
                  0001a324    000000b1     rtsv7M4_T_le_v4SPD16_eabi.lib : _printfi.c.obj (.text:_ltostr)
                  0001a3d5    00000003     --HOLE-- [fill = 0]
                  0001a3d8    000000b0     msp432p4xx_driverlib.lib : pcm.o (.text:__PCM_setCoreVoltageLevelAdvanced)
                  0001a488    000000a8     main.obj (.text)
                  0001a530    000000a4     LCD_empty.obj (.text:PutChar)
                  0001a5d4    000000a0     G8RTOS_Semaphores.obj (.text)
                  0001a674    0000009c     msp432p4xx_driverlib.lib : cs.o (.text:CS_startHFXTWithTimeout)
                  0001a710    0000009c                              : cs.o (.text:_CSComputeCLKFrequency)
                  0001a7ac    0000009c     rtsv7M4_T_le_v4SPD16_eabi.lib : memcpy_t2.asm.obj (.text)
                  0001a848    00000096                                   : ull_div_t2.asm.obj (.text)
                  0001a8de    00000002     --HOLE-- [fill = 0]
                  0001a8e0    00000094     msp432p4xx_driverlib.lib : uart.o (.text:UART_initModule)
                  0001a974    00000088                              : spi.o (.text:SPI_initMaster)
                  0001a9fc    00000086     rtsv7M4_T_le_v4SPD16_eabi.lib : fd_cmp_t2.asm.obj (.text:__aeabi_cdcmple)
                  0001aa82    00000086                                   : fd_cmp_t2.asm.obj (.text:__aeabi_cdrcmple)
                  0001ab08    00000084     ClockSys.obj (.text)
                  0001ab8c    00000080     flowcont.obj (.text)
                  0001ac0c    0000007c     msp432p4xx_driverlib.lib : pcm.o (.text:PCM_gotoLPM3)
                  0001ac88    0000007a     rtsv7M4_T_le_v4SPD16_eabi.lib : memset_t2.asm.obj (.text)
                  0001ad02    00000002     --HOLE-- [fill = 0]
                  0001ad04    00000070     msp432p4xx_driverlib.lib : cs.o (.text:_CSGetHFXTFrequency)
                  0001ad74    0000006e     rtsv7M4_T_le_v4SPD16_eabi.lib : _printfi.c.obj (.text:_mcpy)
                  0001ade2    0000006e                                   : fd_tos_t2.asm.obj (.text)
                  0001ae50    0000006e                                   : ll_div_t2.asm.obj (.text)
                  0001aebe    00000068                                   : copy_decompress_lzss.c.obj (.text:decompress:lzss:__TI_decompress_lzss)
                  0001af26    00000002     --HOLE-- [fill = 0]
                  0001af28    00000064     msp432p4xx_driverlib.lib : interrupt.o (.text:Interrupt_disableInterrupt)
                  0001af8c    00000064                              : interrupt.o (.text:Interrupt_enableInterrupt)
                  0001aff0    00000064     rtsv7M4_T_le_v4SPD16_eabi.lib : s_frexp.c.obj (.text:frexp)
                  0001b054    00000056                                   : _printfi.c.obj (.text:_pconv_f)
                  0001b0aa    00000054                                   : ltoa.c.obj (.text:ltoa)
                  0001b0fe    00000052                                   : _printfi.c.obj (.text:_ecpy)
                  0001b150    00000050     msp432p4xx_driverlib.lib : pcm.o (.text:PCM_shutdownDevice)
                  0001b1a0    00000050                              : sysctl.o (.text:SysCtl_getTLVInfo)
                  0001b1f0    0000004c     G8RTOS_SchedulerASM.obj (.text)
                  0001b23c    0000004c     msp432p4xx_driverlib.lib : gpio.o (.text:GPIO_setAsPeripheralModuleFunctionOutputPin)
                  0001b288    0000004c                              : cs.o (.text:_CSGetDOCFrequency)
                  0001b2d4    0000004c     rtsv7M4_T_le_v4SPD16_eabi.lib : atoi.c.obj (.text:atoi)
                  0001b320    0000004c                                   : snprintf.c.obj (.text:snprintf)
                  0001b36c    00000048     msp432p4xx_driverlib.lib : gpio.o (.text:GPIO_setAsPeripheralModuleFunctionInputPin)
                  0001b3b4    00000048                              : cs.o (.text:_CSGetDividerValue)
                  0001b3fc    00000048     rtsv7M4_T_le_v4SPD16_eabi.lib : fd_toi_t2.asm.obj (.text)
                  0001b444    00000044     AsciiLib.obj (.text)
                  0001b488    00000044     rtsv7M4_T_le_v4SPD16_eabi.lib : autoinit.c.obj (.text:__TI_auto_init_nobinit_nopinit:__TI_auto_init_nobinit_nopinit)
                  0001b4cc    00000040     LCD_empty.obj (.text:LCD_WriteData)
                  0001b50c    00000040     rtsv7M4_T_le_v4SPD16_eabi.lib : sprintf.c.obj (.text:sprintf)
                  0001b54c    0000003e     msp432p4xx_driverlib.lib : i2c.o (.text:I2C_initMaster)
                  0001b58a    0000003e     rtsv7M4_T_le_v4SPD16_eabi.lib : _printfi.c.obj (.text:_fcpy)
                  0001b5c8    00000038     msp432p4xx_driverlib.lib : i2c.o (.text:I2C_masterSendMultiByteStart)
                  0001b600    00000038     rtsv7M4_T_le_v4SPD16_eabi.lib : boot_cortex_m.c.obj (.text:_c_int00_noargs:_c_int00_noargs)
                  0001b638    00000038                                   : fs_tod_t2.asm.obj (.text)
                  0001b670    00000034     BSP.obj (.text)
                  0001b6a4    00000034     LCD_empty.obj (.text:LCD_WriteIndex)
                  0001b6d8    00000030     msp432p4xx_driverlib.lib : gpio.o (.text:GPIO_setAsInputPinWithPullUpResistor)
                  0001b708    00000030                              : i2c.o (.text:I2C_masterSendMultiByteStop)
                  0001b738    00000030     rtsv7M4_T_le_v4SPD16_eabi.lib : snprintf.c.obj (.text:_outs)
                  0001b768    00000030     msp432p4xx_driverlib.lib : spi.o (.text:is_A_Module)
                  0001b798    0000002e     rtsv7M4_T_le_v4SPD16_eabi.lib : i_tofd_t2.asm.obj (.text)
                  0001b7c6    0000002c     msp432p4xx_driverlib.lib : pcm.o (.text:PCM_getCoreVoltageLevel)
                  0001b7f2    0000002a                              : pcm.o (.text:PCM_getPowerMode)
                  0001b81c    00000028                              : flash.o (.text:FlashCtl_setWaitState)
                  0001b844    00000028                              : pcm.o (.text:PCM_gotoLPM0)
                  0001b86c    00000026     demo_sysctl.obj (.text)
                  0001b892    00000002     --HOLE-- [fill = 0]
                  0001b894    00000024     msp432p4xx_driverlib.lib : cs.o (.text:CS_clearInterruptFlag)
                  0001b8b8    00000024                              : cs.o (.text:CS_setDCOCenteredFrequency)
                  0001b8dc    00000024                              : i2c.o (.text:I2C_masterSendMultiByteNext)
                  0001b900    00000024                              : interrupt.o (.text:Interrupt_setPriority)
                  0001b924    00000024                              : rtc_c.o (.text:RTC_C_holdClock)
                  0001b948    00000024     LCD_empty.obj (.text:SPISendRecvByte)
                  0001b96c    00000024     msp432p4xx_driverlib.lib : uart.o (.text:UART_transmitData)
                  0001b990    00000020     LCD_empty.obj (.text:LCD_SetCursor)
                  0001b9b0    00000020     LCD_empty.obj (.text:LCD_Write_Data_Only)
                  0001b9d0    00000020     msp432p4xx_driverlib.lib : spi.o (.text:SPI_transmitData)
                  0001b9f0    0000001c     LCD_empty.obj (.text:LCD_WriteReg)
                  0001ba0c    0000001c     rtsv7M4_T_le_v4SPD16_eabi.lib : memccpy.c.obj (.text:memccpy)
                  0001ba28    0000001a     msp432p4xx_driverlib.lib : spi.o (.text:SPI_enableModule)
                  0001ba42    0000001a                              : spi.o (.text:SPI_receiveData)
                  0001ba5c    00000018                              : cs.o (.text:CS_getMCLK)
                  0001ba74    00000018                              : cs.o (.text:CS_getSMCLK)
                  0001ba8c    00000018                              : gpio.o (.text:GPIO_getInputPinValue)
                  0001baa4    00000018                              : wdt_a.o (.text:WDT_A_clearTimer)
                  0001babc    00000018                              : wdt_a.o (.text:WDT_A_holdTimer)
                  0001bad4    00000018     rtsv7M4_T_le_v4SPD16_eabi.lib : snprintf.c.obj (.text:_outc)
                  0001baec    00000018                                   : sprintf.c.obj (.text:_outs)
                  0001bb04    00000018                                   : ll_mul_t2.asm.obj (.text)
                  0001bb1c    00000016                                   : strchr.c.obj (.text:strchr)
                  0001bb32    00000002     --HOLE-- [fill = 0]
                  0001bb34    00000014     msp432p4xx_driverlib.lib : cs.o (.text:CS_setExternalClockSourceFrequency)
                  0001bb48    00000014                              : i2c.o (.text:I2C_isBusBusy)
                  0001bb5c    00000014                              : systick.o (.text:SysTick_enableInterrupt)
                  0001bb70    00000014                              : systick.o (.text:SysTick_enableModule)
                  0001bb84    00000014     rtsv7M4_T_le_v4SPD16_eabi.lib : s_copysign.c.obj (.text:copysign)
                  0001bb98    00000014                                   : strlen.c.obj (.text:strlen)
                  0001bbac    00000012                                   : wcslen.c.obj (.text:wcslen)
                  0001bbbe    00000010     msp432p4xx_driverlib.lib : i2c.o (.text:I2C_masterReceiveStart)
                  0001bbce    00000010                              : interrupt.o (.text:Interrupt_enableMaster)
                  0001bbde    00000010                              : pcm.o (.text:PCM_gotoLPM4)
                  0001bbee    00000002     --HOLE-- [fill = 0]
                  0001bbf0    00000010                              : sysctl.o (.text:SysCtl_disableNMISource)
                  0001bc00    00000010                              : sysctl.o (.text:SysCtl_enableNMISource)
                  0001bc10    0000000e     G8RTOS_CriticalSection.obj (.text)
                  0001bc1e    0000000e     msp432p4xx_driverlib.lib : i2c.o (.text:I2C_clearInterruptFlag)
                  0001bc2c    0000000e                              : i2c.o (.text:I2C_disableInterrupt)
                  0001bc3a    0000000e     rtsv7M4_T_le_v4SPD16_eabi.lib : copy_decompress_none.c.obj (.text:decompress:none:__TI_decompress_none)
                  0001bc48    0000000e     startup_msp432p401r_ccs.obj (.text)
                  0001bc56    0000000c     msp432p4xx_driverlib.lib : cpu.o (.text:CPU_cpsie)
                  0001bc62    0000000c                              : spi.o (.text:EUSCI_A_SPI_enable)
                  0001bc6e    0000000c                              : spi.o (.text:EUSCI_B_SPI_enable)
                  0001bc7a    0000000c                              : i2c.o (.text:I2C_disableModule)
                  0001bc86    0000000c                              : i2c.o (.text:I2C_enableModule)
                  0001bc92    00000002     --HOLE-- [fill = 0]
                  0001bc94    0000000c                              : pcm.o (.text:PCM_getPowerState)
                  0001bca0    0000000c                              : sysctl.o (.text:SysCtl_getNMISourceStatus)
                  0001bcac    0000000c                              : systick.o (.text:SysTick_setPeriod)
                  0001bcb8    0000000c                              : uart.o (.text:UART_enableModule)
                  0001bcc4    0000000c     rtsv7M4_T_le_v4SPD16_eabi.lib : copy_zero_init.c.obj (.text:decompress:ZI:__TI_zero_init)
                  0001bcd0    0000000a     LCD_empty.obj (.text:LCD_Write_Data_Start)
                  0001bcda    0000000a     rtsv7M4_T_le_v4SPD16_eabi.lib : sprintf.c.obj (.text:_outc)
                  0001bce4    00000008     msp432p4xx_driverlib.lib : i2c.o (.text:I2C_enableInterrupt)
                  0001bcec    00000008                              : pcm.o (.text:PCM_setCoreVoltageLevel)
                  0001bcf4    00000008                              : pcm.o (.text:PCM_setPowerMode)
                  0001bcfc    00000008                              : pcm.o (.text:PCM_setPowerState)
                  0001bd04    00000008     rtsv7M4_T_le_v4SPD16_eabi.lib : errno.c.obj (.text:__aeabi_errno_addr)
                  0001bd0c    00000006     msp432p4xx_driverlib.lib : cs.o (.text:CS_startHFXT)
                  0001bd12    00000006                              : spi.o (.text:EUSCI_A_SPI_receiveData)
                  0001bd18    00000006                              : spi.o (.text:EUSCI_B_SPI_receiveData)
                  0001bd1e    00000006                              : i2c.o (.text:I2C_getEnabledInterruptStatus)
                  0001bd24    00000006                              : i2c.o (.text:I2C_getInterruptStatus)
                  0001bd2a    00000006                              : i2c.o (.text:I2C_masterReceiveMultiByteNext)
                  0001bd30    00000006     demo_sysctl.obj (.text:SysCtlDelay)
                  0001bd36    00000004     msp432p4xx_driverlib.lib : cpu.o (.text:CPU_wfi)
                  0001bd3a    00000004                              : spi.o (.text:EUSCI_A_SPI_transmitData)
                  0001bd3e    00000004                              : spi.o (.text:EUSCI_B_SPI_transmitData)
                  0001bd42    00000004                              : i2c.o (.text:I2C_setSlaveAddress)
                  0001bd46    00000004     rtsv7M4_T_le_v4SPD16_eabi.lib : pre_init.c.obj (.text:_system_pre_init)
                  0001bd4a    00000004                                   : exit.c.obj (.text:abort:abort)

.const     0    0001bd50    00000a02     
                  0001bd50    000005f0     AsciiLib.obj (.const:AsciiLib)
                  0001c340    00000101     rtsv7M4_T_le_v4SPD16_eabi.lib : ctype.c.obj (.const:.string:_ctypes_)
                  0001c441    00000003     bmi160.obj (.const:.string:INVALID_OFFSET)
                  0001c444    000000b0     wlan.obj (.const:$P$T0$1)
                  0001c4f4    00000050     msp432p4xx_driverlib.lib : interrupt.o (.const:g_pulRegs)
                  0001c544    00000040                              : interrupt.o (.const)
                  0001c584    00000038     driver.obj (.const:_SlActionLookupTable)
                  0001c5bc    0000002c     cc3100_usage.obj (.const:$P$T0$1)
                  0001c5e8    00000024     BackChannelUart.obj (.const:backChannelUart115200Config)
                  0001c60c    0000001c     LCD_empty.obj (.const:SPI_LCD_Config)
                  0001c628    00000014     cc3100_usage.obj (.const:$P$T1$2)
                  0001c63c    00000012     Game.obj (.const:$P$T0$1)
                  0001c64e    00000012     Game.obj (.const:$P$T1$2)
                  0001c660    0000000c     cc3100_usage.obj (.const:$P$T2$3)
                  0001c66c    0000000c     bmi160.obj (.const:yas532_version_ac_coef)
                  0001c678    00000008     driver.obj (.const:g_H2NCnysPattern)
                  0001c680    00000008     driver.obj (.const:g_H2NSyncPattern)
                  0001c688    00000008     bmi160.obj (.const:v_calib_data$2)
                  0001c690    00000005     bme280_support.obj (.const:.string:$P$T0$1)
                  0001c695    00000005     bmi160.obj (.const:.string:v_correct_u8$1)
                  0001c69a    00000004     driver.obj (.const:$P$T0$1)
                  0001c69e    00000004     netapp.obj (.const:$P$T0$1)
                  0001c6a2    00000004     socket.obj (.const:$P$T0$1)
                  0001c6a6    00000004     socket.obj (.const:$P$T1$2)
                  0001c6aa    00000004     wlan.obj (.const:$P$T1$2)
                  0001c6ae    00000004     socket.obj (.const:$P$T2$3)
                  0001c6b2    00000004     wlan.obj (.const:$P$T2$3)
                  0001c6b6    00000004     wlan.obj (.const:$P$T3$4)
                  0001c6ba    00000004     socket.obj (.const:_SlAcceptCmdCtrl)
                  0001c6be    00000004     device.obj (.const:_SlDeviceGetCmdCtrl)
                  0001c6c2    00000004     device.obj (.const:_SlDeviceSetCmdCtrl)
                  0001c6c6    00000004     device.obj (.const:_SlEventMaskGetCmdCtrl)
                  0001c6ca    00000004     device.obj (.const:_SlEventMaskSetCmdCtrl)
                  0001c6ce    00000004     netapp.obj (.const:_SlGetHostByNameCtrl)
                  0001c6d2    00000004     netapp.obj (.const:_SlGetHostByServiceCtrl)
                  0001c6d6    00000004     netapp.obj (.const:_SlGetServiceListeCtrl)
                  0001c6da    00000004     socket.obj (.const:_SlGetSockOptCmdCtrl)
                  0001c6de    00000004     socket.obj (.const:_SlListenCmdCtrl)
                  0001c6e2    00000004     netapp.obj (.const:_SlNetAppGetCmdCtrl)
                  0001c6e6    00000004     netapp.obj (.const:_SlNetAppSendTokenValueCmdCtrl)
                  0001c6ea    00000004     netapp.obj (.const:_SlNetAppSetCmdCtrl)
                  0001c6ee    00000004     netapp.obj (.const:_SlNetAppStartCtrl)
                  0001c6f2    00000004     netapp.obj (.const:_SlNetAppStopCtrl)
                  0001c6f6    00000004     netcfg.obj (.const:_SlNetCfgGetCmdCtrl)
                  0001c6fa    00000004     netcfg.obj (.const:_SlNetCfgSetCmdCtrl)
                  0001c6fe    00000004     wlan.obj (.const:_SlPolicyGetCmdCtrl)
                  0001c702    00000004     wlan.obj (.const:_SlPolicySetCmdCtrl)
                  0001c706    00000004     wlan.obj (.const:_SlProfileDelCmdCtrl)
                  0001c70a    00000004     wlan.obj (.const:_SlProfileGetCmdCtrl)
                  0001c70e    00000004     socket.obj (.const:_SlRecvCmdCtrl)
                  0001c712    00000004     socket.obj (.const:_SlRecvfomCmdCtrl)
                  0001c716    00000004     netapp.obj (.const:_SlRegisterServiceCtrl)
                  0001c71a    00000004     wlan.obj (.const:_SlRxFilterAddtCmdCtrl)
                  0001c71e    00000004     wlan.obj (.const:_SlRxFilterGetCmdCtrl)
                  0001c722    00000004     wlan.obj (.const:_SlRxFilterSetCmdCtrl)
                  0001c726    00000004     socket.obj (.const:_SlSelectCmdCtrl)
                  0001c72a    00000004     socket.obj (.const:_SlSendCmdCtrl)
                  0001c72e    00000004     socket.obj (.const:_SlSetSockOptCmdCtrl)
                  0001c732    00000004     wlan.obj (.const:_SlSmartConfigStartCmdCtrl)
                  0001c736    00000004     socket.obj (.const:_SlSockCloseCmdCtrl)
                  0001c73a    00000004     socket.obj (.const:_SlSockSocketCmdCtrl)
                  0001c73e    00000004     device.obj (.const:_SlStopCmdCtrl)
                  0001c742    00000004     wlan.obj (.const:_SlWlanCfgGetCmdCtrl)
                  0001c746    00000004     wlan.obj (.const:_SlWlanCfgSetCmdCtrl)
                  0001c74a    00000004     wlan.obj (.const:_SlWlanGetNetworkListCtrl)
                  0001c74e    00000004     wlan.obj (.const:_SlWlanSetModeCmdCtrl)

.cinit     0    0001c758    00000070     
                  0001c758    00000047     (.cinit..data.load) [load image, compression = lzss]
                  0001c79f    00000001     --HOLE-- [fill = 0]
                  0001c7a0    0000000c     (__TI_handler_table)
                  0001c7ac    00000004     --HOLE-- [fill = 0]
                  0001c7b0    00000008     (.cinit..bss.load) [load image, compression = zero_init]
                  0001c7b8    00000010     (__TI_cinit_table)

.init_array 
*          0    00000000    00000000     UNINITIALIZED

.binit     0    00000000    00000000     

.bss       0    20000000    00009484     UNINITIALIZED
                  20000000    00008000     G8RTOS_Scheduler.obj (.bss:threadStacks)
                  20008000    00000580     G8RTOS_Scheduler.obj (.bss:threadControlBlocks)
                  20008580    0000036c     (.common:accel_fifo)
                  200088ec    0000036c     (.common:gyro_fifo)
                  20008c58    0000036c     (.common:mag_fifo)
                  20008fc4    00000164     (.common:g_StatMem)
                  20009128    00000100     BackChannelUart.obj (.bss:backChannelStringBuff)
                  20009228    00000090     G8RTOS_Scheduler.obj (.bss:Pthread)
                  200092b8    00000070     bmi160.obj (.bss:yas532_data)
                  20009328    00000054     (.common:Current_GameState)
                  2000937c    0000003c     (.common:bme280)
                  200093b8    00000028     (.common:g__SlNonOsCB)
                  200093e0    00000020     (.common:Prev_Ball_Positions)
                  20009400    00000014     (.common:s_bmi160)
                  20009414    00000010     bmi160.obj (.bss:mag_trim)
                  20009424    00000008     G8RTOS_Scheduler.obj (.bss)
                  2000942c    00000006     (.common:accelxyz)
                  20009432    00000006     (.common:gyroxyz)
                  20009438    00000004     bme280.obj (.bss)
                  2000943c    00000004     bmi160.obj (.bss)
                  20009440    00000004     tmp007.obj (.bss:buf)
                  20009444    00000004     cc3100_usage.obj (.bss)
                  20009448    00000004     (.common:ButtonFunction)
                  2000944c    00000004     (.common:CC3100_WIFI_Semaphore)
                  20009450    00000004     (.common:Client_Player_Semaphore)
                  20009454    00000004     (.common:CurrentlyRunningThread)
                  20009458    00000004     (.common:GameState_Semaphore)
                  2000945c    00000004     (.common:I2C_Semaphore)
                  20009460    00000004     (.common:LCD_Semaphore)
                  20009464    00000004     (.common:Prev_Player_Positions)
                  20009468    00000004     (.common:SystemTime)
                  2000946c    00000004     (.common:g_ui32ByteCount)
                  20009470    00000004     (.common:hfxtFreq)
                  20009474    00000004     (.common:lfxtFreq)
                  20009478    00000004     (.common:pData)
                  2000947c    00000003     bmi160.obj (.bss:akm_asa_data)
                  2000947f    00000001     (.common:IntIsMasked)
                  20009480    00000002     tmp007.obj (.bss)
                  20009482    00000001     (.common:ui8DummyRead)
                  20009483    00000001     (.common:ui8Status)

.data      0    20009484    0000047c     UNINITIALIZED
                  20009484    00000400     bmi160.obj (.data:v_fifo_data_u8)
                  20009884    00000030     msp432p4xx_driverlib.lib : gpio.o (.data:GPIO_PORT_TO_BASE)
                  200098b4    00000014     cc3100_usage.obj (.data)
                  200098c8    00000014     i2c_driver.obj (.data:i2cConfig)
                  200098dc    00000009     driver.obj (.data)
                  200098e5    00000001     i2c_driver.obj (.data)
                  200098e6    00000002     --HOLE--
                  200098e8    00000008     bmi160.obj (.data)
                  200098f0    00000004     G8RTOS_Scheduler.obj (.data)
                  200098f4    00000004     board.obj (.data)
                  200098f8    00000004     rtsv7M4_T_le_v4SPD16_eabi.lib : errno.c.obj (.data)
                  200098fc    00000004     system_msp432p401r.obj (.data)

.stack     0    2000fe00    00000200     UNINITIALIZED
                  2000fe00    00000004     rtsv7M4_T_le_v4SPD16_eabi.lib : boot_cortex_m.c.obj (.stack)
                  2000fe04    000001fc     --HOLE--

MODULE SUMMARY

       Module                        code     ro data   rw data
       ------                        ----     -------   -------
    .\
       Game.obj                      4880     36        280    
       system_msp432p401r.obj        820      0         8      
       startup_msp432p401r_ccs.obj   14       228       0      
       main.obj                      168      0         0      
    +--+-----------------------------+--------+---------+---------+
       Total:                        5882     264       288    
                                                               
    .\BoardSupportPackage\src\
       bmi160.obj                    54752    28        7590   
       bme280.obj                    6160     0         8      
       bmi160_support.obj            3112     0         64     
       LCD_empty.obj                 1958     28        0      
       AsciiLib.obj                  68       1520      0      
       BackChannelUart.obj           760      36        512    
       i2c_driver.obj                864      0         62     
       bme280_support.obj            736      5         120    
       RGBLeds.obj                   760      0         0      
       tmp007.obj                    564      0         12     
       Joystick.obj                  376      0         8      
       opt3001.obj                   254      0         0      
       ClockSys.obj                  132      0         0      
       BSP.obj                       52       0         0      
       demo_sysctl.obj               44       0         0      
    +--+-----------------------------+--------+---------+---------+
       Total:                        70592    1617      8376   
                                                               
    .\G8RTOS_Empty_Lab3\
       G8RTOS_Scheduler.obj          1988     0         68680  
       G8RTOS_Semaphores.obj         160      0         0      
       G8RTOS_SchedulerASM.obj       76       0         0      
       G8RTOS_CriticalSection.obj    14       0         0      
    +--+-----------------------------+--------+---------+---------+
       Total:                        2238     0         68680  
                                                               
    .\Libraries\CC3100SupportPackage\board\
       board.obj                     848      0         10     
    +--+-----------------------------+--------+---------+---------+
       Total:                        848      0         10     
                                                               
    .\Libraries\CC3100SupportPackage\cc3100_usage\
       cc3100_usage.obj              1684     76        48     
    +--+-----------------------------+--------+---------+---------+
       Total:                        1684     76        48     
                                                               
    .\Libraries\CC3100SupportPackage\simplelink\source\
       driver.obj                    8228     76        730    
       socket.obj                    3796     52        0      
       wlan.obj                      2752     236       0      
       netapp.obj                    2884     40        0      
       device.obj                    1460     20        0      
       nonos.obj                     304      0         80     
       netcfg.obj                    272      8         0      
       flowcont.obj                  128      0         0      
    +--+-----------------------------+--------+---------+---------+
       Total:                        19824    432       810    
                                                               
    .\Libraries\CC3100SupportPackage\spi_cc3100\
       spi_cc3100.obj                528      0         0      
    +--+-----------------------------+--------+---------+---------+
       Total:                        528      0         0      
                                                               
    ../BoardSupportPackage/DriverLib/msp432p4xx_driverlib.lib
       cs.o                          1202     0         16     
       pcm.o                         1194     0         0      
       interrupt.o                   252      144       0      
       i2c.o                         320      0         0      
       gpio.o                        220      0         96     
       spi.o                         312      0         0      
       uart.o                        196      0         0      
       sysctl.o                      124      0         0      
       systick.o                     52       0         0      
       wdt_a.o                       48       0         0      
       flash.o                       40       0         0      
       rtc_c.o                       36       0         0      
       cpu.o                         16       0         0      
    +--+-----------------------------+--------+---------+---------+
       Total:                        4012     144       112    
                                                               
    C:\ti\ccsv8\tools\compiler\ti-cgt-arm_18.1.4.LTS\lib\rtsv7M4_T_le_v4SPD16_eabi.lib
       _printfi.c.obj                4867     0         0      
       fd_add_t2.asm.obj             438      0         0      
       fd_div_t2.asm.obj             310      0         0      
       s_scalbn.c.obj                272      0         0      
       fd_cmp_t2.asm.obj             268      0         0      
       ctype.c.obj                   0        257       0      
       fd_mul_t2.asm.obj             252      0         0      
       memcpy_t2.asm.obj             156      0         0      
       ull_div_t2.asm.obj            150      0         0      
       snprintf.c.obj                148      0         0      
       memset_t2.asm.obj             122      0         0      
       fd_tos_t2.asm.obj             110      0         0      
       ll_div_t2.asm.obj             110      0         0      
       copy_decompress_lzss.c.obj    104      0         0      
       s_frexp.c.obj                 100      0         0      
       sprintf.c.obj                 98       0         0      
       ltoa.c.obj                    84       0         0      
       atoi.c.obj                    76       0         0      
       fd_toi_t2.asm.obj             72       0         0      
       autoinit.c.obj                68       0         0      
       boot_cortex_m.c.obj           56       0         0      
       fs_tod_t2.asm.obj             56       0         0      
       i_tofd_t2.asm.obj             46       0         0      
       memccpy.c.obj                 28       0         0      
       ll_mul_t2.asm.obj             24       0         0      
       strchr.c.obj                  22       0         0      
       s_copysign.c.obj              20       0         0      
       strlen.c.obj                  20       0         0      
       wcslen.c.obj                  18       0         0      
       errno.c.obj                   8        0         8      
       copy_decompress_none.c.obj    14       0         0      
       copy_zero_init.c.obj          12       0         0      
       exit.c.obj                    4        0         0      
       pre_init.c.obj                4        0         0      
       div0.asm.obj                  2        0         0      
    +--+-----------------------------+--------+---------+---------+
       Total:                        8139     257       8      
                                                               
       Stack:                        0        0         1024   
       Linker Generated:             0        107       0      
    +--+-----------------------------+--------+---------+---------+
       Grand Total:                  113747   2897      79356  


LINKER GENERATED COPY TABLES

__TI_cinit_table @ 0001c7b8 records: 2, size/record: 8, table size: 16
	.data: load addr=0001c758, load size=00000047 bytes, run addr=20009484, run size=0000047c bytes, compression=lzss
	.bss: load addr=0001c7b0, load size=00000008 bytes, run addr=20000000, run size=00009484 bytes, compression=zero_init


LINKER GENERATED HANDLER TABLE

__TI_handler_table @ 0001c7a0 records: 3, size/record: 4, table size: 12
	index: 0, handler: __TI_decompress_lzss
	index: 1, handler: __TI_decompress_none
	index: 2, handler: __TI_zero_init


GLOBAL SYMBOLS: SORTED ALPHABETICALLY BY Name 

address   name                                                  
-------   ----                                                  
0001bc55  ADC14_IRQHandler                                      
0001bc55  AES256_IRQHandler                                     
000188ed  BME280_I2C_bus_read                                   
000188c1  BME280_I2C_bus_write                                  
00018919  BME280_SPI_bus_read                                   
0001897f  BME280_SPI_bus_write                                  
000189ef  BME280_delay_msek                                     
0001b671  BSP_InitBoard                                         
00018201  BackChannelEventTrigger                               
0001817b  BackChannelInit                                       
00018219  BackChannelOpt3001PrintRaw                            
00018197  BackChannelPrint                                      
000181e3  BackChannelPrintIntVariable                           
0001825b  BackupChannelBmi160PrintAccel                         
00018287  BackupChannelBmi160PrintGyro                          
000182b3  BackupChannelBmi160PrintMag                           
00018235  BackupChannelTmp007PrintRaw                           
0001bc55  BusFault_Handler                                      
20009448  ButtonFunction                                        
0001bd4b  C$$EXIT                                               
00017b2f  CC3100_InterruptDisable                               
00017b05  CC3100_InterruptEnable                                
2000944c  CC3100_WIFI_Semaphore                                 
00017aed  CC3100_disable                                        
00017af9  CC3100_enable                                         
0001bc55  COMP_E0_IRQHandler                                    
0001bc55  COMP_E1_IRQHandler                                    
0001bc57  CPU_cpsie                                             
0001bd37  CPU_wfi                                               
0001bc55  CS_IRQHandler                                         
0001b895  CS_clearInterruptFlag                                 
00019e69  CS_getDCOFrequency                                    
0001ba5d  CS_getMCLK                                            
0001ba75  CS_getSMCLK                                           
0001a169  CS_initClockSignal                                    
0001b8b9  CS_setDCOCenteredFrequency                            
0001bb35  CS_setExternalClockSourceFrequency                    
0001bd0d  CS_startHFXT                                          
0001a675  CS_startHFXTWithTimeout                               
20009450  Client_Player_Semaphore                               
0001ab77  ClockSys_GetSysFreq                                   
0001ab09  ClockSys_SetMaxFreq                                   
00014365  CopyPingResultsToReport                               
00011429  CreateGame                                            
20009328  Current_GameState                                     
20009454  CurrentlyRunningThread                                
0001bc55  DMA_ERR_IRQHandler                                    
0001bc55  DMA_INT0_IRQHandler                                   
0001bc55  DMA_INT1_IRQHandler                                   
0001bc55  DMA_INT2_IRQHandler                                   
0001bc55  DMA_INT3_IRQHandler                                   
0001bc55  DebugMon_Handler                                      
0001bc55  Default_Handler                                       
00017d8b  Delay                                                 
0001b86d  DelayMs                                               
000196e9  Disable_Joystick_Interrupt                            
00010efb  DrawObjects                                           
00011085  DrawPlayer                                            
00017dd9  EUSCIA0_IRQHandler                                    
00017dd9  EUSCIA0_IRQHandler                                    
0001bc55  EUSCIA1_IRQHandler                                    
0001bc55  EUSCIA2_IRQHandler                                    
0001bc55  EUSCIA3_IRQHandler                                    
0001bc55  EUSCIB0_IRQHandler                                    
00017a11  EUSCIB1_IRQHandler                                    
00017a11  EUSCIB1_IRQHandler                                    
0001bc55  EUSCIB2_IRQHandler                                    
0001bc55  EUSCIB3_IRQHandler                                    
0001bc63  EUSCI_A_SPI_enable                                    
0001bd13  EUSCI_A_SPI_receiveData                               
0001bd3b  EUSCI_A_SPI_transmitData                              
0001bc6f  EUSCI_B_SPI_enable                                    
0001bd19  EUSCI_B_SPI_receiveData                               
0001bd3f  EUSCI_B_SPI_transmitData                              
0001bc19  EndCriticalSection                                    
00012071  EndOfGameClient                                       
00011cb3  EndOfGameHost                                         
0001bc55  FLCTL_IRQHandler                                      
0001bc55  FPU_IRQHandler                                        
0001b81d  FlashCtl_setWaitState                                 
00016429  G8RTOS_AddAPeriodicEvent                              
00016201  G8RTOS_AddPeriodicEvent                               
00015ff5  G8RTOS_AddThread                                      
000162df  G8RTOS_GetThreadId                                    
00015f31  G8RTOS_Init                                           
0001a5e1  G8RTOS_InitSemaphore                                  
00016499  G8RTOS_KillAllOtherThreads                            
000163c1  G8RTOS_KillSelf                                       
000162f5  G8RTOS_KillThread                                     
00015f5d  G8RTOS_Launch                                         
00015e05  G8RTOS_Scheduler                                      
0001a629  G8RTOS_SignalSemaphore                                
0001b1f5  G8RTOS_Start                                          
0001a5fb  G8RTOS_WaitSemaphore                                  
0001ba8d  GPIO_getInputPinValue                                 
0001b6d9  GPIO_setAsInputPinWithPullUpResistor                  
0001b36d  GPIO_setAsPeripheralModuleFunctionInputPin            
0001b23d  GPIO_setAsPeripheralModuleFunctionOutputPin           
20009458  GameState_Semaphore                                   
00011635  GenerateBall                                          
0001b445  GetASCIICode                                          
000196ff  GetJoystickCoordinates                                
00017cd7  GetLEDStatus                                          
0001102f  GetPlayerRole                                         
0001bc55  HardFault_Handler                                     
2000945c  I2C_Semaphore                                         
0001bc1f  I2C_clearInterruptFlag                                
0001bc2d  I2C_disableInterrupt                                  
0001bc7b  I2C_disableModule                                     
0001bce5  I2C_enableInterrupt                                   
0001bc87  I2C_enableModule                                      
0001bd1f  I2C_getEnabledInterruptStatus                         
0001bd25  I2C_getInterruptStatus                                
0001b54d  I2C_initMaster                                        
0001bb49  I2C_isBusBusy                                         
0001bd2b  I2C_masterReceiveMultiByteNext                        
0001bbbf  I2C_masterReceiveStart                                
0001b8dd  I2C_masterSendMultiByteNext                           
0001b5c9  I2C_masterSendMultiByteStart                          
0001b709  I2C_masterSendMultiByteStop                           
0001888f  I2C_routine                                           
0001bd43  I2C_setSlaveAddress                                   
00010ef9  IdleThread                                            
00011345  InitBoardState                                        
2000947f  IntIsMasked                                           
0001af29  Interrupt_disableInterrupt                            
0001af8d  Interrupt_enableInterrupt                             
0001bbcf  Interrupt_enableMaster                                
0001b901  Interrupt_setPriority                                 
00011d85  JoinGame                                              
00019635  Joystick_Init_Without_Interrupt                       
00019693  Joystick_Push_Button_Init_With_Interrupt              
00016d97  LCD_Clear                                             
00016c51  LCD_DrawRectangle                                     
00016df9  LCD_Init                                              
20009460  LCD_Semaphore                                         
0001b991  LCD_SetCursor                                         
00016db3  LCD_SetPoint                                          
00016cfd  LCD_Text                                              
0001b4cd  LCD_WriteData                                         
0001b6a5  LCD_WriteIndex                                        
0001b9f1  LCD_WriteReg                                          
0001b9b1  LCD_Write_Data_Only                                   
0001bcd1  LCD_Write_Data_Start                                  
00018455  LP3943_LedModeSet                                     
00017b4d  MaskIntHdlr                                           
0001bc55  MemManage_Handler                                     
000117ed  MoveBall                                              
00010fb3  MoveLEDs                                              
00011311  MoveLEDs_noThread                                     
0001bc55  NMI_Handler                                           
0001bc55  PCM_IRQHandler                                        
0001b7c7  PCM_getCoreVoltageLevel                               
0001b7f3  PCM_getPowerMode                                      
0001bc95  PCM_getPowerState                                     
0001b845  PCM_gotoLPM0                                          
0001ac0d  PCM_gotoLPM3                                          
0001bbdf  PCM_gotoLPM4                                          
0001bced  PCM_setCoreVoltageLevel                               
0001bcf5  PCM_setPowerMode                                      
0001bcfd  PCM_setPowerState                                     
0001b151  PCM_shutdownDevice                                    
00017d89  PORT1_IRQHandler                                      
00017d89  PORT1_IRQHandler                                      
00017db3  PORT2_IRQHandler                                      
00017db3  PORT2_IRQHandler                                      
0001bc55  PORT3_IRQHandler                                      
0001bc55  PORT4_IRQHandler                                      
0001bc55  PORT5_IRQHandler                                      
0001bc55  PORT6_IRQHandler                                      
0001bc55  PSS_IRQHandler                                        
0001b215  PendSV_Handler                                        
0001b215  PendSV_Handler                                        
200093e0  Prev_Ball_Positions                                   
20009464  Prev_Player_Positions                                 
0001a531  PutChar                                               
0001bc55  RTC_C_IRQHandler                                      
0001b925  RTC_C_holdClock                                       
00011fc9  ReadJoystickClient                                    
000116a1  ReadJoystickHost                                      
00016aad  ReceiveData                                           
000115b1  ReceiveDataFromClient                                 
00011e93  ReceiveDataFromHost                                   
0001bc49  Reset_Handler                                         
00012fdf  SL_FD_CLR                                             
00013005  SL_FD_ISSET                                           
00012fbd  SL_FD_SET                                             
0001302d  SL_FD_ZERO                                            
0001b949  SPISendRecvByte                                       
0001ba29  SPI_enableModule                                      
0001a975  SPI_initMaster                                        
0001ba43  SPI_receiveData                                       
000188ab  SPI_routine                                           
0001b9d1  SPI_transmitData                                      
0001bc55  SVC_Handler                                           
00017d45  SelAntenna                                            
00016a8d  SendData                                              
0001154b  SendDataToClient                                      
00011f21  SendDataToHost                                        
00016b6f  SimpleLinkGeneralEventHandler                         
00016b63  SimpleLinkHttpServerCallback                          
00016b2b  SimpleLinkNetAppEventHandler                          
00016b79  SimpleLinkSockEventHandler                            
00016ad7  SimpleLinkWlanEventHandler                            
200098c4  SockIDRx                                              
200098c6  SockIDTx                                              
0001a5d5  StartContextSwitch                                    
0001bc11  StartCriticalSection                                  
0001bd31  SysCtlDelay                                           
0001bbf1  SysCtl_disableNMISource                               
0001bc01  SysCtl_enableNMISource                                
0001bca1  SysCtl_getNMISourceStatus                             
0001b1a1  SysCtl_getTLVInfo                                     
00015e87  SysTick_Handler                                       
00015e87  SysTick_Handler                                       
0001bb5d  SysTick_enableInterrupt                               
0001bb71  SysTick_enableModule                                  
0001bcad  SysTick_setPeriod                                     
200098fc  SystemCoreClock                                       
00017e29  SystemCoreClockUpdate                                 
000180a1  SystemInit                                            
20009468  SystemTime                                            
0001bc55  T32_INT1_IRQHandler                                   
0001bc55  T32_INT2_IRQHandler                                   
0001bc55  T32_INTC_IRQHandler                                   
0001bc55  TA0_0_IRQHandler                                      
0001bc55  TA0_N_IRQHandler                                      
0001bc55  TA1_0_IRQHandler                                      
0001bc55  TA1_N_IRQHandler                                      
0001bc55  TA2_0_IRQHandler                                      
0001bc55  TA2_N_IRQHandler                                      
0001bc55  TA3_0_IRQHandler                                      
0001bc55  TA3_N_IRQHandler                                      
00017021  TP_ReadXY                                             
0001bcb9  UART_enableModule                                     
0001a8e1  UART_initModule                                       
0001b96d  UART_transmitData                                     
00017b55  UnMaskIntHdlr                                         
00011261  UpdateBallOnScreen                                    
000110f1  UpdatePlayerOnScreen                                  
0001bc55  UsageFault_Handler                                    
200098e8  V_bmm150_maual_auto_condition_u8                      
200098ec  V_fifo_time_U32                                       
4000480c  WDTCTL_SYM                                            
0001bc55  WDT_A_IRQHandler                                      
0001baa5  WDT_A_clearTimer                                      
0001babd  WDT_A_holdTimer                                       
0001c6ba  _SlAcceptCmdCtrl                                      
0001c584  _SlActionLookupTable                                  
0000e591  _SlAsyncEventGenericHandler                           
0001c6be  _SlDeviceGetCmdCtrl                                   
0001c6c2  _SlDeviceSetCmdCtrl                                   
0000efa3  _SlDrvBasicCmd                                        
0000ec57  _SlDrvClassifyRxMsg                                   
0000d88f  _SlDrvCmdOp                                           
0000d93f  _SlDrvCmdSend                                         
0000d995  _SlDrvDataReadOp                                      
0000db99  _SlDrvDataWriteOp                                     
000176f9  _SlDrvDeviceEventHandler                              
0000d7a9  _SlDrvDriverCBDeinit                                  
0000d6c5  _SlDrvDriverCBInit                                    
0001abcb  _SlDrvFlowContDeinit                                  
0001ab8d  _SlDrvFlowContInit                                    
0000df5d  _SlDrvMsgRead                                         
0000ea75  _SlDrvMsgReadCmdCtx                                   
0000eb6f  _SlDrvMsgReadSpawnCtx                                 
0000dd69  _SlDrvMsgWrite                                        
00014735  _SlDrvNetAppEventHandler                              
0000f497  _SlDrvObjDeInit                                       
0000f41b  _SlDrvObjInit                                         
0000f211  _SlDrvReleasePoolObj                                  
0000ed9d  _SlDrvRxHdrRead                                       
0000d84d  _SlDrvRxIrqHandler                                    
0000ed55  _SlDrvShiftDWord                                      
0000f009  _SlDrvWaitForPoolObj                                  
0001c6c6  _SlEventMaskGetCmdCtrl                                
0001c6ca  _SlEventMaskSetCmdCtrl                                
0000f579  _SlFindAndSetActiveObj                                
0001c6ce  _SlGetHostByNameCtrl                                  
0001c6d2  _SlGetHostByServiceCtrl                               
0001c6d6  _SlGetServiceListeCtrl                                
0001c6da  _SlGetSockOptCmdCtrl                                  
0001c6de  _SlListenCmdCtrl                                      
0001c6e2  _SlNetAppGetCmdCtrl                                   
0001c6e6  _SlNetAppSendTokenValueCmdCtrl                        
0001c6ea  _SlNetAppSetCmdCtrl                                   
0001c6ee  _SlNetAppStartCtrl                                    
0001c6f2  _SlNetAppStopCtrl                                     
0001c6f6  _SlNetCfgGetCmdCtrl                                   
0001c6fa  _SlNetCfgSetCmdCtrl                                   
00019ab9  _SlNonOsMainLoopTask                                  
00019a0d  _SlNonOsSemGet                                        
000199f5  _SlNonOsSemSet                                        
00019a69  _SlNonOsSpawn                                         
0001c6fe  _SlPolicyGetCmdCtrl                                   
0001c702  _SlPolicySetCmdCtrl                                   
0001c706  _SlProfileDelCmdCtrl                                  
0001c70a  _SlProfileGetCmdCtrl                                  
0001c70e  _SlRecvCmdCtrl                                        
0001c712  _SlRecvfomCmdCtrl                                     
0001c716  _SlRegisterServiceCtrl                                
0000f4b7  _SlRemoveFromList                                     
0001c71a  _SlRxFilterAddtCmdCtrl                                
0001c71e  _SlRxFilterGetCmdCtrl                                 
0001c722  _SlRxFilterSetCmdCtrl                                 
0001c726  _SlSelectCmdCtrl                                      
0001c72a  _SlSendCmdCtrl                                        
0001c72e  _SlSetSockOptCmdCtrl                                  
0001c732  _SlSmartConfigStartCmdCtrl                            
0001c736  _SlSockCloseCmdCtrl                                   
0001c73a  _SlSockSocketCmdCtrl                                  
0001c73e  _SlStopCmdCtrl                                        
0001c742  _SlWlanCfgGetCmdCtrl                                  
0001c746  _SlWlanCfgSetCmdCtrl                                  
0001c74a  _SlWlanGetNetworkListCtrl                             
0001c74e  _SlWlanSetModeCmdCtrl                                 
20010000  __STACK_END                                           
00000200  __STACK_SIZE                                          
0001c7b8  __TI_CINIT_Base                                       
0001c7c8  __TI_CINIT_Limit                                      
0001c7a0  __TI_Handler_Table_Base                               
0001c7ac  __TI_Handler_Table_Limit                              
0001b489  __TI_auto_init_nobinit_nopinit                        
0001aebf  __TI_decompress_lzss                                  
0001bc3b  __TI_decompress_none                                  
ffffffff  __TI_pprof_out_hndl                                   
00015309  __TI_printfi                                          
ffffffff  __TI_prof_data_size                                   
ffffffff  __TI_prof_data_start                                  
00000000  __TI_static_base__                                    
0001bcc5  __TI_zero_init                                        
0001a9fd  __aeabi_cdcmpeq                                       
0001a9fd  __aeabi_cdcmple                                       
0001aa83  __aeabi_cdrcmple                                      
0001ade3  __aeabi_d2f                                           
0001b3fd  __aeabi_d2iz                                          
000192bb  __aeabi_dadd                                          
000198bd  __aeabi_ddiv                                          
0001a06b  __aeabi_dmul                                          
000192b1  __aeabi_dsub                                          
0001bd05  __aeabi_errno_addr                                    
0001b639  __aeabi_f2d                                           
0001b799  __aeabi_i2d                                           
00015d67  __aeabi_idiv0                                         
00015d67  __aeabi_ldiv0                                         
0001ae51  __aeabi_ldivmod                                       
0001bb05  __aeabi_lmul                                          
0001ac89  __aeabi_memclr                                        
0001ac89  __aeabi_memclr4                                       
0001ac89  __aeabi_memclr8                                       
0001a7ad  __aeabi_memcpy                                        
0001a7ad  __aeabi_memcpy4                                       
0001a7ad  __aeabi_memcpy8                                       
0001ac8b  __aeabi_memset                                        
0001ac8b  __aeabi_memset4                                       
0001ac8b  __aeabi_memset8                                       
0001a849  __aeabi_uldivmod                                      
ffffffff  __binit__                                             
ffffffff  __c_args__                                            
UNDEFED   __mpu_init                                            
2000fe00  __stack                                               
0001b601  _c_int00_noargs                                       
0001c340  _ctypes_                                              
00012209  _sl_BuildAddress                                      
000171c5  _sl_GetStartResponseConvert                           
00012c1d  _sl_HandleAsync_Accept                                
00012817  _sl_HandleAsync_Connect                               
0001414d  _sl_HandleAsync_DnsGetHostByAddr                      
000142a1  _sl_HandleAsync_DnsGetHostByName                      
0001407d  _sl_HandleAsync_DnsGetHostByService                   
00017329  _sl_HandleAsync_InitComplete                          
000143a1  _sl_HandleAsync_PingResponse                          
00013045  _sl_HandleAsync_Select                                
000173db  _sl_HandleAsync_Stop                                  
00012321  _sl_ParseAddress                                      
00012259  _sl_TruncatePayloadByProtocol                         
UNDEFED   _system_post_cinit                                    
0001bd47  _system_pre_init                                      
0001bd4b  abort                                                 
20008580  accel_fifo                                            
2000942c  accelxyz                                              
0001b2d5  atoi                                                  
ffffffff  binit                                                 
2000937c  bme280                                                
0000fa27  bme280_compensate_humidity_int32                      
0000fadd  bme280_compensate_humidity_int32_sixteen_bit_output   
0000f8a1  bme280_compensate_pressure_int32                      
00010c65  bme280_compensate_pressure_int64                      
00010e67  bme280_compensate_pressure_int64_twentyfour_bit_output
0000f79f  bme280_compensate_temperature_int32                   
0000f817  bme280_compensate_temperature_int32_sixteen_bit_output
00010e81  bme280_compute_wait_time                              
0001874d  bme280_data_readout_template                          
0000fbf7  bme280_get_calib_param                                
000106b7  bme280_get_filter                                     
00010a1b  bme280_get_forced_uncomp_pressure_temperature_humidity
00010113  bme280_get_oversamp_humidity                          
0000ff5b  bme280_get_oversamp_pressure                          
0000fd99  bme280_get_oversamp_temperature                       
00010301  bme280_get_power_mode                                 
00010509  bme280_get_spi3                                       
0001086b  bme280_get_standby_durn                               
0000f6e9  bme280_init                                           
00018839  bme280_initialize_sensor                              
0000fb97  bme280_read_pressure_temperature_humidity             
00010c1f  bme280_read_register                                  
0000f9d1  bme280_read_uncomp_humidity                           
0000f841  bme280_read_uncomp_pressure                           
0000fb05  bme280_read_uncomp_pressure_temperature_humidity      
0000f73f  bme280_read_uncomp_temperature                        
00010707  bme280_set_filter                                     
0001016d  bme280_set_oversamp_humidity                          
0000ffb7  bme280_set_oversamp_pressure                          
0000fdf5  bme280_set_oversamp_temperature                       
0001034f  bme280_set_power_mode                                 
000104c9  bme280_set_soft_rst                                   
00010557  bme280_set_spi3                                       
000108bb  bme280_set_standby_durn                               
00010bd9  bme280_write_register                                 
00007511  bmi160_accel_foc_trigger_xyz                          
0000ac11  bmi160_bmm150_mag_compensate_X                        
0000acbb  bmi160_bmm150_mag_compensate_Y                        
0000ad65  bmi160_bmm150_mag_compensate_Z                        
0000abb5  bmi160_bmm150_mag_compensate_xyz                      
0000ae05  bmi160_bmm150_mag_interface_init                      
0000b2a7  bmi160_bmm150_mag_set_power_mode                      
0000b0b1  bmi160_bmm150_mag_wakeup                              
0000c00d  bmi160_bst_akm_compensate_X                           
0000c03f  bmi160_bst_akm_compensate_Y                           
0000c071  bmi160_bst_akm_compensate_Z                           
0000c0a3  bmi160_bst_akm_compensate_xyz                         
0000bc05  bmi160_bst_akm_mag_interface_init                     
0000c0f1  bmi160_bst_akm_set_powermode                          
0000caa1  bmi160_bst_yamaha_yas532_calib_values                 
0000c47b  bmi160_bst_yamaha_yas532_mag_interface_init           
0000d4e1  bmi160_bst_yas532_acquisition_command_register        
0000c911  bmi160_bst_yas532_magnetic_measure_set_offset         
0000d069  bmi160_bst_yas532_measurement_xyz_data                
0000cef5  bmi160_bst_yas532_normal_measurement_data             
0000c7b1  bmi160_bst_yas532_set_initial_values                  
0000d5a5  bmi160_bst_yas532_set_offset                          
0000ce59  bmi160_bst_yas532_xy1y2_to_linear                     
000095c1  bmi160_clear_step_counter                             
00013119  bmi160_config_running_mode                            
00013cc9  bmi160_delay_ms                                       
00001805  bmi160_fifo_data                                      
000017a5  bmi160_fifo_length                                    
0000191d  bmi160_get_accel_bw                                   
00000e21  bmi160_get_accel_data_rdy                             
000021f7  bmi160_get_accel_fifo_filter_data                     
000086ab  bmi160_get_accel_offset_compensation_xaxis            
00008791  bmi160_get_accel_offset_compensation_yaxis            
0000887b  bmi160_get_accel_offset_compensation_zaxis            
00008edb  bmi160_get_accel_offset_enable                        
0000183f  bmi160_get_accel_output_data_rate                     
00000481  bmi160_get_accel_power_mode_stat                      
00001ad9  bmi160_get_accel_range                                
0000829d  bmi160_get_accel_selftest_amp                         
000080e7  bmi160_get_accel_selftest_axis                        
000081bf  bmi160_get_accel_selftest_sign                        
000019ff  bmi160_get_accel_under_sampling_parameter             
00000d85  bmi160_get_data_rdy_mag                               
000002b5  bmi160_get_drop_cmd_err                               
00000219  bmi160_get_err_code                                   
00000351  bmi160_get_error_status                               
000001cd  bmi160_get_fatal_err                                  
000028a5  bmi160_get_fifo_accel_enable                          
0000212f  bmi160_get_fifo_down_accel                            
00001f87  bmi160_get_fifo_down_gyro                             
00002985  bmi160_get_fifo_gyro_enable                           
000026f1  bmi160_get_fifo_header_enable                         
000027cb  bmi160_get_fifo_mag_enable                            
0000235f  bmi160_get_fifo_stop_on_full                          
000025ff  bmi160_get_fifo_tag_intr1_enable                      
00002511  bmi160_get_fifo_tag_intr2_enable                      
00002437  bmi160_get_fifo_time_enable                           
000022d1  bmi160_get_fifo_wm                                    
000070db  bmi160_get_foc_accel_x                                
00007001  bmi160_get_foc_accel_y                                
00006f3b  bmi160_get_foc_accel_z                                
0000775b  bmi160_get_foc_gyro_enable                            
00000ce5  bmi160_get_foc_rdy                                    
00001ce5  bmi160_get_gyro_bw                                    
00000dd3  bmi160_get_gyro_data_rdy                              
00002055  bmi160_get_gyro_fifo_filter_data                      
00008961  bmi160_get_gyro_offset_compensation_xaxis             
00008b31  bmi160_get_gyro_offset_compensation_yaxis             
00008d09  bmi160_get_gyro_offset_compensation_zaxis             
00008fab  bmi160_get_gyro_offset_enable                         
00001bc9  bmi160_get_gyro_output_data_rate                      
00000433  bmi160_get_gyro_power_mode_stat                       
00001dbf  bmi160_get_gyro_range                                 
00000c49  bmi160_get_gyro_selftest                              
00008377  bmi160_get_gyro_selftest_start                        
00007f33  bmi160_get_gyro_sleep_state                           
00007d7b  bmi160_get_gyro_sleep_trigger                         
0000800d  bmi160_get_gyro_wakeup_intr                           
00007e53  bmi160_get_gyro_wakeup_trigger                        
00002a5f  bmi160_get_i2c_device_addr                            
00000267  bmi160_get_i2c_fail_err                               
00007bc7  bmi160_get_i2c_wdt_enable                             
00007ae7  bmi160_get_i2c_wdt_select                             
00007ca1  bmi160_get_if_mode                                    
000041f3  bmi160_get_input_enable                               
000046ed  bmi160_get_intr_any_motion                            
00005dbf  bmi160_get_intr_any_motion_durn                       
00005f53  bmi160_get_intr_any_motion_thres                      
00005519  bmi160_get_intr_data_rdy                              
00004a31  bmi160_get_intr_double_tap                            
00003ae5  bmi160_get_intr_edge_ctrl                             
00002f23  bmi160_get_intr_enable_0                              
00003393  bmi160_get_intr_enable_1                              
000037fb  bmi160_get_intr_enable_2                              
000051fd  bmi160_get_intr_fifo_full                             
00005389  bmi160_get_intr_fifo_wm                               
00004ee1  bmi160_get_intr_flat                                  
00006d83  bmi160_get_intr_flat_hold                             
00006e63  bmi160_get_intr_flat_hyst                             
00006cab  bmi160_get_intr_flat_theta                            
00004561  bmi160_get_intr_high_g                                
00005cb3  bmi160_get_intr_high_g_durn                           
00005beb  bmi160_get_intr_high_g_hyst                           
00005d39  bmi160_get_intr_high_g_thres                          
00003c6d  bmi160_get_intr_level                                 
0000437f  bmi160_get_intr_low_g                                 
00005937  bmi160_get_intr_low_g_durn                            
00005a43  bmi160_get_intr_low_g_hyst                            
00005b11  bmi160_get_intr_low_g_mode                            
000059bd  bmi160_get_intr_low_g_thres                           
0000577f  bmi160_get_intr_low_high_source                       
0000585d  bmi160_get_intr_motion_source                         
000048a5  bmi160_get_intr_nomotion                              
00004d4f  bmi160_get_intr_orient                                
00006bd1  bmi160_get_intr_orient_axes_enable                    
00006879  bmi160_get_intr_orient_blocking                       
00006953  bmi160_get_intr_orient_hyst                           
0000679b  bmi160_get_intr_orient_mode                           
00006a1b  bmi160_get_intr_orient_theta                          
00006af3  bmi160_get_intr_orient_ud_enable                      
00003dff  bmi160_get_intr_output_type                           
0000506d  bmi160_get_intr_pmu_trig                              
000062f1  bmi160_get_intr_significant_motion_proof              
0000613d  bmi160_get_intr_significant_motion_select             
00006217  bmi160_get_intr_significant_motion_skip               
00004bc3  bmi160_get_intr_single_tap                            
00005e8b  bmi160_get_intr_slow_no_motion_durn                   
0000605f  bmi160_get_intr_slow_no_motion_select                 
00005fd9  bmi160_get_intr_slow_no_motion_thres                  
000063cb  bmi160_get_intr_tap_durn                              
000065fb  bmi160_get_intr_tap_quiet                             
00006521  bmi160_get_intr_tap_shock                             
000056a5  bmi160_get_intr_tap_source                            
000066d5  bmi160_get_intr_tap_thres                             
0000411b  bmi160_get_latch_intr                                 
00002b27  bmi160_get_mag_burst                                  
00000303  bmi160_get_mag_dada_rdy_err                           
00002cb9  bmi160_get_mag_manual_enable                          
00000c97  bmi160_get_mag_manual_operation_stat                  
00002bed  bmi160_get_mag_offset                                 
00001e97  bmi160_get_mag_output_data_rate                       
000003e1  bmi160_get_mag_power_mode_stat                        
00002d91  bmi160_get_mag_read_addr                              
00002e17  bmi160_get_mag_write_addr                             
00002e9d  bmi160_get_mag_write_data                             
000085e3  bmi160_get_nvm_counter                                
00007935  bmi160_get_nvm_prog_enable                            
00000d33  bmi160_get_nvm_rdy                                    
00003f8b  bmi160_get_output_enable                              
00009701  bmi160_get_paging_enable                              
0000d6ab  bmi160_get_ptr                                        
000097db  bmi160_get_pullup_configuration                       
00000bed  bmi160_get_sensor_time                                
00008517  bmi160_get_spare0_trim                                
00007a0f  bmi160_get_spi3                                       
00008451  bmi160_get_spi_enable                                 
00000f09  bmi160_get_stat0_any_motion_intr                      
00000fa5  bmi160_get_stat0_double_tap_intr                      
00001095  bmi160_get_stat0_flat_intr                            
00001041  bmi160_get_stat0_orient_intr                          
00000f57  bmi160_get_stat0_pmu_trigger_intr                     
00000ebb  bmi160_get_stat0_significant_intr                     
00000ff3  bmi160_get_stat0_single_tap_intr                      
00000e6f  bmi160_get_stat0_step_intr                            
0000117f  bmi160_get_stat1_data_rdy_intr                        
000011cd  bmi160_get_stat1_fifo_full_intr                       
0000121b  bmi160_get_stat1_fifo_wm_intr                         
000010e3  bmi160_get_stat1_high_g_intr                          
00001131  bmi160_get_stat1_low_g_intr                           
00001269  bmi160_get_stat1_nomotion_intr                        
000012b7  bmi160_get_stat2_any_motion_first_x                   
00001303  bmi160_get_stat2_any_motion_first_y                   
00001351  bmi160_get_stat2_any_motion_first_z                   
000013a5  bmi160_get_stat2_any_motion_sign                      
000013f3  bmi160_get_stat2_tap_first_x                          
00001441  bmi160_get_stat2_tap_first_y                          
0000148f  bmi160_get_stat2_tap_first_z                          
000014dd  bmi160_get_stat2_tap_sign                             
00001703  bmi160_get_stat3_flat                                 
0000152b  bmi160_get_stat3_high_g_first_x                       
00001577  bmi160_get_stat3_high_g_first_y                       
000015c5  bmi160_get_stat3_high_g_first_z                       
00001613  bmi160_get_stat3_high_g_sign                          
00001661  bmi160_get_stat3_orient_xy                            
000016b5  bmi160_get_stat3_orient_z                             
000090c7  bmi160_get_step_config                                
00009299  bmi160_get_step_counter_enable                        
00003a15  bmi160_get_step_detector_enable                       
00009627  bmi160_get_target_page                                
00001751  bmi160_get_temp                                       
00013c2f  bmi160_i2c_burst_read                                 
00013c03  bmi160_i2c_bus_read                                   
00013c61  bmi160_i2c_bus_write                                  
000000e5  bmi160_init                                           
000130dd  bmi160_initialize_sensor                              
00013b51  bmi160_interrupt_configuration                        
000093f1  bmi160_map_significant_motion_intr                    
000094d9  bmi160_map_step_detector_intr                         
00000a7d  bmi160_read_accel_x                                   
00000b79  bmi160_read_accel_xyz                                 
00000ad1  bmi160_read_accel_y                                   
00000b25  bmi160_read_accel_z                                   
0000b761  bmi160_read_bmm150_mag_trim                           
0000bf25  bmi160_read_bst_akm_sensitivity_data                  
000098b9  bmi160_read_fifo_header_data                          
0000a289  bmi160_read_fifo_headerless_mode                      
00000909  bmi160_read_gyro_x                                    
00000a05  bmi160_read_gyro_xyz                                  
0000095d  bmi160_read_gyro_y                                    
000009b1  bmi160_read_gyro_z                                    
000006d9  bmi160_read_mag_r                                     
000004cf  bmi160_read_mag_x                                     
00000743  bmi160_read_mag_xyz                                   
0000084d  bmi160_read_mag_xyzr                                  
0000057d  bmi160_read_mag_y                                     
0000062b  bmi160_read_mag_z                                     
00000189  bmi160_read_reg                                       
00009073  bmi160_read_step_count                                
0000196b  bmi160_set_accel_bw                                   
00002245  bmi160_set_accel_fifo_filter_data                     
000071b9  bmi160_set_accel_foc_trigger                          
000086f7  bmi160_set_accel_offset_compensation_xaxis            
000087dd  bmi160_set_accel_offset_compensation_yaxis            
000088c7  bmi160_set_accel_offset_compensation_zaxis            
00008f29  bmi160_set_accel_offset_enable                        
0000188b  bmi160_set_accel_output_data_rate                     
00001b25  bmi160_set_accel_range                                
000082eb  bmi160_set_accel_selftest_amp                         
00008133  bmi160_set_accel_selftest_axis                        
00008211  bmi160_set_accel_selftest_sign                        
00001a4d  bmi160_set_accel_under_sampling_parameter             
0000b181  bmi160_set_bmm150_mag_and_secondary_if_power_mode     
0000b405  bmi160_set_bmm150_mag_presetmode                      
0000c315  bmi160_set_bst_akm_and_secondary_if_powermode         
000095ed  bmi160_set_command_register                           
000028f3  bmi160_set_fifo_accel_enable                          
0000217d  bmi160_set_fifo_down_accel                            
[...]
00018ed1  spi_Close                                             
00018edd  spi_Open                                              
00018fcd  spi_Write                                             
00019027  spi_Read                                              
000192b1  __aeabi_dsub                                          
000192bb  __aeabi_dadd                                          
00019635  Joystick_Init_Without_Interrupt                       
00019693  Joystick_Push_Button_Init_With_Interrupt              
000196e9  Disable_Joystick_Interrupt                            
000196ff  GetJoystickCoordinates                                
000198bd  __aeabi_ddiv                                          
000199f5  _SlNonOsSemSet                                        
00019a0d  _SlNonOsSemGet                                        
00019a69  _SlNonOsSpawn                                         
00019ab9  _SlNonOsMainLoopTask                                  
00019c49  sl_NetCfgSet                                          
00019caf  sl_NetCfgGet                                          
00019d59  ldexp                                                 
00019d59  ldexpl                                                
00019d59  scalbn                                                
00019d59  scalbnl                                               
00019e69  CS_getDCOFrequency                                    
00019f6d  sensorOpt3001Init                                     
00019f79  sensorOpt3001Enable                                   
00019fa5  sensorOpt3001Read                                     
0001a009  sensorOpt3001Test                                     
0001a06b  __aeabi_dmul                                          
0001a169  CS_initClockSignal                                    
0001a489  main                                                  
0001a531  PutChar                                               
0001a5d5  StartContextSwitch                                    
0001a5e1  G8RTOS_InitSemaphore                                  
0001a5fb  G8RTOS_WaitSemaphore                                  
0001a629  G8RTOS_SignalSemaphore                                
0001a675  CS_startHFXTWithTimeout                               
0001a7ad  __aeabi_memcpy                                        
0001a7ad  __aeabi_memcpy4                                       
0001a7ad  __aeabi_memcpy8                                       
0001a7ad  memcpy                                                
0001a849  __aeabi_uldivmod                                      
0001a8e1  UART_initModule                                       
0001a975  SPI_initMaster                                        
0001a9fd  __aeabi_cdcmpeq                                       
0001a9fd  __aeabi_cdcmple                                       
0001aa83  __aeabi_cdrcmple                                      
0001ab09  ClockSys_SetMaxFreq                                   
0001ab77  ClockSys_GetSysFreq                                   
0001ab8d  _SlDrvFlowContInit                                    
0001abcb  _SlDrvFlowContDeinit                                  
0001ac0d  PCM_gotoLPM3                                          
0001ac89  __aeabi_memclr                                        
0001ac89  __aeabi_memclr4                                       
0001ac89  __aeabi_memclr8                                       
0001ac8b  __aeabi_memset                                        
0001ac8b  __aeabi_memset4                                       
0001ac8b  __aeabi_memset8                                       
0001ac91  memset                                                
0001ade3  __aeabi_d2f                                           
0001ae51  __aeabi_ldivmod                                       
0001aebf  __TI_decompress_lzss                                  
0001af29  Interrupt_disableInterrupt                            
0001af8d  Interrupt_enableInterrupt                             
0001aff1  frexp                                                 
0001aff1  frexpl                                                
0001b0ab  ltoa                                                  
0001b151  PCM_shutdownDevice                                    
0001b1a1  SysCtl_getTLVInfo                                     
0001b1f5  G8RTOS_Start                                          
0001b215  PendSV_Handler                                        
0001b215  PendSV_Handler                                        
0001b23d  GPIO_setAsPeripheralModuleFunctionOutputPin           
0001b2d5  atoi                                                  
0001b321  snprintf                                              
0001b36d  GPIO_setAsPeripheralModuleFunctionInputPin            
0001b3fd  __aeabi_d2iz                                          
0001b445  GetASCIICode                                          
0001b489  __TI_auto_init_nobinit_nopinit                        
0001b4cd  LCD_WriteData                                         
0001b50d  sprintf                                               
0001b54d  I2C_initMaster                                        
0001b5c9  I2C_masterSendMultiByteStart                          
0001b601  _c_int00_noargs                                       
0001b639  __aeabi_f2d                                           
0001b671  BSP_InitBoard                                         
0001b6a5  LCD_WriteIndex                                        
0001b6d9  GPIO_setAsInputPinWithPullUpResistor                  
0001b709  I2C_masterSendMultiByteStop                           
0001b799  __aeabi_i2d                                           
0001b7c7  PCM_getCoreVoltageLevel                               
0001b7f3  PCM_getPowerMode                                      
0001b81d  FlashCtl_setWaitState                                 
0001b845  PCM_gotoLPM0                                          
0001b86d  DelayMs                                               
0001b895  CS_clearInterruptFlag                                 
0001b8b9  CS_setDCOCenteredFrequency                            
0001b8dd  I2C_masterSendMultiByteNext                           
0001b901  Interrupt_setPriority                                 
0001b925  RTC_C_holdClock                                       
0001b949  SPISendRecvByte                                       
0001b96d  UART_transmitData                                     
0001b991  LCD_SetCursor                                         
0001b9b1  LCD_Write_Data_Only                                   
0001b9d1  SPI_transmitData                                      
0001b9f1  LCD_WriteReg                                          
0001ba0d  memccpy                                               
0001ba29  SPI_enableModule                                      
0001ba43  SPI_receiveData                                       
0001ba5d  CS_getMCLK                                            
0001ba75  CS_getSMCLK                                           
0001ba8d  GPIO_getInputPinValue                                 
0001baa5  WDT_A_clearTimer                                      
0001babd  WDT_A_holdTimer                                       
0001bb05  __aeabi_lmul                                          
0001bb1d  strchr                                                
0001bb35  CS_setExternalClockSourceFrequency                    
0001bb49  I2C_isBusBusy                                         
0001bb5d  SysTick_enableInterrupt                               
0001bb71  SysTick_enableModule                                  
0001bb85  copysign                                              
0001bb85  copysignl                                             
0001bb99  strlen                                                
0001bbad  wcslen                                                
0001bbbf  I2C_masterReceiveStart                                
0001bbcf  Interrupt_enableMaster                                
0001bbdf  PCM_gotoLPM4                                          
0001bbf1  SysCtl_disableNMISource                               
0001bc01  SysCtl_enableNMISource                                
0001bc11  StartCriticalSection                                  
0001bc19  EndCriticalSection                                    
0001bc1f  I2C_clearInterruptFlag                                
0001bc2d  I2C_disableInterrupt                                  
0001bc3b  __TI_decompress_none                                  
0001bc49  Reset_Handler                                         
0001bc55  ADC14_IRQHandler                                      
0001bc55  AES256_IRQHandler                                     
0001bc55  BusFault_Handler                                      
0001bc55  COMP_E0_IRQHandler                                    
0001bc55  COMP_E1_IRQHandler                                    
0001bc55  CS_IRQHandler                                         
0001bc55  DMA_ERR_IRQHandler                                    
0001bc55  DMA_INT0_IRQHandler                                   
0001bc55  DMA_INT1_IRQHandler                                   
0001bc55  DMA_INT2_IRQHandler                                   
0001bc55  DMA_INT3_IRQHandler                                   
0001bc55  DebugMon_Handler                                      
0001bc55  Default_Handler                                       
0001bc55  EUSCIA1_IRQHandler                                    
0001bc55  EUSCIA2_IRQHandler                                    
0001bc55  EUSCIA3_IRQHandler                                    
0001bc55  EUSCIB0_IRQHandler                                    
0001bc55  EUSCIB2_IRQHandler                                    
0001bc55  EUSCIB3_IRQHandler                                    
0001bc55  FLCTL_IRQHandler                                      
0001bc55  FPU_IRQHandler                                        
0001bc55  HardFault_Handler                                     
0001bc55  MemManage_Handler                                     
0001bc55  NMI_Handler                                           
0001bc55  PCM_IRQHandler                                        
0001bc55  PORT3_IRQHandler                                      
0001bc55  PORT4_IRQHandler                                      
0001bc55  PORT5_IRQHandler                                      
0001bc55  PORT6_IRQHandler                                      
0001bc55  PSS_IRQHandler                                        
0001bc55  RTC_C_IRQHandler                                      
0001bc55  SVC_Handler                                           
0001bc55  T32_INT1_IRQHandler                                   
0001bc55  T32_INT2_IRQHandler                                   
0001bc55  T32_INTC_IRQHandler                                   
0001bc55  TA0_0_IRQHandler                                      
0001bc55  TA0_N_IRQHandler                                      
0001bc55  TA1_0_IRQHandler                                      
0001bc55  TA1_N_IRQHandler                                      
0001bc55  TA2_0_IRQHandler                                      
0001bc55  TA2_N_IRQHandler                                      
0001bc55  TA3_0_IRQHandler                                      
0001bc55  TA3_N_IRQHandler                                      
0001bc55  UsageFault_Handler                                    
0001bc55  WDT_A_IRQHandler                                      
0001bc57  CPU_cpsie                                             
0001bc63  EUSCI_A_SPI_enable                                    
0001bc6f  EUSCI_B_SPI_enable                                    
0001bc7b  I2C_disableModule                                     
0001bc87  I2C_enableModule                                      
0001bc95  PCM_getPowerState                                     
0001bca1  SysCtl_getNMISourceStatus                             
0001bcad  SysTick_setPeriod                                     
0001bcb9  UART_enableModule                                     
0001bcc5  __TI_zero_init                                        
0001bcd1  LCD_Write_Data_Start                                  
0001bce5  I2C_enableInterrupt                                   
0001bced  PCM_setCoreVoltageLevel                               
0001bcf5  PCM_setPowerMode                                      
0001bcfd  PCM_setPowerState                                     
0001bd05  __aeabi_errno_addr                                    
0001bd0d  CS_startHFXT                                          
0001bd13  EUSCI_A_SPI_receiveData                               
0001bd19  EUSCI_B_SPI_receiveData                               
0001bd1f  I2C_getEnabledInterruptStatus                         
0001bd25  I2C_getInterruptStatus                                
0001bd2b  I2C_masterReceiveMultiByteNext                        
0001bd31  SysCtlDelay                                           
0001bd37  CPU_wfi                                               
0001bd3b  EUSCI_A_SPI_transmitData                              
0001bd3f  EUSCI_B_SPI_transmitData                              
0001bd43  I2C_setSlaveAddress                                   
0001bd47  _system_pre_init                                      
0001bd4b  C$$EXIT                                               
0001bd4b  abort                                                 
0001c340  _ctypes_                                              
0001c584  _SlActionLookupTable                                  
0001c678  g_H2NCnysPattern                                      
0001c680  g_H2NSyncPattern                                      
0001c6ba  _SlAcceptCmdCtrl                                      
0001c6be  _SlDeviceGetCmdCtrl                                   
0001c6c2  _SlDeviceSetCmdCtrl                                   
0001c6c6  _SlEventMaskGetCmdCtrl                                
0001c6ca  _SlEventMaskSetCmdCtrl                                
0001c6ce  _SlGetHostByNameCtrl                                  
0001c6d2  _SlGetHostByServiceCtrl                               
0001c6d6  _SlGetServiceListeCtrl                                
0001c6da  _SlGetSockOptCmdCtrl                                  
0001c6de  _SlListenCmdCtrl                                      
0001c6e2  _SlNetAppGetCmdCtrl                                   
0001c6e6  _SlNetAppSendTokenValueCmdCtrl                        
0001c6ea  _SlNetAppSetCmdCtrl                                   
0001c6ee  _SlNetAppStartCtrl                                    
0001c6f2  _SlNetAppStopCtrl                                     
0001c6f6  _SlNetCfgGetCmdCtrl                                   
0001c6fa  _SlNetCfgSetCmdCtrl                                   
0001c6fe  _SlPolicyGetCmdCtrl                                   
0001c702  _SlPolicySetCmdCtrl                                   
0001c706  _SlProfileDelCmdCtrl                                  
0001c70a  _SlProfileGetCmdCtrl                                  
0001c70e  _SlRecvCmdCtrl                                        
0001c712  _SlRecvfomCmdCtrl                                     
0001c716  _SlRegisterServiceCtrl                                
0001c71a  _SlRxFilterAddtCmdCtrl                                
0001c71e  _SlRxFilterGetCmdCtrl                                 
0001c722  _SlRxFilterSetCmdCtrl                                 
0001c726  _SlSelectCmdCtrl                                      
0001c72a  _SlSendCmdCtrl                                        
0001c72e  _SlSetSockOptCmdCtrl                                  
0001c732  _SlSmartConfigStartCmdCtrl                            
0001c736  _SlSockCloseCmdCtrl                                   
0001c73a  _SlSockSocketCmdCtrl                                  
0001c73e  _SlStopCmdCtrl                                        
0001c742  _SlWlanCfgGetCmdCtrl                                  
0001c746  _SlWlanCfgSetCmdCtrl                                  
0001c74a  _SlWlanGetNetworkListCtrl                             
0001c74e  _SlWlanSetModeCmdCtrl                                 
0001c7a0  __TI_Handler_Table_Base                               
0001c7ac  __TI_Handler_Table_Limit                              
0001c7b8  __TI_CINIT_Base                                       
0001c7c8  __TI_CINIT_Limit                                      
20008580  accel_fifo                                            
200088ec  gyro_fifo                                             
20008c58  mag_fifo                                              
20008fc4  g_StatMem                                             
20009328  Current_GameState                                     
2000937c  bme280                                                
200093b8  g__SlNonOsCB                                          
200093e0  Prev_Ball_Positions                                   
20009400  s_bmi160                                              
2000942c  accelxyz                                              
20009432  gyroxyz                                               
20009448  ButtonFunction                                        
2000944c  CC3100_WIFI_Semaphore                                 
20009450  Client_Player_Semaphore                               
20009454  CurrentlyRunningThread                                
20009458  GameState_Semaphore                                   
2000945c  I2C_Semaphore                                         
20009460  LCD_Semaphore                                         
20009464  Prev_Player_Positions                                 
20009468  SystemTime                                            
2000946c  g_ui32ByteCount                                       
20009478  pData                                                 
2000947f  IntIsMasked                                           
20009482  ui8DummyRead                                          
20009483  ui8Status                                             
20009484  v_fifo_data_u8                                        
200098b4  g_Status                                              
200098b8  retVal                                                
200098bc  receivedAlready                                       
200098c0  transmitedAlready                                     
200098c4  SockIDRx                                              
200098c6  SockIDTx                                              
200098c8  i2cConfig                                             
200098dc  g_pCB                                                 
200098e0  pPingCallBackFunc                                     
200098e4  gFirstCmdMode                                         
200098e5  burstMode                                             
200098e8  V_bmm150_maual_auto_condition_u8                      
200098ec  V_fifo_time_U32                                       
200098f4  pIraEventHandler                                      
200098f8  errno                                                 
200098fc  SystemCoreClock                                       
2000fe00  __stack                                               
20010000  __STACK_END                                           
4000480c  WDTCTL_SYM                                            
ffffffff  __TI_pprof_out_hndl                                   
ffffffff  __TI_prof_data_size                                   
ffffffff  __TI_prof_data_start                                  
ffffffff  __binit__                                             
ffffffff  __c_args__                                            
ffffffff  binit                                                 
UNDEFED   __mpu_init                                            
UNDEFED   _system_post_cinit                                    

[891 symbols]
