<?xml version="1.0" encoding="ISO-8859-1" ?>
<link_info>
   <banner>TI ARM Linker PC v18.1.4.LTS</banner>
   <copyright>Copyright (c) 1996-2018 Texas Instruments Incorporated</copyright>
   <link_time>0x5c0a41fa</link_time>
   <link_errors>0x0</link_errors>
   <output_file>Lab5.out</output_file>
   <entry_point>
      <name>_c_int00_noargs</name>
      <address>0xd0e9</address>
   </entry_point>
   <input_file_list>
      <input_file id="fl-2">
         <path>.\</path>
         <kind>object</kind>
         <file>Game.obj</file>
         <name>Game.obj</name>
      </input_file>
      <input_file id="fl-3">
         <path>.\</path>
         <kind>object</kind>
         <file>main.obj</file>
         <name>main.obj</name>
      </input_file>
      <input_file id="fl-4">
         <path>.\</path>
         <kind>object</kind>
         <file>startup_msp432p401r_ccs.obj</file>
         <name>startup_msp432p401r_ccs.obj</name>
      </input_file>
      <input_file id="fl-5">
         <path>.\</path>
         <kind>object</kind>
         <file>system_msp432p401r.obj</file>
         <name>system_msp432p401r.obj</name>
      </input_file>
      <input_file id="fl-6">
         <path>.\BoardSupportPackage\src\</path>
         <kind>object</kind>
         <file>AsciiLib.obj</file>
         <name>AsciiLib.obj</name>
      </input_file>
      <input_file id="fl-7">
         <path>.\BoardSupportPackage\src\</path>
         <kind>object</kind>
         <file>BSP.obj</file>
         <name>BSP.obj</name>
      </input_file>
      <input_file id="fl-8">
         <path>.\BoardSupportPackage\src\</path>
         <kind>object</kind>
         <file>BackChannelUart.obj</file>
         <name>BackChannelUart.obj</name>
      </input_file>
      <input_file id="fl-9">
         <path>.\BoardSupportPackage\src\</path>
         <kind>object</kind>
         <file>ClockSys.obj</file>
         <name>ClockSys.obj</name>
      </input_file>
      <input_file id="fl-a">
         <path>.\BoardSupportPackage\src\</path>
         <kind>object</kind>
         <file>Joystick.obj</file>
         <name>Joystick.obj</name>
      </input_file>
      <input_file id="fl-b">
         <path>.\BoardSupportPackage\src\</path>
         <kind>object</kind>
         <file>LCD_empty.obj</file>
         <name>LCD_empty.obj</name>
      </input_file>
      <input_file id="fl-c">
         <path>.\BoardSupportPackage\src\</path>
         <kind>object</kind>
         <file>RGBLeds.obj</file>
         <name>RGBLeds.obj</name>
      </input_file>
      <input_file id="fl-d">
         <path>.\BoardSupportPackage\src\</path>
         <kind>object</kind>
         <file>bme280.obj</file>
         <name>bme280.obj</name>
      </input_file>
      <input_file id="fl-e">
         <path>.\BoardSupportPackage\src\</path>
         <kind>object</kind>
         <file>bme280_support.obj</file>
         <name>bme280_support.obj</name>
      </input_file>
      <input_file id="fl-f">
         <path>.\BoardSupportPackage\src\</path>
         <kind>object</kind>
         <file>bmi160.obj</file>
         <name>bmi160.obj</name>
      </input_file>
      <input_file id="fl-10">
         <path>.\BoardSupportPackage\src\</path>
         <kind>object</kind>
         <file>bmi160_support.obj</file>
         <name>bmi160_support.obj</name>
      </input_file>
      <input_file id="fl-11">
         <path>.\BoardSupportPackage\src\</path>
         <kind>object</kind>
         <file>demo_sysctl.obj</file>
         <name>demo_sysctl.obj</name>
      </input_file>
      <input_file id="fl-12">
         <path>.\BoardSupportPackage\src\</path>
         <kind>object</kind>
         <file>i2c_driver.obj</file>
         <name>i2c_driver.obj</name>
      </input_file>
      <input_file id="fl-13">
         <path>.\BoardSupportPackage\src\</path>
         <kind>object</kind>
         <file>opt3001.obj</file>
         <name>opt3001.obj</name>
      </input_file>
      <input_file id="fl-14">
         <path>.\BoardSupportPackage\src\</path>
         <kind>object</kind>
         <file>tmp007.obj</file>
         <name>tmp007.obj</name>
      </input_file>
      <input_file id="fl-15">
         <path>.\G8RTOS_Empty_Lab3\</path>
         <kind>object</kind>
         <file>G8RTOS_CriticalSection.obj</file>
         <name>G8RTOS_CriticalSection.obj</name>
      </input_file>
      <input_file id="fl-16">
         <path>.\G8RTOS_Empty_Lab3\</path>
         <kind>object</kind>
         <file>G8RTOS_IPC.obj</file>
         <name>G8RTOS_IPC.obj</name>
      </input_file>
      <input_file id="fl-17">
         <path>.\G8RTOS_Empty_Lab3\</path>
         <kind>object</kind>
         <file>G8RTOS_Scheduler.obj</file>
         <name>G8RTOS_Scheduler.obj</name>
      </input_file>
      <input_file id="fl-18">
         <path>.\G8RTOS_Empty_Lab3\</path>
         <kind>object</kind>
         <file>G8RTOS_SchedulerASM.obj</file>
         <name>G8RTOS_SchedulerASM.obj</name>
      </input_file>
      <input_file id="fl-19">
         <path>.\G8RTOS_Empty_Lab3\</path>
         <kind>object</kind>
         <file>G8RTOS_Semaphores.obj</file>
         <name>G8RTOS_Semaphores.obj</name>
      </input_file>
      <input_file id="fl-1a">
         <path>.\Libraries\CC3100SupportPackage\board\</path>
         <kind>object</kind>
         <file>board.obj</file>
         <name>board.obj</name>
      </input_file>
      <input_file id="fl-1b">
         <path>.\Libraries\CC3100SupportPackage\cc3100_usage\</path>
         <kind>object</kind>
         <file>cc3100_usage.obj</file>
         <name>cc3100_usage.obj</name>
      </input_file>
      <input_file id="fl-1c">
         <path>.\Libraries\CC3100SupportPackage\simplelink\source\</path>
         <kind>object</kind>
         <file>device.obj</file>
         <name>device.obj</name>
      </input_file>
      <input_file id="fl-1d">
         <path>.\Libraries\CC3100SupportPackage\simplelink\source\</path>
         <kind>object</kind>
         <file>driver.obj</file>
         <name>driver.obj</name>
      </input_file>
      <input_file id="fl-1e">
         <path>.\Libraries\CC3100SupportPackage\simplelink\source\</path>
         <kind>object</kind>
         <file>flowcont.obj</file>
         <name>flowcont.obj</name>
      </input_file>
      <input_file id="fl-1f">
         <path>.\Libraries\CC3100SupportPackage\simplelink\source\</path>
         <kind>object</kind>
         <file>fs.obj</file>
         <name>fs.obj</name>
      </input_file>
      <input_file id="fl-20">
         <path>.\Libraries\CC3100SupportPackage\simplelink\source\</path>
         <kind>object</kind>
         <file>netapp.obj</file>
         <name>netapp.obj</name>
      </input_file>
      <input_file id="fl-21">
         <path>.\Libraries\CC3100SupportPackage\simplelink\source\</path>
         <kind>object</kind>
         <file>netcfg.obj</file>
         <name>netcfg.obj</name>
      </input_file>
      <input_file id="fl-22">
         <path>.\Libraries\CC3100SupportPackage\simplelink\source\</path>
         <kind>object</kind>
         <file>nonos.obj</file>
         <name>nonos.obj</name>
      </input_file>
      <input_file id="fl-23">
         <path>.\Libraries\CC3100SupportPackage\simplelink\source\</path>
         <kind>object</kind>
         <file>socket.obj</file>
         <name>socket.obj</name>
      </input_file>
      <input_file id="fl-24">
         <path>.\Libraries\CC3100SupportPackage\simplelink\source\</path>
         <kind>object</kind>
         <file>spawn.obj</file>
         <name>spawn.obj</name>
      </input_file>
      <input_file id="fl-25">
         <path>.\Libraries\CC3100SupportPackage\simplelink\source\</path>
         <kind>object</kind>
         <file>wlan.obj</file>
         <name>wlan.obj</name>
      </input_file>
      <input_file id="fl-26">
         <path>.\Libraries\CC3100SupportPackage\spi_cc3100\</path>
         <kind>object</kind>
         <file>spi_cc3100.obj</file>
         <name>spi_cc3100.obj</name>
      </input_file>
      <input_file id="fl-2b">
         <kind>object</kind>
         <file>&lt;internal&gt;</file>
         <name>&lt;internal&gt;</name>
      </input_file>
      <input_file id="fl-2c">
         <path>..\BoardSupportPackage\DriverLib\</path>
         <kind>archive</kind>
         <file>msp432p4xx_driverlib.lib</file>
         <name>cs.o</name>
      </input_file>
      <input_file id="fl-2d">
         <path>..\BoardSupportPackage\DriverLib\</path>
         <kind>archive</kind>
         <file>msp432p4xx_driverlib.lib</file>
         <name>flash.o</name>
      </input_file>
      <input_file id="fl-2e">
         <path>..\BoardSupportPackage\DriverLib\</path>
         <kind>archive</kind>
         <file>msp432p4xx_driverlib.lib</file>
         <name>gpio.o</name>
      </input_file>
      <input_file id="fl-2f">
         <path>..\BoardSupportPackage\DriverLib\</path>
         <kind>archive</kind>
         <file>msp432p4xx_driverlib.lib</file>
         <name>i2c.o</name>
      </input_file>
      <input_file id="fl-30">
         <path>..\BoardSupportPackage\DriverLib\</path>
         <kind>archive</kind>
         <file>msp432p4xx_driverlib.lib</file>
         <name>interrupt.o</name>
      </input_file>
      <input_file id="fl-31">
         <path>..\BoardSupportPackage\DriverLib\</path>
         <kind>archive</kind>
         <file>msp432p4xx_driverlib.lib</file>
         <name>pcm.o</name>
      </input_file>
      <input_file id="fl-32">
         <path>..\BoardSupportPackage\DriverLib\</path>
         <kind>archive</kind>
         <file>msp432p4xx_driverlib.lib</file>
         <name>rtc_c.o</name>
      </input_file>
      <input_file id="fl-33">
         <path>..\BoardSupportPackage\DriverLib\</path>
         <kind>archive</kind>
         <file>msp432p4xx_driverlib.lib</file>
         <name>spi.o</name>
      </input_file>
      <input_file id="fl-34">
         <path>..\BoardSupportPackage\DriverLib\</path>
         <kind>archive</kind>
         <file>msp432p4xx_driverlib.lib</file>
         <name>sysctl.o</name>
      </input_file>
      <input_file id="fl-35">
         <path>..\BoardSupportPackage\DriverLib\</path>
         <kind>archive</kind>
         <file>msp432p4xx_driverlib.lib</file>
         <name>systick.o</name>
      </input_file>
      <input_file id="fl-36">
         <path>..\BoardSupportPackage\DriverLib\</path>
         <kind>archive</kind>
         <file>msp432p4xx_driverlib.lib</file>
         <name>uart.o</name>
      </input_file>
      <input_file id="fl-37">
         <path>..\BoardSupportPackage\DriverLib\</path>
         <kind>archive</kind>
         <file>msp432p4xx_driverlib.lib</file>
         <name>wdt_a.o</name>
      </input_file>
      <input_file id="fl-38">
         <path>..\BoardSupportPackage\DriverLib\</path>
         <kind>archive</kind>
         <file>msp432p4xx_driverlib.lib</file>
         <name>cpu.o</name>
      </input_file>
      <input_file id="fl-ee">
         <path>C:\ti\ccsv8\tools\compiler\ti-cgt-arm_18.1.4.LTS\lib\</path>
         <kind>archive</kind>
         <file>rtsv7M4_T_le_v4SPD16_eabi.lib</file>
         <name>fd_mul_t2.asm.obj</name>
      </input_file>
      <input_file id="fl-ef">
         <path>C:\ti\ccsv8\tools\compiler\ti-cgt-arm_18.1.4.LTS\lib\</path>
         <kind>archive</kind>
         <file>rtsv7M4_T_le_v4SPD16_eabi.lib</file>
         <name>fd_tos_t2.asm.obj</name>
      </input_file>
      <input_file id="fl-f0">
         <path>C:\ti\ccsv8\tools\compiler\ti-cgt-arm_18.1.4.LTS\lib\</path>
         <kind>archive</kind>
         <file>rtsv7M4_T_le_v4SPD16_eabi.lib</file>
         <name>fs_tod_t2.asm.obj</name>
      </input_file>
      <input_file id="fl-f1">
         <path>C:\ti\ccsv8\tools\compiler\ti-cgt-arm_18.1.4.LTS\lib\</path>
         <kind>archive</kind>
         <file>rtsv7M4_T_le_v4SPD16_eabi.lib</file>
         <name>ll_mul_t2.asm.obj</name>
      </input_file>
      <input_file id="fl-f2">
         <path>C:\ti\ccsv8\tools\compiler\ti-cgt-arm_18.1.4.LTS\lib\</path>
         <kind>archive</kind>
         <file>rtsv7M4_T_le_v4SPD16_eabi.lib</file>
         <name>memcpy_t2.asm.obj</name>
      </input_file>
      <input_file id="fl-f3">
         <path>C:\ti\ccsv8\tools\compiler\ti-cgt-arm_18.1.4.LTS\lib\</path>
         <kind>archive</kind>
         <file>rtsv7M4_T_le_v4SPD16_eabi.lib</file>
         <name>ll_div_t2.asm.obj</name>
      </input_file>
      <input_file id="fl-f4">
         <path>C:\ti\ccsv8\tools\compiler\ti-cgt-arm_18.1.4.LTS\lib\</path>
         <kind>archive</kind>
         <file>rtsv7M4_T_le_v4SPD16_eabi.lib</file>
         <name>ull_div_t2.asm.obj</name>
      </input_file>
      <input_file id="fl-f5">
         <path>C:\ti\ccsv8\tools\compiler\ti-cgt-arm_18.1.4.LTS\lib\</path>
         <kind>archive</kind>
         <file>rtsv7M4_T_le_v4SPD16_eabi.lib</file>
         <name>memset_t2.asm.obj</name>
      </input_file>
      <input_file id="fl-f6">
         <path>C:\ti\ccsv8\tools\compiler\ti-cgt-arm_18.1.4.LTS\lib\</path>
         <kind>archive</kind>
         <file>rtsv7M4_T_le_v4SPD16_eabi.lib</file>
         <name>copy_zero_init.c.obj</name>
      </input_file>
      <input_file id="fl-f7">
         <path>C:\ti\ccsv8\tools\compiler\ti-cgt-arm_18.1.4.LTS\lib\</path>
         <kind>archive</kind>
         <file>rtsv7M4_T_le_v4SPD16_eabi.lib</file>
         <name>copy_decompress_none.c.obj</name>
      </input_file>
      <input_file id="fl-f8">
         <path>C:\ti\ccsv8\tools\compiler\ti-cgt-arm_18.1.4.LTS\lib\</path>
         <kind>archive</kind>
         <file>rtsv7M4_T_le_v4SPD16_eabi.lib</file>
         <name>copy_decompress_lzss.c.obj</name>
      </input_file>
      <input_file id="fl-f9">
         <path>C:\ti\ccsv8\tools\compiler\ti-cgt-arm_18.1.4.LTS\lib\</path>
         <kind>archive</kind>
         <file>rtsv7M4_T_le_v4SPD16_eabi.lib</file>
         <name>boot_cortex_m.c.obj</name>
      </input_file>
      <input_file id="fl-fa">
         <path>C:\ti\ccsv8\tools\compiler\ti-cgt-arm_18.1.4.LTS\lib\</path>
         <kind>archive</kind>
         <file>rtsv7M4_T_le_v4SPD16_eabi.lib</file>
         <name>exit.c.obj</name>
      </input_file>
      <input_file id="fl-fb">
         <path>C:\ti\ccsv8\tools\compiler\ti-cgt-arm_18.1.4.LTS\lib\</path>
         <kind>archive</kind>
         <file>rtsv7M4_T_le_v4SPD16_eabi.lib</file>
         <name>_lock.c.obj</name>
      </input_file>
      <input_file id="fl-fc">
         <path>C:\ti\ccsv8\tools\compiler\ti-cgt-arm_18.1.4.LTS\lib\</path>
         <kind>archive</kind>
         <file>rtsv7M4_T_le_v4SPD16_eabi.lib</file>
         <name>args_main.c.obj</name>
      </input_file>
      <input_file id="fl-fd">
         <path>C:\ti\ccsv8\tools\compiler\ti-cgt-arm_18.1.4.LTS\lib\</path>
         <kind>archive</kind>
         <file>rtsv7M4_T_le_v4SPD16_eabi.lib</file>
         <name>snprintf.c.obj</name>
      </input_file>
      <input_file id="fl-fe">
         <path>C:\ti\ccsv8\tools\compiler\ti-cgt-arm_18.1.4.LTS\lib\</path>
         <kind>archive</kind>
         <file>rtsv7M4_T_le_v4SPD16_eabi.lib</file>
         <name>sprintf.c.obj</name>
      </input_file>
      <input_file id="fl-ff">
         <path>C:\ti\ccsv8\tools\compiler\ti-cgt-arm_18.1.4.LTS\lib\</path>
         <kind>archive</kind>
         <file>rtsv7M4_T_le_v4SPD16_eabi.lib</file>
         <name>strlen.c.obj</name>
      </input_file>
      <input_file id="fl-100">
         <path>C:\ti\ccsv8\tools\compiler\ti-cgt-arm_18.1.4.LTS\lib\</path>
         <kind>archive</kind>
         <file>rtsv7M4_T_le_v4SPD16_eabi.lib</file>
         <name>div0.asm.obj</name>
      </input_file>
      <input_file id="fl-101">
         <path>C:\ti\ccsv8\tools\compiler\ti-cgt-arm_18.1.4.LTS\lib\</path>
         <kind>archive</kind>
         <file>rtsv7M4_T_le_v4SPD16_eabi.lib</file>
         <name>autoinit.c.obj</name>
      </input_file>
      <input_file id="fl-102">
         <path>C:\ti\ccsv8\tools\compiler\ti-cgt-arm_18.1.4.LTS\lib\</path>
         <kind>archive</kind>
         <file>rtsv7M4_T_le_v4SPD16_eabi.lib</file>
         <name>pre_init.c.obj</name>
      </input_file>
      <input_file id="fl-103">
         <path>C:\ti\ccsv8\tools\compiler\ti-cgt-arm_18.1.4.LTS\lib\</path>
         <kind>archive</kind>
         <file>rtsv7M4_T_le_v4SPD16_eabi.lib</file>
         <name>cpy_tbl.c.obj</name>
      </input_file>
      <input_file id="fl-104">
         <path>C:\ti\ccsv8\tools\compiler\ti-cgt-arm_18.1.4.LTS\lib\</path>
         <kind>archive</kind>
         <file>rtsv7M4_T_le_v4SPD16_eabi.lib</file>
         <name>_printfi.c.obj</name>
      </input_file>
      <input_file id="fl-105">
         <path>C:\ti\ccsv8\tools\compiler\ti-cgt-arm_18.1.4.LTS\lib\</path>
         <kind>archive</kind>
         <file>rtsv7M4_T_le_v4SPD16_eabi.lib</file>
         <name>atoi.c.obj</name>
      </input_file>
      <input_file id="fl-106">
         <path>C:\ti\ccsv8\tools\compiler\ti-cgt-arm_18.1.4.LTS\lib\</path>
         <kind>archive</kind>
         <file>rtsv7M4_T_le_v4SPD16_eabi.lib</file>
         <name>ctype.c.obj</name>
      </input_file>
      <input_file id="fl-107">
         <path>C:\ti\ccsv8\tools\compiler\ti-cgt-arm_18.1.4.LTS\lib\</path>
         <kind>archive</kind>
         <file>rtsv7M4_T_le_v4SPD16_eabi.lib</file>
         <name>ltoa.c.obj</name>
      </input_file>
      <input_file id="fl-108">
         <path>C:\ti\ccsv8\tools\compiler\ti-cgt-arm_18.1.4.LTS\lib\</path>
         <kind>archive</kind>
         <file>rtsv7M4_T_le_v4SPD16_eabi.lib</file>
         <name>memccpy.c.obj</name>
      </input_file>
      <input_file id="fl-109">
         <path>C:\ti\ccsv8\tools\compiler\ti-cgt-arm_18.1.4.LTS\lib\</path>
         <kind>archive</kind>
         <file>rtsv7M4_T_le_v4SPD16_eabi.lib</file>
         <name>strchr.c.obj</name>
      </input_file>
      <input_file id="fl-10a">
         <path>C:\ti\ccsv8\tools\compiler\ti-cgt-arm_18.1.4.LTS\lib\</path>
         <kind>archive</kind>
         <file>rtsv7M4_T_le_v4SPD16_eabi.lib</file>
         <name>wcslen.c.obj</name>
      </input_file>
      <input_file id="fl-10b">
         <path>C:\ti\ccsv8\tools\compiler\ti-cgt-arm_18.1.4.LTS\lib\</path>
         <kind>archive</kind>
         <file>rtsv7M4_T_le_v4SPD16_eabi.lib</file>
         <name>s_frexp.c.obj</name>
      </input_file>
      <input_file id="fl-10c">
         <path>C:\ti\ccsv8\tools\compiler\ti-cgt-arm_18.1.4.LTS\lib\</path>
         <kind>archive</kind>
         <file>rtsv7M4_T_le_v4SPD16_eabi.lib</file>
         <name>s_scalbn.c.obj</name>
      </input_file>
      <input_file id="fl-10d">
         <path>C:\ti\ccsv8\tools\compiler\ti-cgt-arm_18.1.4.LTS\lib\</path>
         <kind>archive</kind>
         <file>rtsv7M4_T_le_v4SPD16_eabi.lib</file>
         <name>fd_add_t2.asm.obj</name>
      </input_file>
      <input_file id="fl-10e">
         <path>C:\ti\ccsv8\tools\compiler\ti-cgt-arm_18.1.4.LTS\lib\</path>
         <kind>archive</kind>
         <file>rtsv7M4_T_le_v4SPD16_eabi.lib</file>
         <name>fd_cmp_t2.asm.obj</name>
      </input_file>
      <input_file id="fl-10f">
         <path>C:\ti\ccsv8\tools\compiler\ti-cgt-arm_18.1.4.LTS\lib\</path>
         <kind>archive</kind>
         <file>rtsv7M4_T_le_v4SPD16_eabi.lib</file>
         <name>fd_div_t2.asm.obj</name>
      </input_file>
      <input_file id="fl-110">
         <path>C:\ti\ccsv8\tools\compiler\ti-cgt-arm_18.1.4.LTS\lib\</path>
         <kind>archive</kind>
         <file>rtsv7M4_T_le_v4SPD16_eabi.lib</file>
         <name>fd_toi_t2.asm.obj</name>
      </input_file>
      <input_file id="fl-111">
         <path>C:\ti\ccsv8\tools\compiler\ti-cgt-arm_18.1.4.LTS\lib\</path>
         <kind>archive</kind>
         <file>rtsv7M4_T_le_v4SPD16_eabi.lib</file>
         <name>i_tofd_t2.asm.obj</name>
      </input_file>
      <input_file id="fl-112">
         <path>C:\ti\ccsv8\tools\compiler\ti-cgt-arm_18.1.4.LTS\lib\</path>
         <kind>archive</kind>
         <file>rtsv7M4_T_le_v4SPD16_eabi.lib</file>
         <name>errno.c.obj</name>
      </input_file>
      <input_file id="fl-113">
         <path>C:\ti\ccsv8\tools\compiler\ti-cgt-arm_18.1.4.LTS\lib\</path>
         <kind>archive</kind>
         <file>rtsv7M4_T_le_v4SPD16_eabi.lib</file>
         <name>s_copysign.c.obj</name>
      </input_file>
   </input_file_list>
   <object_component_list>
      <object_component id="oc-23">
         <name>.intvecs:retain</name>
         <load_address>0x0</load_address>
         <run_address>0x0</run_address>
         <size>0xe4</size>
         <input_file_ref idref="fl-4"/>
      </object_component>
      <object_component id="oc-628">
         <name>.text</name>
         <load_address>0xe4</load_address>
         <run_address>0xe4</run_address>
         <size>0x2024</size>
         <input_file_ref idref="fl-1d"/>
      </object_component>
      <object_component id="oc-3b4">
         <name>.text</name>
         <load_address>0x2108</load_address>
         <run_address>0x2108</run_address>
         <size>0x1810</size>
         <input_file_ref idref="fl-d"/>
      </object_component>
      <object_component id="oc-1df">
         <name>.text</name>
         <load_address>0x3918</load_address>
         <run_address>0x3918</run_address>
         <size>0x1310</size>
         <input_file_ref idref="fl-2"/>
      </object_component>
      <object_component id="oc-4b3">
         <name>.text</name>
         <load_address>0x4c28</load_address>
         <run_address>0x4c28</run_address>
         <size>0xed4</size>
         <input_file_ref idref="fl-23"/>
      </object_component>
      <object_component id="oc-4d4">
         <name>.text</name>
         <load_address>0x5afc</load_address>
         <run_address>0x5afc</run_address>
         <size>0xb44</size>
         <input_file_ref idref="fl-20"/>
      </object_component>
      <object_component id="oc-4c8">
         <name>.text</name>
         <load_address>0x6640</load_address>
         <run_address>0x6640</run_address>
         <size>0xac0</size>
         <input_file_ref idref="fl-25"/>
      </object_component>
      <object_component id="oc-49a">
         <name>.text:__TI_printfi</name>
         <load_address>0x7100</load_address>
         <run_address>0x7100</run_address>
         <size>0xa5e</size>
         <input_file_ref idref="fl-104"/>
      </object_component>
      <object_component id="oc-73a">
         <name>.text</name>
         <load_address>0x7b5e</load_address>
         <run_address>0x7b5e</run_address>
         <size>0x2</size>
         <input_file_ref idref="fl-100"/>
      </object_component>
      <object_component id="oc-6f">
         <name>.text</name>
         <load_address>0x7b60</load_address>
         <run_address>0x7b60</run_address>
         <size>0x7e0</size>
         <input_file_ref idref="fl-17"/>
      </object_component>
      <object_component id="oc-35d">
         <name>.text</name>
         <load_address>0x8340</load_address>
         <run_address>0x8340</run_address>
         <size>0x690</size>
         <input_file_ref idref="fl-1b"/>
      </object_component>
      <object_component id="oc-1d9">
         <name>.text</name>
         <load_address>0x89d0</load_address>
         <run_address>0x89d0</run_address>
         <size>0x604</size>
         <input_file_ref idref="fl-b"/>
      </object_component>
      <object_component id="oc-4bc">
         <name>.text</name>
         <load_address>0x8fd4</load_address>
         <run_address>0x8fd4</run_address>
         <size>0x5b4</size>
         <input_file_ref idref="fl-1c"/>
      </object_component>
      <object_component id="oc-7b">
         <name>.text</name>
         <load_address>0x9588</load_address>
         <run_address>0x9588</run_address>
         <size>0x360</size>
         <input_file_ref idref="fl-12"/>
      </object_component>
      <object_component id="oc-75">
         <name>.text</name>
         <load_address>0x98e8</load_address>
         <run_address>0x98e8</run_address>
         <size>0x350</size>
         <input_file_ref idref="fl-1a"/>
      </object_component>
      <object_component id="oc-b9">
         <name>.text</name>
         <load_address>0x9c38</load_address>
         <run_address>0x9c38</run_address>
         <size>0x334</size>
         <input_file_ref idref="fl-5"/>
      </object_component>
      <object_component id="oc-26b">
         <name>.text</name>
         <load_address>0x9f6c</load_address>
         <run_address>0x9f6c</run_address>
         <size>0x2f8</size>
         <input_file_ref idref="fl-8"/>
      </object_component>
      <object_component id="oc-271">
         <name>.text</name>
         <load_address>0xa264</load_address>
         <run_address>0xa264</run_address>
         <size>0x2f8</size>
         <input_file_ref idref="fl-c"/>
      </object_component>
      <object_component id="oc-265">
         <name>.text</name>
         <load_address>0xa55c</load_address>
         <run_address>0xa55c</run_address>
         <size>0x2e0</size>
         <input_file_ref idref="fl-e"/>
      </object_component>
      <object_component id="oc-600">
         <name>.text:_pconv_a</name>
         <load_address>0xa83c</load_address>
         <run_address>0xa83c</run_address>
         <size>0x270</size>
         <input_file_ref idref="fl-104"/>
      </object_component>
      <object_component id="oc-670">
         <name>.text</name>
         <load_address>0xaaac</load_address>
         <run_address>0xaaac</run_address>
         <size>0x210</size>
         <input_file_ref idref="fl-26"/>
      </object_component>
      <object_component id="oc-5ee">
         <name>.text:_pconv_g</name>
         <load_address>0xacbc</load_address>
         <run_address>0xacbc</run_address>
         <size>0x1d0</size>
         <input_file_ref idref="fl-104"/>
      </object_component>
      <object_component id="oc-783">
         <name>.text</name>
         <load_address>0xae8c</load_address>
         <run_address>0xae8c</run_address>
         <size>0x1b6</size>
         <input_file_ref idref="fl-10d"/>
      </object_component>
      <object_component id="oc-2a7">
         <name>.text:__PCM_setPowerStateAdvanced</name>
         <load_address>0xb042</load_address>
         <run_address>0xb042</run_address>
         <size>0x1a0</size>
         <input_file_ref idref="fl-31"/>
      </object_component>
      <object_component id="oc-25f">
         <name>.text</name>
         <load_address>0xb1e4</load_address>
         <run_address>0xb1e4</run_address>
         <size>0x178</size>
         <input_file_ref idref="fl-a"/>
      </object_component>
      <object_component id="oc-5fa">
         <name>.text:_pconv_e</name>
         <load_address>0xb35c</load_address>
         <run_address>0xb35c</run_address>
         <size>0x13c</size>
         <input_file_ref idref="fl-104"/>
      </object_component>
      <object_component id="oc-769">
         <name>.text</name>
         <load_address>0xb498</load_address>
         <run_address>0xb498</run_address>
         <size>0x136</size>
         <input_file_ref idref="fl-10f"/>
      </object_component>
      <object_component id="oc-4c2">
         <name>.text</name>
         <load_address>0xb5d0</load_address>
         <run_address>0xb5d0</run_address>
         <size>0x130</size>
         <input_file_ref idref="fl-22"/>
      </object_component>
      <object_component id="oc-795">
         <name>.text:fcvt</name>
         <load_address>0xb700</load_address>
         <run_address>0xb700</run_address>
         <size>0x124</size>
         <input_file_ref idref="fl-104"/>
      </object_component>
      <object_component id="oc-4ce">
         <name>.text</name>
         <load_address>0xb824</load_address>
         <run_address>0xb824</run_address>
         <size>0x110</size>
         <input_file_ref idref="fl-21"/>
      </object_component>
      <object_component id="oc-7a9">
         <name>.text:scalbn</name>
         <load_address>0xb934</load_address>
         <run_address>0xb934</run_address>
         <size>0x110</size>
         <input_file_ref idref="fl-10c"/>
      </object_component>
      <object_component id="oc-447">
         <name>.text:CS_getDCOFrequency</name>
         <load_address>0xba44</load_address>
         <run_address>0xba44</run_address>
         <size>0x104</size>
         <input_file_ref idref="fl-2c"/>
      </object_component>
      <object_component id="oc-32c">
         <name>.text</name>
         <load_address>0xbb48</load_address>
         <run_address>0xbb48</run_address>
         <size>0xfc</size>
         <input_file_ref idref="fl-ee"/>
      </object_component>
      <object_component id="oc-13e">
         <name>.text:CS_initClockSignal</name>
         <load_address>0xbc44</load_address>
         <run_address>0xbc44</run_address>
         <size>0xe0</size>
         <input_file_ref idref="fl-2c"/>
      </object_component>
      <object_component id="oc-42c">
         <name>.text:__PCM_setPowerModeAdvanced</name>
         <load_address>0xbd24</load_address>
         <run_address>0xbd24</run_address>
         <size>0xdc</size>
         <input_file_ref idref="fl-31"/>
      </object_component>
      <object_component id="oc-a7">
         <name>.text</name>
         <load_address>0xbe00</load_address>
         <run_address>0xbe00</run_address>
         <size>0xb4</size>
         <input_file_ref idref="fl-3"/>
      </object_component>
      <object_component id="oc-5e3">
         <name>.text:_ltostr</name>
         <load_address>0xbeb4</load_address>
         <run_address>0xbeb4</run_address>
         <size>0xb1</size>
         <input_file_ref idref="fl-104"/>
      </object_component>
      <object_component id="oc-426">
         <name>.text:__PCM_setCoreVoltageLevelAdvanced</name>
         <load_address>0xbf68</load_address>
         <run_address>0xbf68</run_address>
         <size>0xb0</size>
         <input_file_ref idref="fl-31"/>
      </object_component>
      <object_component id="oc-316">
         <name>.text:PutChar</name>
         <load_address>0xc018</load_address>
         <run_address>0xc018</run_address>
         <size>0xa4</size>
         <input_file_ref idref="fl-b"/>
      </object_component>
      <object_component id="oc-33d">
         <name>.text</name>
         <load_address>0xc0bc</load_address>
         <run_address>0xc0bc</run_address>
         <size>0xa0</size>
         <input_file_ref idref="fl-19"/>
      </object_component>
      <object_component id="oc-528">
         <name>.text:CS_startHFXTWithTimeout</name>
         <load_address>0xc15c</load_address>
         <run_address>0xc15c</run_address>
         <size>0x9c</size>
         <input_file_ref idref="fl-2c"/>
      </object_component>
      <object_component id="oc-2c0">
         <name>.text:_CSComputeCLKFrequency</name>
         <load_address>0xc1f8</load_address>
         <run_address>0xc1f8</run_address>
         <size>0x9c</size>
         <input_file_ref idref="fl-2c"/>
      </object_component>
      <object_component id="oc-34">
         <name>.text</name>
         <load_address>0xc294</load_address>
         <run_address>0xc294</run_address>
         <size>0x9c</size>
         <input_file_ref idref="fl-f2"/>
      </object_component>
      <object_component id="oc-73f">
         <name>.text</name>
         <load_address>0xc330</load_address>
         <run_address>0xc330</run_address>
         <size>0x96</size>
         <input_file_ref idref="fl-f4"/>
      </object_component>
      <object_component id="oc-3d3">
         <name>.text:UART_initModule</name>
         <load_address>0xc3c8</load_address>
         <run_address>0xc3c8</run_address>
         <size>0x94</size>
         <input_file_ref idref="fl-36"/>
      </object_component>
      <object_component id="oc-2e7">
         <name>.text:SPI_initMaster</name>
         <load_address>0xc45c</load_address>
         <run_address>0xc45c</run_address>
         <size>0x88</size>
         <input_file_ref idref="fl-33"/>
      </object_component>
      <object_component id="oc-5e9">
         <name>.text:__aeabi_cdcmple</name>
         <load_address>0xc4e4</load_address>
         <run_address>0xc4e4</run_address>
         <size>0x86</size>
         <input_file_ref idref="fl-10e"/>
      </object_component>
      <object_component id="oc-76e">
         <name>.text:__aeabi_cdrcmple</name>
         <load_address>0xc56a</load_address>
         <run_address>0xc56a</run_address>
         <size>0x86</size>
         <input_file_ref idref="fl-10e"/>
      </object_component>
      <object_component id="oc-259">
         <name>.text</name>
         <load_address>0xc5f0</load_address>
         <run_address>0xc5f0</run_address>
         <size>0x84</size>
         <input_file_ref idref="fl-9"/>
      </object_component>
      <object_component id="oc-7d0">
         <name>.text</name>
         <load_address>0xc674</load_address>
         <run_address>0xc674</run_address>
         <size>0x80</size>
         <input_file_ref idref="fl-1e"/>
      </object_component>
      <object_component id="oc-414">
         <name>.text:PCM_gotoLPM3</name>
         <load_address>0xc6f4</load_address>
         <run_address>0xc6f4</run_address>
         <size>0x7c</size>
         <input_file_ref idref="fl-31"/>
      </object_component>
      <object_component id="oc-9b">
         <name>.text</name>
         <load_address>0xc770</load_address>
         <run_address>0xc770</run_address>
         <size>0x7a</size>
         <input_file_ref idref="fl-f5"/>
      </object_component>
      <object_component id="oc-72a">
         <name>.text:_CSGetHFXTFrequency</name>
         <load_address>0xc7ec</load_address>
         <run_address>0xc7ec</run_address>
         <size>0x70</size>
         <input_file_ref idref="fl-2c"/>
      </object_component>
      <object_component id="oc-78e">
         <name>.text:_mcpy</name>
         <load_address>0xc85c</load_address>
         <run_address>0xc85c</run_address>
         <size>0x6e</size>
         <input_file_ref idref="fl-104"/>
      </object_component>
      <object_component id="oc-331">
         <name>.text</name>
         <load_address>0xc8ca</load_address>
         <run_address>0xc8ca</run_address>
         <size>0x6e</size>
         <input_file_ref idref="fl-ef"/>
      </object_component>
      <object_component id="oc-53a">
         <name>.text</name>
         <load_address>0xc938</load_address>
         <run_address>0xc938</run_address>
         <size>0x6e</size>
         <input_file_ref idref="fl-f3"/>
      </object_component>
      <object_component id="oc-14">
         <name>.text:decompress:lzss:__TI_decompress_lzss</name>
         <load_address>0xc9a6</load_address>
         <run_address>0xc9a6</run_address>
         <size>0x68</size>
         <input_file_ref idref="fl-f8"/>
      </object_component>
      <object_component id="oc-11a">
         <name>.text:Interrupt_disableInterrupt</name>
         <load_address>0xca10</load_address>
         <run_address>0xca10</run_address>
         <size>0x64</size>
         <input_file_ref idref="fl-30"/>
      </object_component>
      <object_component id="oc-10e">
         <name>.text:Interrupt_enableInterrupt</name>
         <load_address>0xca74</load_address>
         <run_address>0xca74</run_address>
         <size>0x64</size>
         <input_file_ref idref="fl-30"/>
      </object_component>
      <object_component id="oc-7a3">
         <name>.text:frexp</name>
         <load_address>0xcad8</load_address>
         <run_address>0xcad8</run_address>
         <size>0x64</size>
         <input_file_ref idref="fl-10b"/>
      </object_component>
      <object_component id="oc-5f4">
         <name>.text:_pconv_f</name>
         <load_address>0xcb3c</load_address>
         <run_address>0xcb3c</run_address>
         <size>0x56</size>
         <input_file_ref idref="fl-104"/>
      </object_component>
      <object_component id="oc-778">
         <name>.text:ltoa</name>
         <load_address>0xcb92</load_address>
         <run_address>0xcb92</run_address>
         <size>0x54</size>
         <input_file_ref idref="fl-107"/>
      </object_component>
      <object_component id="oc-788">
         <name>.text:_ecpy</name>
         <load_address>0xcbe6</load_address>
         <run_address>0xcbe6</run_address>
         <size>0x52</size>
         <input_file_ref idref="fl-104"/>
      </object_component>
      <object_component id="oc-420">
         <name>.text:PCM_shutdownDevice</name>
         <load_address>0xcc38</load_address>
         <run_address>0xcc38</run_address>
         <size>0x50</size>
         <input_file_ref idref="fl-31"/>
      </object_component>
      <object_component id="oc-5ac">
         <name>.text:SysCtl_getTLVInfo</name>
         <load_address>0xcc88</load_address>
         <run_address>0xcc88</run_address>
         <size>0x50</size>
         <input_file_ref idref="fl-34"/>
      </object_component>
      <object_component id="oc-6a">
         <name>.text</name>
         <load_address>0xccd8</load_address>
         <run_address>0xccd8</run_address>
         <size>0x4c</size>
         <input_file_ref idref="fl-18"/>
      </object_component>
      <object_component id="oc-120">
         <name>.text:GPIO_setAsPeripheralModuleFunctionOutputPin</name>
         <load_address>0xcd24</load_address>
         <run_address>0xcd24</run_address>
         <size>0x4c</size>
         <input_file_ref idref="fl-2e"/>
      </object_component>
      <object_component id="oc-5a6">
         <name>.text:_CSGetDOCFrequency</name>
         <load_address>0xcd70</load_address>
         <run_address>0xcd70</run_address>
         <size>0x4c</size>
         <input_file_ref idref="fl-2c"/>
      </object_component>
      <object_component id="oc-5dd">
         <name>.text:atoi</name>
         <load_address>0xcdbc</load_address>
         <run_address>0xcdbc</run_address>
         <size>0x4c</size>
         <input_file_ref idref="fl-105"/>
      </object_component>
      <object_component id="oc-3df">
         <name>.text:snprintf</name>
         <load_address>0xce08</load_address>
         <run_address>0xce08</run_address>
         <size>0x4c</size>
         <input_file_ref idref="fl-fd"/>
      </object_component>
      <object_component id="oc-3cd">
         <name>.text:GPIO_setAsPeripheralModuleFunctionInputPin</name>
         <load_address>0xce54</load_address>
         <run_address>0xce54</run_address>
         <size>0x48</size>
         <input_file_ref idref="fl-2e"/>
      </object_component>
      <object_component id="oc-441">
         <name>.text:_CSGetDividerValue</name>
         <load_address>0xce9c</load_address>
         <run_address>0xce9c</run_address>
         <size>0x48</size>
         <input_file_ref idref="fl-2c"/>
      </object_component>
      <object_component id="oc-773">
         <name>.text</name>
         <load_address>0xcee4</load_address>
         <run_address>0xcee4</run_address>
         <size>0x48</size>
         <input_file_ref idref="fl-110"/>
      </object_component>
      <object_component id="oc-477">
         <name>.text</name>
         <load_address>0xcf2c</load_address>
         <run_address>0xcf2c</run_address>
         <size>0x44</size>
         <input_file_ref idref="fl-6"/>
      </object_component>
      <object_component id="oc-1f7">
         <name>.text:__TI_auto_init_nobinit_nopinit:__TI_auto_init_nobinit_nopinit</name>
         <load_address>0xcf70</load_address>
         <run_address>0xcf70</run_address>
         <size>0x44</size>
         <input_file_ref idref="fl-101"/>
      </object_component>
      <object_component id="oc-470">
         <name>.text:LCD_WriteData</name>
         <load_address>0xcfb4</load_address>
         <run_address>0xcfb4</run_address>
         <size>0x40</size>
         <input_file_ref idref="fl-b"/>
      </object_component>
      <object_component id="oc-357">
         <name>.text:sprintf</name>
         <load_address>0xcff4</load_address>
         <run_address>0xcff4</run_address>
         <size>0x40</size>
         <input_file_ref idref="fl-fe"/>
      </object_component>
      <object_component id="oc-162">
         <name>.text:I2C_initMaster</name>
         <load_address>0xd034</load_address>
         <run_address>0xd034</run_address>
         <size>0x3e</size>
         <input_file_ref idref="fl-2f"/>
      </object_component>
      <object_component id="oc-79b">
         <name>.text:_fcpy</name>
         <load_address>0xd072</load_address>
         <run_address>0xd072</run_address>
         <size>0x3e</size>
         <input_file_ref idref="fl-104"/>
      </object_component>
      <object_component id="oc-17a">
         <name>.text:I2C_masterSendMultiByteStart</name>
         <load_address>0xd0b0</load_address>
         <run_address>0xd0b0</run_address>
         <size>0x38</size>
         <input_file_ref idref="fl-2f"/>
      </object_component>
      <object_component id="oc-52">
         <name>.text:_c_int00_noargs:_c_int00_noargs</name>
         <load_address>0xd0e8</load_address>
         <run_address>0xd0e8</run_address>
         <size>0x38</size>
         <input_file_ref idref="fl-f9"/>
      </object_component>
      <object_component id="oc-327">
         <name>.text</name>
         <load_address>0xd120</load_address>
         <run_address>0xd120</run_address>
         <size>0x38</size>
         <input_file_ref idref="fl-f0"/>
      </object_component>
      <object_component id="oc-301">
         <name>.text:LCD_WriteIndex</name>
         <load_address>0xd158</load_address>
         <run_address>0xd158</run_address>
         <size>0x34</size>
         <input_file_ref idref="fl-b"/>
      </object_component>
      <object_component id="oc-343">
         <name>.text:GPIO_setAsInputPinWithPullUpResistor</name>
         <load_address>0xd18c</load_address>
         <run_address>0xd18c</run_address>
         <size>0x30</size>
         <input_file_ref idref="fl-2e"/>
      </object_component>
      <object_component id="oc-19e">
         <name>.text:I2C_masterSendMultiByteStop</name>
         <load_address>0xd1bc</load_address>
         <run_address>0xd1bc</run_address>
         <size>0x30</size>
         <input_file_ref idref="fl-2f"/>
      </object_component>
      <object_component id="oc-551">
         <name>.text:_outs</name>
         <load_address>0xd1ec</load_address>
         <run_address>0xd1ec</run_address>
         <size>0x30</size>
         <input_file_ref idref="fl-fd"/>
      </object_component>
      <object_component id="oc-45b">
         <name>.text:is_A_Module</name>
         <load_address>0xd21c</load_address>
         <run_address>0xd21c</run_address>
         <size>0x30</size>
         <input_file_ref idref="fl-33"/>
      </object_component>
      <object_component id="oc-77e">
         <name>.text</name>
         <load_address>0xd24c</load_address>
         <run_address>0xd24c</run_address>
         <size>0x2e</size>
         <input_file_ref idref="fl-111"/>
      </object_component>
      <object_component id="oc-59a">
         <name>.text:PCM_getCoreVoltageLevel</name>
         <load_address>0xd27a</load_address>
         <run_address>0xd27a</run_address>
         <size>0x2c</size>
         <input_file_ref idref="fl-31"/>
      </object_component>
      <object_component id="oc-d2">
         <name>.text</name>
         <load_address>0xd2a6</load_address>
         <run_address>0xd2a6</run_address>
         <size>0x2a</size>
         <input_file_ref idref="fl-7"/>
      </object_component>
      <object_component id="oc-57f">
         <name>.text:PCM_getPowerMode</name>
         <load_address>0xd2d0</load_address>
         <run_address>0xd2d0</run_address>
         <size>0x2a</size>
         <input_file_ref idref="fl-31"/>
      </object_component>
      <object_component id="oc-12c">
         <name>.text:FlashCtl_setWaitState</name>
         <load_address>0xd2fc</load_address>
         <run_address>0xd2fc</run_address>
         <size>0x28</size>
         <input_file_ref idref="fl-2d"/>
      </object_component>
      <object_component id="oc-432">
         <name>.text:PCM_gotoLPM0</name>
         <load_address>0xd324</load_address>
         <run_address>0xd324</run_address>
         <size>0x28</size>
         <input_file_ref idref="fl-31"/>
      </object_component>
      <object_component id="oc-3ba">
         <name>.text</name>
         <load_address>0xd34c</load_address>
         <run_address>0xd34c</run_address>
         <size>0x26</size>
         <input_file_ref idref="fl-11"/>
      </object_component>
      <object_component id="oc-44d">
         <name>.text:CS_clearInterruptFlag</name>
         <load_address>0xd374</load_address>
         <run_address>0xd374</run_address>
         <size>0x24</size>
         <input_file_ref idref="fl-2c"/>
      </object_component>
      <object_component id="oc-138">
         <name>.text:CS_setDCOCenteredFrequency</name>
         <load_address>0xd398</load_address>
         <run_address>0xd398</run_address>
         <size>0x24</size>
         <input_file_ref idref="fl-2c"/>
      </object_component>
      <object_component id="oc-1aa">
         <name>.text:I2C_masterSendMultiByteNext</name>
         <load_address>0xd3bc</load_address>
         <run_address>0xd3bc</run_address>
         <size>0x24</size>
         <input_file_ref idref="fl-2f"/>
      </object_component>
      <object_component id="oc-d8">
         <name>.text:Interrupt_setPriority</name>
         <load_address>0xd3e0</load_address>
         <run_address>0xd3e0</run_address>
         <size>0x24</size>
         <input_file_ref idref="fl-30"/>
      </object_component>
      <object_component id="oc-592">
         <name>.text:RTC_C_holdClock</name>
         <load_address>0xd404</load_address>
         <run_address>0xd404</run_address>
         <size>0x24</size>
         <input_file_ref idref="fl-32"/>
      </object_component>
      <object_component id="oc-320">
         <name>.text:SPISendRecvByte</name>
         <load_address>0xd428</load_address>
         <run_address>0xd428</run_address>
         <size>0x24</size>
         <input_file_ref idref="fl-b"/>
      </object_component>
      <object_component id="oc-3c7">
         <name>.text:UART_transmitData</name>
         <load_address>0xd44c</load_address>
         <run_address>0xd44c</run_address>
         <size>0x24</size>
         <input_file_ref idref="fl-36"/>
      </object_component>
      <object_component id="oc-2fa">
         <name>.text:LCD_SetCursor</name>
         <load_address>0xd470</load_address>
         <run_address>0xd470</run_address>
         <size>0x20</size>
         <input_file_ref idref="fl-b"/>
      </object_component>
      <object_component id="oc-30f">
         <name>.text:LCD_Write_Data_Only</name>
         <load_address>0xd490</load_address>
         <run_address>0xd490</run_address>
         <size>0x20</size>
         <input_file_ref idref="fl-b"/>
      </object_component>
      <object_component id="oc-47f">
         <name>.text:SPI_transmitData</name>
         <load_address>0xd4b0</load_address>
         <run_address>0xd4b0</run_address>
         <size>0x20</size>
         <input_file_ref idref="fl-33"/>
      </object_component>
      <object_component id="oc-2f3">
         <name>.text:LCD_WriteReg</name>
         <load_address>0xd4d0</load_address>
         <run_address>0xd4d0</run_address>
         <size>0x1c</size>
         <input_file_ref idref="fl-b"/>
      </object_component>
      <object_component id="oc-606">
         <name>.text:memccpy</name>
         <load_address>0xd4ec</load_address>
         <run_address>0xd4ec</run_address>
         <size>0x1c</size>
         <input_file_ref idref="fl-108"/>
      </object_component>
      <object_component id="oc-2ed">
         <name>.text:SPI_enableModule</name>
         <load_address>0xd508</load_address>
         <run_address>0xd508</run_address>
         <size>0x1a</size>
         <input_file_ref idref="fl-33"/>
      </object_component>
      <object_component id="oc-485">
         <name>.text:SPI_receiveData</name>
         <load_address>0xd522</load_address>
         <run_address>0xd522</run_address>
         <size>0x1a</size>
         <input_file_ref idref="fl-33"/>
      </object_component>
      <object_component id="oc-3a9">
         <name>.text:CS_getMCLK</name>
         <load_address>0xd53c</load_address>
         <run_address>0xd53c</run_address>
         <size>0x18</size>
         <input_file_ref idref="fl-2c"/>
      </object_component>
      <object_component id="oc-150">
         <name>.text:CS_getSMCLK</name>
         <load_address>0xd554</load_address>
         <run_address>0xd554</run_address>
         <size>0x18</size>
         <input_file_ref idref="fl-2c"/>
      </object_component>
      <object_component id="oc-349">
         <name>.text:GPIO_getInputPinValue</name>
         <load_address>0xd56c</load_address>
         <run_address>0xd56c</run_address>
         <size>0x18</size>
         <input_file_ref idref="fl-2e"/>
      </object_component>
      <object_component id="oc-24d">
         <name>.text:WDT_A_clearTimer</name>
         <load_address>0xd584</load_address>
         <run_address>0xd584</run_address>
         <size>0x18</size>
         <input_file_ref idref="fl-37"/>
      </object_component>
      <object_component id="oc-253">
         <name>.text:WDT_A_holdTimer</name>
         <load_address>0xd59c</load_address>
         <run_address>0xd59c</run_address>
         <size>0x18</size>
         <input_file_ref idref="fl-37"/>
      </object_component>
      <object_component id="oc-557">
         <name>.text:_outc</name>
         <load_address>0xd5b4</load_address>
         <run_address>0xd5b4</run_address>
         <size>0x18</size>
         <input_file_ref idref="fl-fd"/>
      </object_component>
      <object_component id="oc-4a0">
         <name>.text:_outs</name>
         <load_address>0xd5cc</load_address>
         <run_address>0xd5cc</run_address>
         <size>0x18</size>
         <input_file_ref idref="fl-fe"/>
      </object_component>
      <object_component id="oc-535">
         <name>.text</name>
         <load_address>0xd5e4</load_address>
         <run_address>0xd5e4</run_address>
         <size>0x18</size>
         <input_file_ref idref="fl-f1"/>
      </object_component>
      <object_component id="oc-7af">
         <name>.text:strchr</name>
         <load_address>0xd5fc</load_address>
         <run_address>0xd5fc</run_address>
         <size>0x16</size>
         <input_file_ref idref="fl-109"/>
      </object_component>
      <object_component id="oc-126">
         <name>.text:CS_setExternalClockSourceFrequency</name>
         <load_address>0xd614</load_address>
         <run_address>0xd614</run_address>
         <size>0x14</size>
         <input_file_ref idref="fl-2c"/>
      </object_component>
      <object_component id="oc-156">
         <name>.text:I2C_isBusBusy</name>
         <load_address>0xd628</load_address>
         <run_address>0xd628</run_address>
         <size>0x14</size>
         <input_file_ref idref="fl-2f"/>
      </object_component>
      <object_component id="oc-de">
         <name>.text:SysTick_enableInterrupt</name>
         <load_address>0xd63c</load_address>
         <run_address>0xd63c</run_address>
         <size>0x14</size>
         <input_file_ref idref="fl-35"/>
      </object_component>
      <object_component id="oc-c6">
         <name>.text:SysTick_enableModule</name>
         <load_address>0xd650</load_address>
         <run_address>0xd650</run_address>
         <size>0x14</size>
         <input_file_ref idref="fl-35"/>
      </object_component>
      <object_component id="oc-887">
         <name>.text:copysign</name>
         <load_address>0xd664</load_address>
         <run_address>0xd664</run_address>
         <size>0x14</size>
         <input_file_ref idref="fl-113"/>
      </object_component>
      <object_component id="oc-4da">
         <name>.text:strlen</name>
         <load_address>0xd678</load_address>
         <run_address>0xd678</run_address>
         <size>0x14</size>
         <input_file_ref idref="fl-ff"/>
      </object_component>
      <object_component id="oc-60c">
         <name>.text:wcslen</name>
         <load_address>0xd68c</load_address>
         <run_address>0xd68c</run_address>
         <size>0x12</size>
         <input_file_ref idref="fl-10a"/>
      </object_component>
      <object_component id="oc-18c">
         <name>.text:I2C_masterReceiveStart</name>
         <load_address>0xd69e</load_address>
         <run_address>0xd69e</run_address>
         <size>0x10</size>
         <input_file_ref idref="fl-2f"/>
      </object_component>
      <object_component id="oc-114">
         <name>.text:Interrupt_enableMaster</name>
         <load_address>0xd6ae</load_address>
         <run_address>0xd6ae</run_address>
         <size>0x10</size>
         <input_file_ref idref="fl-30"/>
      </object_component>
      <object_component id="oc-41a">
         <name>.text:PCM_gotoLPM4</name>
         <load_address>0xd6be</load_address>
         <run_address>0xd6be</run_address>
         <size>0x10</size>
         <input_file_ref idref="fl-31"/>
      </object_component>
      <object_component id="oc-724">
         <name>.text:SysCtl_disableNMISource</name>
         <load_address>0xd6d0</load_address>
         <run_address>0xd6d0</run_address>
         <size>0x10</size>
         <input_file_ref idref="fl-34"/>
      </object_component>
      <object_component id="oc-730">
         <name>.text:SysCtl_enableNMISource</name>
         <load_address>0xd6e0</load_address>
         <run_address>0xd6e0</run_address>
         <size>0x10</size>
         <input_file_ref idref="fl-34"/>
      </object_component>
      <object_component id="oc-ee">
         <name>.text</name>
         <load_address>0xd6f0</load_address>
         <run_address>0xd6f0</run_address>
         <size>0xe</size>
         <input_file_ref idref="fl-15"/>
      </object_component>
      <object_component id="oc-198">
         <name>.text:I2C_clearInterruptFlag</name>
         <load_address>0xd6fe</load_address>
         <run_address>0xd6fe</run_address>
         <size>0xe</size>
         <input_file_ref idref="fl-2f"/>
      </object_component>
      <object_component id="oc-180">
         <name>.text:I2C_disableInterrupt</name>
         <load_address>0xd70c</load_address>
         <run_address>0xd70c</run_address>
         <size>0xe</size>
         <input_file_ref idref="fl-2f"/>
      </object_component>
      <object_component id="oc-1a">
         <name>.text:decompress:none:__TI_decompress_none</name>
         <load_address>0xd71a</load_address>
         <run_address>0xd71a</run_address>
         <size>0xe</size>
         <input_file_ref idref="fl-f7"/>
      </object_component>
      <object_component id="oc-64">
         <name>.text</name>
         <load_address>0xd728</load_address>
         <run_address>0xd728</run_address>
         <size>0xe</size>
         <input_file_ref idref="fl-4"/>
      </object_component>
      <object_component id="oc-293">
         <name>.text:CPU_cpsie</name>
         <load_address>0xd736</load_address>
         <run_address>0xd736</run_address>
         <size>0xc</size>
         <input_file_ref idref="fl-38"/>
      </object_component>
      <object_component id="oc-469">
         <name>.text:EUSCI_A_SPI_enable</name>
         <load_address>0xd742</load_address>
         <run_address>0xd742</run_address>
         <size>0xc</size>
         <input_file_ref idref="fl-33"/>
      </object_component>
      <object_component id="oc-463">
         <name>.text:EUSCI_B_SPI_enable</name>
         <load_address>0xd74e</load_address>
         <run_address>0xd74e</run_address>
         <size>0xc</size>
         <input_file_ref idref="fl-33"/>
      </object_component>
      <object_component id="oc-15c">
         <name>.text:I2C_disableModule</name>
         <load_address>0xd75a</load_address>
         <run_address>0xd75a</run_address>
         <size>0xc</size>
         <input_file_ref idref="fl-2f"/>
      </object_component>
      <object_component id="oc-16e">
         <name>.text:I2C_enableModule</name>
         <load_address>0xd766</load_address>
         <run_address>0xd766</run_address>
         <size>0xc</size>
         <input_file_ref idref="fl-2f"/>
      </object_component>
      <object_component id="oc-40e">
         <name>.text:PCM_getPowerState</name>
         <load_address>0xd774</load_address>
         <run_address>0xd774</run_address>
         <size>0xc</size>
         <input_file_ref idref="fl-31"/>
      </object_component>
      <object_component id="oc-71e">
         <name>.text:SysCtl_getNMISourceStatus</name>
         <load_address>0xd780</load_address>
         <run_address>0xd780</run_address>
         <size>0xc</size>
         <input_file_ref idref="fl-34"/>
      </object_component>
      <object_component id="oc-cc">
         <name>.text:SysTick_setPeriod</name>
         <load_address>0xd78c</load_address>
         <run_address>0xd78c</run_address>
         <size>0xc</size>
         <input_file_ref idref="fl-35"/>
      </object_component>
      <object_component id="oc-3d9">
         <name>.text:UART_enableModule</name>
         <load_address>0xd798</load_address>
         <run_address>0xd798</run_address>
         <size>0xc</size>
         <input_file_ref idref="fl-36"/>
      </object_component>
      <object_component id="oc-46">
         <name>.text:decompress:ZI:__TI_zero_init</name>
         <load_address>0xd7a4</load_address>
         <run_address>0xd7a4</run_address>
         <size>0xc</size>
         <input_file_ref idref="fl-f6"/>
      </object_component>
      <object_component id="oc-308">
         <name>.text:LCD_Write_Data_Start</name>
         <load_address>0xd7b0</load_address>
         <run_address>0xd7b0</run_address>
         <size>0xa</size>
         <input_file_ref idref="fl-b"/>
      </object_component>
      <object_component id="oc-4a6">
         <name>.text:_outc</name>
         <load_address>0xd7ba</load_address>
         <run_address>0xd7ba</run_address>
         <size>0xa</size>
         <input_file_ref idref="fl-fe"/>
      </object_component>
      <object_component id="oc-174">
         <name>.text:I2C_enableInterrupt</name>
         <load_address>0xd7c4</load_address>
         <run_address>0xd7c4</run_address>
         <size>0x8</size>
         <input_file_ref idref="fl-2f"/>
      </object_component>
      <object_component id="oc-39d">
         <name>.text:PCM_setCoreVoltageLevel</name>
         <load_address>0xd7cc</load_address>
         <run_address>0xd7cc</run_address>
         <size>0x8</size>
         <input_file_ref idref="fl-31"/>
      </object_component>
      <object_component id="oc-585">
         <name>.text:PCM_setPowerMode</name>
         <load_address>0xd7d4</load_address>
         <run_address>0xd7d4</run_address>
         <size>0x8</size>
         <input_file_ref idref="fl-31"/>
      </object_component>
      <object_component id="oc-132">
         <name>.text:PCM_setPowerState</name>
         <load_address>0xd7dc</load_address>
         <run_address>0xd7dc</run_address>
         <size>0x8</size>
         <input_file_ref idref="fl-31"/>
      </object_component>
      <object_component id="oc-612">
         <name>.text:__aeabi_errno_addr</name>
         <load_address>0xd7e4</load_address>
         <run_address>0xd7e4</run_address>
         <size>0x8</size>
         <input_file_ref idref="fl-112"/>
      </object_component>
      <object_component id="oc-3a3">
         <name>.text:CS_startHFXT</name>
         <load_address>0xd7ec</load_address>
         <run_address>0xd7ec</run_address>
         <size>0x6</size>
         <input_file_ref idref="fl-2c"/>
      </object_component>
      <object_component id="oc-5d0">
         <name>.text:EUSCI_A_SPI_receiveData</name>
         <load_address>0xd7f2</load_address>
         <run_address>0xd7f2</run_address>
         <size>0x6</size>
         <input_file_ref idref="fl-33"/>
      </object_component>
      <object_component id="oc-5d6">
         <name>.text:EUSCI_B_SPI_receiveData</name>
         <load_address>0xd7f8</load_address>
         <run_address>0xd7f8</run_address>
         <size>0x6</size>
         <input_file_ref idref="fl-33"/>
      </object_component>
      <object_component id="oc-192">
         <name>.text:I2C_getEnabledInterruptStatus</name>
         <load_address>0xd7fe</load_address>
         <run_address>0xd7fe</run_address>
         <size>0x6</size>
         <input_file_ref idref="fl-2f"/>
      </object_component>
      <object_component id="oc-186">
         <name>.text:I2C_getInterruptStatus</name>
         <load_address>0xd804</load_address>
         <run_address>0xd804</run_address>
         <size>0x6</size>
         <input_file_ref idref="fl-2f"/>
      </object_component>
      <object_component id="oc-1a4">
         <name>.text:I2C_masterReceiveMultiByteNext</name>
         <load_address>0xd80a</load_address>
         <run_address>0xd80a</run_address>
         <size>0x6</size>
         <input_file_ref idref="fl-2f"/>
      </object_component>
      <object_component id="oc-541">
         <name>.text:SysCtlDelay</name>
         <load_address>0xd810</load_address>
         <run_address>0xd810</run_address>
         <size>0x6</size>
         <input_file_ref idref="fl-11"/>
      </object_component>
      <object_component id="oc-58b">
         <name>.text:CPU_wfi</name>
         <load_address>0xd816</load_address>
         <run_address>0xd816</run_address>
         <size>0x4</size>
         <input_file_ref idref="fl-38"/>
      </object_component>
      <object_component id="oc-5c9">
         <name>.text:EUSCI_A_SPI_transmitData</name>
         <load_address>0xd81a</load_address>
         <run_address>0xd81a</run_address>
         <size>0x4</size>
         <input_file_ref idref="fl-33"/>
      </object_component>
      <object_component id="oc-5c3">
         <name>.text:EUSCI_B_SPI_transmitData</name>
         <load_address>0xd81e</load_address>
         <run_address>0xd81e</run_address>
         <size>0x4</size>
         <input_file_ref idref="fl-33"/>
      </object_component>
      <object_component id="oc-168">
         <name>.text:I2C_setSlaveAddress</name>
         <load_address>0xd822</load_address>
         <run_address>0xd822</run_address>
         <size>0x4</size>
         <input_file_ref idref="fl-2f"/>
      </object_component>
      <object_component id="oc-a1">
         <name>.text:_system_pre_init</name>
         <load_address>0xd826</load_address>
         <run_address>0xd826</run_address>
         <size>0x4</size>
         <input_file_ref idref="fl-102"/>
      </object_component>
      <object_component id="oc-1eb">
         <name>.text:abort:abort</name>
         <load_address>0xd82a</load_address>
         <run_address>0xd82a</run_address>
         <size>0x4</size>
         <input_file_ref idref="fl-fa"/>
      </object_component>
      <object_component id="oc-5be">
         <name>.const:AsciiLib</name>
         <load_address>0xd830</load_address>
         <run_address>0xd830</run_address>
         <size>0x5f0</size>
         <input_file_ref idref="fl-6"/>
      </object_component>
      <object_component id="oc-762">
         <name>.const:.string:_ctypes_</name>
         <load_address>0xde20</load_address>
         <run_address>0xde20</run_address>
         <size>0x101</size>
         <input_file_ref idref="fl-106"/>
      </object_component>
      <object_component id="oc-695">
         <name>.const:$P$T0$1</name>
         <load_address>0xdf24</load_address>
         <run_address>0xdf24</run_address>
         <size>0xb0</size>
         <input_file_ref idref="fl-25"/>
      </object_component>
      <object_component id="oc-278">
         <name>.const:g_pulRegs</name>
         <load_address>0xdfd4</load_address>
         <run_address>0xdfd4</run_address>
         <size>0x50</size>
         <input_file_ref idref="fl-30"/>
      </object_component>
      <object_component id="oc-28f">
         <name>.const</name>
         <load_address>0xe024</load_address>
         <run_address>0xe024</run_address>
         <size>0x40</size>
         <input_file_ref idref="fl-30"/>
      </object_component>
      <object_component id="oc-7e2">
         <name>.const:_SlActionLookupTable</name>
         <load_address>0xe064</load_address>
         <run_address>0xe064</run_address>
         <size>0x38</size>
         <input_file_ref idref="fl-1d"/>
      </object_component>
      <object_component id="oc-4e0">
         <name>.const:$P$T0$1</name>
         <load_address>0xe09c</load_address>
         <run_address>0xe09c</run_address>
         <size>0x2c</size>
         <input_file_ref idref="fl-1b"/>
      </object_component>
      <object_component id="oc-3e5">
         <name>.const:backChannelUart115200Config</name>
         <load_address>0xe0c8</load_address>
         <run_address>0xe0c8</run_address>
         <size>0x24</size>
         <input_file_ref idref="fl-8"/>
      </object_component>
      <object_component id="oc-31d">
         <name>.const:SPI_LCD_Config</name>
         <load_address>0xe0ec</load_address>
         <run_address>0xe0ec</run_address>
         <size>0x1c</size>
         <input_file_ref idref="fl-b"/>
      </object_component>
      <object_component id="oc-4e3">
         <name>.const:$P$T1$2</name>
         <load_address>0xe108</load_address>
         <run_address>0xe108</run_address>
         <size>0x14</size>
         <input_file_ref idref="fl-1b"/>
      </object_component>
      <object_component id="oc-352">
         <name>.const:$P$T0$1</name>
         <load_address>0xe11c</load_address>
         <run_address>0xe11c</run_address>
         <size>0x12</size>
         <input_file_ref idref="fl-2"/>
      </object_component>
      <object_component id="oc-363">
         <name>.const:$P$T1$2</name>
         <load_address>0xe12e</load_address>
         <run_address>0xe12e</run_address>
         <size>0x12</size>
         <input_file_ref idref="fl-2"/>
      </object_component>
      <object_component id="oc-4e6">
         <name>.const:$P$T2$3</name>
         <load_address>0xe140</load_address>
         <run_address>0xe140</run_address>
         <size>0xc</size>
         <input_file_ref idref="fl-1b"/>
      </object_component>
      <object_component id="oc-7dc">
         <name>.const:g_H2NCnysPattern</name>
         <load_address>0xe14c</load_address>
         <run_address>0xe14c</run_address>
         <size>0x8</size>
         <input_file_ref idref="fl-1d"/>
      </object_component>
      <object_component id="oc-7d9">
         <name>.const:g_H2NSyncPattern</name>
         <load_address>0xe154</load_address>
         <run_address>0xe154</run_address>
         <size>0x8</size>
         <input_file_ref idref="fl-1d"/>
      </object_component>
      <object_component id="oc-3c3">
         <name>.const:.string:$P$T0$1</name>
         <load_address>0xe15c</load_address>
         <run_address>0xe15c</run_address>
         <size>0x5</size>
         <input_file_ref idref="fl-e"/>
      </object_component>
      <object_component id="oc-7df">
         <name>.const:$P$T0$1</name>
         <load_address>0xe162</load_address>
         <run_address>0xe162</run_address>
         <size>0x4</size>
         <input_file_ref idref="fl-1d"/>
      </object_component>
      <object_component id="oc-6eb">
         <name>.const:$P$T0$1</name>
         <load_address>0xe166</load_address>
         <run_address>0xe166</run_address>
         <size>0x4</size>
         <input_file_ref idref="fl-20"/>
      </object_component>
      <object_component id="oc-634">
         <name>.const:$P$T0$1</name>
         <load_address>0xe16a</load_address>
         <run_address>0xe16a</run_address>
         <size>0x4</size>
         <input_file_ref idref="fl-23"/>
      </object_component>
      <object_component id="oc-637">
         <name>.const:$P$T1$2</name>
         <load_address>0xe16e</load_address>
         <run_address>0xe16e</run_address>
         <size>0x4</size>
         <input_file_ref idref="fl-23"/>
      </object_component>
      <object_component id="oc-698">
         <name>.const:$P$T1$2</name>
         <load_address>0xe172</load_address>
         <run_address>0xe172</run_address>
         <size>0x4</size>
         <input_file_ref idref="fl-25"/>
      </object_component>
      <object_component id="oc-63d">
         <name>.const:$P$T2$3</name>
         <load_address>0xe176</load_address>
         <run_address>0xe176</run_address>
         <size>0x4</size>
         <input_file_ref idref="fl-23"/>
      </object_component>
      <object_component id="oc-6a1">
         <name>.const:$P$T2$3</name>
         <load_address>0xe17a</load_address>
         <run_address>0xe17a</run_address>
         <size>0x4</size>
         <input_file_ref idref="fl-25"/>
      </object_component>
      <object_component id="oc-6b6">
         <name>.const:$P$T3$4</name>
         <load_address>0xe17e</load_address>
         <run_address>0xe17e</run_address>
         <size>0x4</size>
         <input_file_ref idref="fl-25"/>
      </object_component>
      <object_component id="oc-649">
         <name>.const:_SlAcceptCmdCtrl</name>
         <load_address>0xe182</load_address>
         <run_address>0xe182</run_address>
         <size>0x4</size>
         <input_file_ref idref="fl-23"/>
      </object_component>
      <object_component id="oc-67f">
         <name>.const:_SlDeviceGetCmdCtrl</name>
         <load_address>0xe186</load_address>
         <run_address>0xe186</run_address>
         <size>0x4</size>
         <input_file_ref idref="fl-1c"/>
      </object_component>
      <object_component id="oc-682">
         <name>.const:_SlDeviceSetCmdCtrl</name>
         <load_address>0xe18a</load_address>
         <run_address>0xe18a</run_address>
         <size>0x4</size>
         <input_file_ref idref="fl-1c"/>
      </object_component>
      <object_component id="oc-67c">
         <name>.const:_SlEventMaskGetCmdCtrl</name>
         <load_address>0xe18e</load_address>
         <run_address>0xe18e</run_address>
         <size>0x4</size>
         <input_file_ref idref="fl-1c"/>
      </object_component>
      <object_component id="oc-679">
         <name>.const:_SlEventMaskSetCmdCtrl</name>
         <load_address>0xe192</load_address>
         <run_address>0xe192</run_address>
         <size>0x4</size>
         <input_file_ref idref="fl-1c"/>
      </object_component>
      <object_component id="oc-6e8">
         <name>.const:_SlGetHostByNameCtrl</name>
         <load_address>0xe196</load_address>
         <run_address>0xe196</run_address>
         <size>0x4</size>
         <input_file_ref idref="fl-20"/>
      </object_component>
      <object_component id="oc-6e5">
         <name>.const:_SlGetHostByServiceCtrl</name>
         <load_address>0xe19a</load_address>
         <run_address>0xe19a</run_address>
         <size>0x4</size>
         <input_file_ref idref="fl-20"/>
      </object_component>
      <object_component id="oc-6df">
         <name>.const:_SlGetServiceListeCtrl</name>
         <load_address>0xe19e</load_address>
         <run_address>0xe19e</run_address>
         <size>0x4</size>
         <input_file_ref idref="fl-20"/>
      </object_component>
      <object_component id="oc-652">
         <name>.const:_SlGetSockOptCmdCtrl</name>
         <load_address>0xe1a2</load_address>
         <run_address>0xe1a2</run_address>
         <size>0x4</size>
         <input_file_ref idref="fl-23"/>
      </object_component>
      <object_component id="oc-646">
         <name>.const:_SlListenCmdCtrl</name>
         <load_address>0xe1a6</load_address>
         <run_address>0xe1a6</run_address>
         <size>0x4</size>
         <input_file_ref idref="fl-23"/>
      </object_component>
      <object_component id="oc-6f4">
         <name>.const:_SlNetAppGetCmdCtrl</name>
         <load_address>0xe1aa</load_address>
         <run_address>0xe1aa</run_address>
         <size>0x4</size>
         <input_file_ref idref="fl-20"/>
      </object_component>
      <object_component id="oc-6f1">
         <name>.const:_SlNetAppSendTokenValueCmdCtrl</name>
         <load_address>0xe1ae</load_address>
         <run_address>0xe1ae</run_address>
         <size>0x4</size>
         <input_file_ref idref="fl-20"/>
      </object_component>
      <object_component id="oc-6ee">
         <name>.const:_SlNetAppSetCmdCtrl</name>
         <load_address>0xe1b2</load_address>
         <run_address>0xe1b2</run_address>
         <size>0x4</size>
         <input_file_ref idref="fl-20"/>
      </object_component>
      <object_component id="oc-6d9">
         <name>.const:_SlNetAppStartCtrl</name>
         <load_address>0xe1b6</load_address>
         <run_address>0xe1b6</run_address>
         <size>0x4</size>
         <input_file_ref idref="fl-20"/>
      </object_component>
      <object_component id="oc-6dc">
         <name>.const:_SlNetAppStopCtrl</name>
         <load_address>0xe1ba</load_address>
         <run_address>0xe1ba</run_address>
         <size>0x4</size>
         <input_file_ref idref="fl-20"/>
      </object_component>
      <object_component id="oc-6cf">
         <name>.const:_SlNetCfgGetCmdCtrl</name>
         <load_address>0xe1be</load_address>
         <run_address>0xe1be</run_address>
         <size>0x4</size>
         <input_file_ref idref="fl-21"/>
      </object_component>
      <object_component id="oc-6cc">
         <name>.const:_SlNetCfgSetCmdCtrl</name>
         <load_address>0xe1c2</load_address>
         <run_address>0xe1c2</run_address>
         <size>0x4</size>
         <input_file_ref idref="fl-21"/>
      </object_component>
      <object_component id="oc-69e">
         <name>.const:_SlPolicyGetCmdCtrl</name>
         <load_address>0xe1c6</load_address>
         <run_address>0xe1c6</run_address>
         <size>0x4</size>
         <input_file_ref idref="fl-25"/>
      </object_component>
      <object_component id="oc-69b">
         <name>.const:_SlPolicySetCmdCtrl</name>
         <load_address>0xe1ca</load_address>
         <run_address>0xe1ca</run_address>
         <size>0x4</size>
         <input_file_ref idref="fl-25"/>
      </object_component>
      <object_component id="oc-6a7">
         <name>.const:_SlProfileDelCmdCtrl</name>
         <load_address>0xe1ce</load_address>
         <run_address>0xe1ce</run_address>
         <size>0x4</size>
         <input_file_ref idref="fl-25"/>
      </object_component>
      <object_component id="oc-6a4">
         <name>.const:_SlProfileGetCmdCtrl</name>
         <load_address>0xe1d2</load_address>
         <run_address>0xe1d2</run_address>
         <size>0x4</size>
         <input_file_ref idref="fl-25"/>
      </object_component>
      <object_component id="oc-64c">
         <name>.const:_SlRecvCmdCtrl</name>
         <load_address>0xe1d6</load_address>
         <run_address>0xe1d6</run_address>
         <size>0x4</size>
         <input_file_ref idref="fl-23"/>
      </object_component>
      <object_component id="oc-63a">
         <name>.const:_SlRecvfomCmdCtrl</name>
         <load_address>0xe1da</load_address>
         <run_address>0xe1da</run_address>
         <size>0x4</size>
         <input_file_ref idref="fl-23"/>
      </object_component>
      <object_component id="oc-6e2">
         <name>.const:_SlRegisterServiceCtrl</name>
         <load_address>0xe1de</load_address>
         <run_address>0xe1de</run_address>
         <size>0x4</size>
         <input_file_ref idref="fl-20"/>
      </object_component>
      <object_component id="oc-6ad">
         <name>.const:_SlRxFilterAddtCmdCtrl</name>
         <load_address>0xe1e2</load_address>
         <run_address>0xe1e2</run_address>
         <size>0x4</size>
         <input_file_ref idref="fl-25"/>
      </object_component>
      <object_component id="oc-6b3">
         <name>.const:_SlRxFilterGetCmdCtrl</name>
         <load_address>0xe1e6</load_address>
         <run_address>0xe1e6</run_address>
         <size>0x4</size>
         <input_file_ref idref="fl-25"/>
      </object_component>
      <object_component id="oc-6b0">
         <name>.const:_SlRxFilterSetCmdCtrl</name>
         <load_address>0xe1ea</load_address>
         <run_address>0xe1ea</run_address>
         <size>0x4</size>
         <input_file_ref idref="fl-25"/>
      </object_component>
      <object_component id="oc-655">
         <name>.const:_SlSelectCmdCtrl</name>
         <load_address>0xe1ee</load_address>
         <run_address>0xe1ee</run_address>
         <size>0x4</size>
         <input_file_ref idref="fl-23"/>
      </object_component>
      <object_component id="oc-643">
         <name>.const:_SlSendCmdCtrl</name>
         <load_address>0xe1f2</load_address>
         <run_address>0xe1f2</run_address>
         <size>0x4</size>
         <input_file_ref idref="fl-23"/>
      </object_component>
      <object_component id="oc-64f">
         <name>.const:_SlSetSockOptCmdCtrl</name>
         <load_address>0xe1f6</load_address>
         <run_address>0xe1f6</run_address>
         <size>0x4</size>
         <input_file_ref idref="fl-23"/>
      </object_component>
      <object_component id="oc-6b9">
         <name>.const:_SlSmartConfigStartCmdCtrl</name>
         <load_address>0xe1fa</load_address>
         <run_address>0xe1fa</run_address>
         <size>0x4</size>
         <input_file_ref idref="fl-25"/>
      </object_component>
      <object_component id="oc-631">
         <name>.const:_SlSockCloseCmdCtrl</name>
         <load_address>0xe1fe</load_address>
         <run_address>0xe1fe</run_address>
         <size>0x4</size>
         <input_file_ref idref="fl-23"/>
      </object_component>
      <object_component id="oc-62e">
         <name>.const:_SlSockSocketCmdCtrl</name>
         <load_address>0xe202</load_address>
         <run_address>0xe202</run_address>
         <size>0x4</size>
         <input_file_ref idref="fl-23"/>
      </object_component>
      <object_component id="oc-676">
         <name>.const:_SlStopCmdCtrl</name>
         <load_address>0xe206</load_address>
         <run_address>0xe206</run_address>
         <size>0x4</size>
         <input_file_ref idref="fl-1c"/>
      </object_component>
      <object_component id="oc-6c2">
         <name>.const:_SlWlanCfgGetCmdCtrl</name>
         <load_address>0xe20a</load_address>
         <run_address>0xe20a</run_address>
         <size>0x4</size>
         <input_file_ref idref="fl-25"/>
      </object_component>
      <object_component id="oc-6bf">
         <name>.const:_SlWlanCfgSetCmdCtrl</name>
         <load_address>0xe20e</load_address>
         <run_address>0xe20e</run_address>
         <size>0x4</size>
         <input_file_ref idref="fl-25"/>
      </object_component>
      <object_component id="oc-6aa">
         <name>.const:_SlWlanGetNetworkListCtrl</name>
         <load_address>0xe212</load_address>
         <run_address>0xe212</run_address>
         <size>0x4</size>
         <input_file_ref idref="fl-25"/>
      </object_component>
      <object_component id="oc-6bc">
         <name>.const:_SlWlanSetModeCmdCtrl</name>
         <load_address>0xe216</load_address>
         <run_address>0xe216</run_address>
         <size>0x4</size>
         <input_file_ref idref="fl-25"/>
      </object_component>
      <object_component id="oc-8ef">
         <name>.cinit..data.load</name>
         <load_address>0xe220</load_address>
         <run_address>0xe220</run_address>
         <size>0x4f</size>
      </object_component>
      <object_component id="oc-8ed">
         <name>__TI_handler_table</name>
         <load_address>0xe270</load_address>
         <run_address>0xe270</run_address>
         <size>0xc</size>
      </object_component>
      <object_component id="oc-8f0">
         <name>.cinit..bss.load</name>
         <load_address>0xe280</load_address>
[...]
      </symbol>
      <symbol id="sm-1136">
         <name>PCM_getPowerMode</name>
         <value>0xd2d1</value>
         <object_component_ref idref="oc-57f"/>
      </symbol>
      <symbol id="sm-1137">
         <name>PCM_getPowerState</name>
         <value>0xd775</value>
         <object_component_ref idref="oc-40e"/>
      </symbol>
      <symbol id="sm-1138">
         <name>PCM_gotoLPM4</name>
         <value>0xd6bf</value>
         <object_component_ref idref="oc-41a"/>
      </symbol>
      <symbol id="sm-1139">
         <name>PCM_gotoLPM3</name>
         <value>0xc6f5</value>
         <object_component_ref idref="oc-414"/>
      </symbol>
      <symbol id="sm-113a">
         <name>PCM_gotoLPM0</name>
         <value>0xd325</value>
         <object_component_ref idref="oc-432"/>
      </symbol>
      <symbol id="sm-113b">
         <name>PCM_setPowerMode</name>
         <value>0xd7d5</value>
         <object_component_ref idref="oc-585"/>
      </symbol>
      <symbol id="sm-1148">
         <name>RTC_C_holdClock</name>
         <value>0xd405</value>
         <object_component_ref idref="oc-592"/>
      </symbol>
      <symbol id="sm-11b6">
         <name>EUSCI_B_SPI_receiveData</name>
         <value>0xd7f9</value>
         <object_component_ref idref="oc-5d6"/>
      </symbol>
      <symbol id="sm-11b7">
         <name>EUSCI_B_SPI_enable</name>
         <value>0xd74f</value>
         <object_component_ref idref="oc-463"/>
      </symbol>
      <symbol id="sm-11b8">
         <name>SPI_enableModule</name>
         <value>0xd509</value>
         <object_component_ref idref="oc-2ed"/>
      </symbol>
      <symbol id="sm-11b9">
         <name>EUSCI_A_SPI_receiveData</name>
         <value>0xd7f3</value>
         <object_component_ref idref="oc-5d0"/>
      </symbol>
      <symbol id="sm-11ba">
         <name>EUSCI_A_SPI_transmitData</name>
         <value>0xd81b</value>
         <object_component_ref idref="oc-5c9"/>
      </symbol>
      <symbol id="sm-11bb">
         <name>EUSCI_B_SPI_transmitData</name>
         <value>0xd81f</value>
         <object_component_ref idref="oc-5c3"/>
      </symbol>
      <symbol id="sm-11bc">
         <name>SPI_transmitData</name>
         <value>0xd4b1</value>
         <object_component_ref idref="oc-47f"/>
      </symbol>
      <symbol id="sm-11bd">
         <name>EUSCI_A_SPI_enable</name>
         <value>0xd743</value>
         <object_component_ref idref="oc-469"/>
      </symbol>
      <symbol id="sm-11be">
         <name>SPI_receiveData</name>
         <value>0xd523</value>
         <object_component_ref idref="oc-485"/>
      </symbol>
      <symbol id="sm-11bf">
         <name>SPI_initMaster</name>
         <value>0xc45d</value>
         <object_component_ref idref="oc-2e7"/>
      </symbol>
      <symbol id="sm-11f2">
         <name>SysCtl_getNMISourceStatus</name>
         <value>0xd781</value>
         <object_component_ref idref="oc-71e"/>
      </symbol>
      <symbol id="sm-11f3">
         <name>SysCtl_enableNMISource</name>
         <value>0xd6e1</value>
         <object_component_ref idref="oc-730"/>
      </symbol>
      <symbol id="sm-11f4">
         <name>SysCtl_disableNMISource</name>
         <value>0xd6d1</value>
         <object_component_ref idref="oc-724"/>
      </symbol>
      <symbol id="sm-11f5">
         <name>SysCtl_getTLVInfo</name>
         <value>0xcc89</value>
         <object_component_ref idref="oc-5ac"/>
      </symbol>
      <symbol id="sm-1218">
         <name>SysTick_setPeriod</name>
         <value>0xd78d</value>
         <object_component_ref idref="oc-cc"/>
      </symbol>
      <symbol id="sm-1219">
         <name>SysTick_enableInterrupt</name>
         <value>0xd63d</value>
         <object_component_ref idref="oc-de"/>
      </symbol>
      <symbol id="sm-121a">
         <name>SysTick_enableModule</name>
         <value>0xd651</value>
         <object_component_ref idref="oc-c6"/>
      </symbol>
      <symbol id="sm-1249">
         <name>UART_enableModule</name>
         <value>0xd799</value>
         <object_component_ref idref="oc-3d9"/>
      </symbol>
      <symbol id="sm-124a">
         <name>UART_transmitData</name>
         <value>0xd44d</value>
         <object_component_ref idref="oc-3c7"/>
      </symbol>
      <symbol id="sm-124b">
         <name>UART_initModule</name>
         <value>0xc3c9</value>
         <object_component_ref idref="oc-3d3"/>
      </symbol>
      <symbol id="sm-1261">
         <name>WDT_A_clearTimer</name>
         <value>0xd585</value>
         <object_component_ref idref="oc-24d"/>
      </symbol>
      <symbol id="sm-1262">
         <name>WDT_A_holdTimer</name>
         <value>0xd59d</value>
         <object_component_ref idref="oc-253"/>
      </symbol>
      <symbol id="sm-1274">
         <name>CPU_wfi</name>
         <value>0xd817</value>
         <object_component_ref idref="oc-58b"/>
      </symbol>
      <symbol id="sm-1275">
         <name>CPU_cpsie</name>
         <value>0xd737</value>
         <object_component_ref idref="oc-293"/>
      </symbol>
      <symbol id="sm-1280">
         <name>__aeabi_dmul</name>
         <value>0xbb49</value>
         <object_component_ref idref="oc-32c"/>
      </symbol>
      <symbol id="sm-128c">
         <name>__aeabi_d2f</name>
         <value>0xc8cb</value>
         <object_component_ref idref="oc-331"/>
      </symbol>
      <symbol id="sm-1297">
         <name>__aeabi_f2d</name>
         <value>0xd121</value>
         <object_component_ref idref="oc-327"/>
      </symbol>
      <symbol id="sm-12a0">
         <name>__aeabi_lmul</name>
         <value>0xd5e5</value>
         <object_component_ref idref="oc-535"/>
      </symbol>
      <symbol id="sm-12bb">
         <name>memcpy</name>
         <value>0xc295</value>
         <object_component_ref idref="oc-34"/>
      </symbol>
      <symbol id="sm-12bc">
         <name>__aeabi_memcpy</name>
         <value>0xc295</value>
         <object_component_ref idref="oc-34"/>
      </symbol>
      <symbol id="sm-12bd">
         <name>__aeabi_memcpy8</name>
         <value>0xc295</value>
         <object_component_ref idref="oc-34"/>
      </symbol>
      <symbol id="sm-12be">
         <name>__aeabi_memcpy4</name>
         <value>0xc295</value>
         <object_component_ref idref="oc-34"/>
      </symbol>
      <symbol id="sm-12cc">
         <name>__aeabi_ldivmod</name>
         <value>0xc939</value>
         <object_component_ref idref="oc-53a"/>
      </symbol>
      <symbol id="sm-12d9">
         <name>__aeabi_uldivmod</name>
         <value>0xc331</value>
         <object_component_ref idref="oc-73f"/>
      </symbol>
      <symbol id="sm-12e8">
         <name>__aeabi_memset</name>
         <value>0xc773</value>
         <object_component_ref idref="oc-9b"/>
      </symbol>
      <symbol id="sm-12e9">
         <name>memset</name>
         <value>0xc779</value>
         <object_component_ref idref="oc-9b"/>
      </symbol>
      <symbol id="sm-12ea">
         <name>__aeabi_memset8</name>
         <value>0xc773</value>
         <object_component_ref idref="oc-9b"/>
      </symbol>
      <symbol id="sm-12eb">
         <name>__aeabi_memset4</name>
         <value>0xc773</value>
         <object_component_ref idref="oc-9b"/>
      </symbol>
      <symbol id="sm-12ec">
         <name>__aeabi_memclr8</name>
         <value>0xc771</value>
         <object_component_ref idref="oc-9b"/>
      </symbol>
      <symbol id="sm-12ed">
         <name>__aeabi_memclr4</name>
         <value>0xc771</value>
         <object_component_ref idref="oc-9b"/>
      </symbol>
      <symbol id="sm-12ee">
         <name>__aeabi_memclr</name>
         <value>0xc771</value>
         <object_component_ref idref="oc-9b"/>
      </symbol>
      <symbol id="sm-1300">
         <name>__TI_zero_init</name>
         <value>0xd7a5</value>
         <object_component_ref idref="oc-46"/>
      </symbol>
      <symbol id="sm-1317">
         <name>__TI_decompress_none</name>
         <value>0xd71b</value>
         <object_component_ref idref="oc-1a"/>
      </symbol>
      <symbol id="sm-133a">
         <name>__TI_decompress_lzss</name>
         <value>0xc9a7</value>
         <object_component_ref idref="oc-14"/>
      </symbol>
      <symbol id="sm-134d">
         <name>__stack</name>
         <value>0x2000fe00</value>
         <object_component_ref idref="oc-26"/>
      </symbol>
      <symbol id="sm-134e">
         <name>_c_int00_noargs</name>
         <value>0xd0e9</value>
         <object_component_ref idref="oc-52"/>
      </symbol>
      <symbol id="sm-1359">
         <name>C$$EXIT</name>
         <value>0xd82b</value>
         <object_component_ref idref="oc-1eb"/>
      </symbol>
      <symbol id="sm-135a">
         <name>abort</name>
         <value>0xd82b</value>
         <object_component_ref idref="oc-1eb"/>
      </symbol>
      <symbol id="sm-138b">
         <name>snprintf</name>
         <value>0xce09</value>
         <object_component_ref idref="oc-3df"/>
      </symbol>
      <symbol id="sm-13ad">
         <name>sprintf</name>
         <value>0xcff5</value>
         <object_component_ref idref="oc-357"/>
      </symbol>
      <symbol id="sm-13bb">
         <name>strlen</name>
         <value>0xd679</value>
         <object_component_ref idref="oc-4da"/>
      </symbol>
      <symbol id="sm-13c5">
         <name>__aeabi_idiv0</name>
         <value>0x7b5f</value>
         <object_component_ref idref="oc-73a"/>
      </symbol>
      <symbol id="sm-13c6">
         <name>__aeabi_ldiv0</name>
         <value>0x7b5f</value>
         <object_component_ref idref="oc-73a"/>
      </symbol>
      <symbol id="sm-13ee">
         <name>__TI_auto_init_nobinit_nopinit</name>
         <value>0xcf71</value>
         <object_component_ref idref="oc-1f7"/>
      </symbol>
      <symbol id="sm-13f8">
         <name>_system_pre_init</name>
         <value>0xd827</value>
         <object_component_ref idref="oc-a1"/>
      </symbol>
      <symbol id="sm-155e">
         <name>__TI_printfi</name>
         <value>0x7101</value>
         <object_component_ref idref="oc-49a"/>
      </symbol>
      <symbol id="sm-1574">
         <name>atoi</name>
         <value>0xcdbd</value>
         <object_component_ref idref="oc-5dd"/>
      </symbol>
      <symbol id="sm-157f">
         <name>_ctypes_</name>
         <value>0xde20</value>
         <object_component_ref idref="oc-762"/>
      </symbol>
      <symbol id="sm-158e">
         <name>ltoa</name>
         <value>0xcb93</value>
         <object_component_ref idref="oc-778"/>
      </symbol>
      <symbol id="sm-159e">
         <name>memccpy</name>
         <value>0xd4ed</value>
         <object_component_ref idref="oc-606"/>
      </symbol>
      <symbol id="sm-15ae">
         <name>strchr</name>
         <value>0xd5fd</value>
         <object_component_ref idref="oc-7af"/>
      </symbol>
      <symbol id="sm-15c7">
         <name>wcslen</name>
         <value>0xd68d</value>
         <object_component_ref idref="oc-60c"/>
      </symbol>
      <symbol id="sm-15e7">
         <name>frexpl</name>
         <value>0xcad9</value>
         <object_component_ref idref="oc-7a3"/>
      </symbol>
      <symbol id="sm-15e8">
         <name>frexp</name>
         <value>0xcad9</value>
         <object_component_ref idref="oc-7a3"/>
      </symbol>
      <symbol id="sm-1605">
         <name>scalbn</name>
         <value>0xb935</value>
         <object_component_ref idref="oc-7a9"/>
      </symbol>
      <symbol id="sm-1606">
         <name>scalbnl</name>
         <value>0xb935</value>
         <object_component_ref idref="oc-7a9"/>
      </symbol>
      <symbol id="sm-1607">
         <name>ldexpl</name>
         <value>0xb935</value>
         <object_component_ref idref="oc-7a9"/>
      </symbol>
      <symbol id="sm-1608">
         <name>ldexp</name>
         <value>0xb935</value>
         <object_component_ref idref="oc-7a9"/>
      </symbol>
      <symbol id="sm-161f">
         <name>__aeabi_dsub</name>
         <value>0xae8d</value>
         <object_component_ref idref="oc-783"/>
      </symbol>
      <symbol id="sm-1620">
         <name>__aeabi_dadd</name>
         <value>0xae97</value>
         <object_component_ref idref="oc-783"/>
      </symbol>
      <symbol id="sm-1642">
         <name>__aeabi_cdcmpeq</name>
         <value>0xc4e5</value>
         <object_component_ref idref="oc-5e9"/>
      </symbol>
      <symbol id="sm-1643">
         <name>__aeabi_cdcmple</name>
         <value>0xc4e5</value>
         <object_component_ref idref="oc-5e9"/>
      </symbol>
      <symbol id="sm-1644">
         <name>__aeabi_cdrcmple</name>
         <value>0xc56b</value>
         <object_component_ref idref="oc-76e"/>
      </symbol>
      <symbol id="sm-1658">
         <name>__aeabi_ddiv</name>
         <value>0xb499</value>
         <object_component_ref idref="oc-769"/>
      </symbol>
      <symbol id="sm-1662">
         <name>__aeabi_d2iz</name>
         <value>0xcee5</value>
         <object_component_ref idref="oc-773"/>
      </symbol>
      <symbol id="sm-166c">
         <name>__aeabi_i2d</name>
         <value>0xd24d</value>
         <object_component_ref idref="oc-77e"/>
      </symbol>
      <symbol id="sm-1682">
         <name>__aeabi_errno_addr</name>
         <value>0xd7e5</value>
         <object_component_ref idref="oc-612"/>
      </symbol>
      <symbol id="sm-1683">
         <name>errno</name>
         <value>0x20008a04</value>
         <object_component_ref idref="oc-7bf"/>
      </symbol>
      <symbol id="sm-168d">
         <name>copysign</name>
         <value>0xd665</value>
         <object_component_ref idref="oc-887"/>
      </symbol>
      <symbol id="sm-168e">
         <name>copysignl</name>
         <value>0xd665</value>
         <object_component_ref idref="oc-887"/>
      </symbol>
      <symbol id="sm-168f">
         <name>__TI_static_base__</name>
         <value>0x0</value>
      </symbol>
      <symbol id="sm-1692">
         <name>__mpu_init</name>
         <value>0x0</value>
      </symbol>
      <symbol id="sm-1693">
         <name>_system_post_cinit</name>
         <value>0x0</value>
      </symbol>
      <symbol id="sm-1694">
         <name>NMI_Handler</name>
         <value>0xd735</value>
      </symbol>
      <symbol id="sm-1695">
         <name>HardFault_Handler</name>
         <value>0xd735</value>
      </symbol>
      <symbol id="sm-1696">
         <name>MemManage_Handler</name>
         <value>0xd735</value>
      </symbol>
      <symbol id="sm-1697">
         <name>BusFault_Handler</name>
         <value>0xd735</value>
      </symbol>
      <symbol id="sm-1698">
         <name>UsageFault_Handler</name>
         <value>0xd735</value>
      </symbol>
      <symbol id="sm-1699">
         <name>SVC_Handler</name>
         <value>0xd735</value>
      </symbol>
      <symbol id="sm-169a">
         <name>DebugMon_Handler</name>
         <value>0xd735</value>
      </symbol>
      <symbol id="sm-169b">
         <name>PendSV_Handler</name>
         <value>0xccfd</value>
      </symbol>
      <symbol id="sm-169c">
         <name>SysTick_Handler</name>
         <value>0x7c7f</value>
      </symbol>
      <symbol id="sm-169d">
         <name>PSS_IRQHandler</name>
         <value>0xd735</value>
      </symbol>
      <symbol id="sm-169e">
         <name>CS_IRQHandler</name>
         <value>0xd735</value>
      </symbol>
      <symbol id="sm-169f">
         <name>PCM_IRQHandler</name>
         <value>0xd735</value>
      </symbol>
      <symbol id="sm-16a0">
         <name>WDT_A_IRQHandler</name>
         <value>0xd735</value>
      </symbol>
      <symbol id="sm-16a1">
         <name>FPU_IRQHandler</name>
         <value>0xd735</value>
      </symbol>
      <symbol id="sm-16a2">
         <name>FLCTL_IRQHandler</name>
         <value>0xd735</value>
      </symbol>
      <symbol id="sm-16a3">
         <name>COMP_E0_IRQHandler</name>
         <value>0xd735</value>
      </symbol>
      <symbol id="sm-16a4">
         <name>COMP_E1_IRQHandler</name>
         <value>0xd735</value>
      </symbol>
      <symbol id="sm-16a5">
         <name>TA0_0_IRQHandler</name>
         <value>0xd735</value>
      </symbol>
      <symbol id="sm-16a6">
         <name>TA0_N_IRQHandler</name>
         <value>0xd735</value>
      </symbol>
      <symbol id="sm-16a7">
         <name>TA1_0_IRQHandler</name>
         <value>0xd735</value>
      </symbol>
      <symbol id="sm-16a8">
         <name>TA1_N_IRQHandler</name>
         <value>0xd735</value>
      </symbol>
      <symbol id="sm-16a9">
         <name>TA2_0_IRQHandler</name>
         <value>0xd735</value>
      </symbol>
      <symbol id="sm-16aa">
         <name>TA2_N_IRQHandler</name>
         <value>0xd735</value>
      </symbol>
      <symbol id="sm-16ab">
         <name>TA3_0_IRQHandler</name>
         <value>0xd735</value>
      </symbol>
      <symbol id="sm-16ac">
         <name>TA3_N_IRQHandler</name>
         <value>0xd735</value>
      </symbol>
      <symbol id="sm-16ad">
         <name>EUSCIA0_IRQHandler</name>
         <value>0x9be9</value>
      </symbol>
      <symbol id="sm-16ae">
         <name>EUSCIA1_IRQHandler</name>
         <value>0xd735</value>
      </symbol>
      <symbol id="sm-16af">
         <name>EUSCIA2_IRQHandler</name>
         <value>0xd735</value>
      </symbol>
      <symbol id="sm-16b0">
         <name>EUSCIA3_IRQHandler</name>
         <value>0xd735</value>
      </symbol>
      <symbol id="sm-16b1">
         <name>EUSCIB0_IRQHandler</name>
         <value>0xd735</value>
      </symbol>
      <symbol id="sm-16b2">
         <name>EUSCIB1_IRQHandler</name>
         <value>0x9821</value>
      </symbol>
      <symbol id="sm-16b3">
         <name>EUSCIB2_IRQHandler</name>
         <value>0xd735</value>
      </symbol>
      <symbol id="sm-16b4">
         <name>EUSCIB3_IRQHandler</name>
         <value>0xd735</value>
      </symbol>
      <symbol id="sm-16b5">
         <name>ADC14_IRQHandler</name>
         <value>0xd735</value>
      </symbol>
      <symbol id="sm-16b6">
         <name>T32_INT1_IRQHandler</name>
         <value>0xd735</value>
      </symbol>
      <symbol id="sm-16b7">
         <name>T32_INT2_IRQHandler</name>
         <value>0xd735</value>
      </symbol>
      <symbol id="sm-16b8">
         <name>T32_INTC_IRQHandler</name>
         <value>0xd735</value>
      </symbol>
      <symbol id="sm-16b9">
         <name>AES256_IRQHandler</name>
         <value>0xd735</value>
      </symbol>
      <symbol id="sm-16ba">
         <name>RTC_C_IRQHandler</name>
         <value>0xd735</value>
      </symbol>
      <symbol id="sm-16bb">
         <name>DMA_ERR_IRQHandler</name>
         <value>0xd735</value>
      </symbol>
      <symbol id="sm-16bc">
         <name>DMA_INT3_IRQHandler</name>
         <value>0xd735</value>
      </symbol>
      <symbol id="sm-16bd">
         <name>DMA_INT2_IRQHandler</name>
         <value>0xd735</value>
      </symbol>
      <symbol id="sm-16be">
         <name>DMA_INT1_IRQHandler</name>
         <value>0xd735</value>
      </symbol>
      <symbol id="sm-16bf">
         <name>DMA_INT0_IRQHandler</name>
         <value>0xd735</value>
      </symbol>
      <symbol id="sm-16c0">
         <name>PORT1_IRQHandler</name>
         <value>0x9b99</value>
      </symbol>
      <symbol id="sm-16c1">
         <name>PORT2_IRQHandler</name>
         <value>0x9bc3</value>
      </symbol>
      <symbol id="sm-16c2">
         <name>PORT3_IRQHandler</name>
         <value>0xd735</value>
      </symbol>
      <symbol id="sm-16c3">
         <name>PORT4_IRQHandler</name>
         <value>0xd735</value>
      </symbol>
      <symbol id="sm-16c4">
         <name>PORT5_IRQHandler</name>
         <value>0xd735</value>
      </symbol>
      <symbol id="sm-16c5">
         <name>PORT6_IRQHandler</name>
         <value>0xd735</value>
      </symbol>
   </symbol_table>
   <title>Link successful</title>
</link_info>
